server/billing-service.ts(3,15): error TS2305: Module '"../shared/schema"' has no exported member 'InstallmentInfo'.
server/billing-service.ts(3,32): error TS2305: Module '"../shared/schema"' has no exported member 'RecurringTransaction'.
server/billing-service.ts(3,54): error TS2305: Module '"../shared/schema"' has no exported member 'MonthlyProjection'.
server/billing-service.ts(3,73): error TS2305: Module '"../shared/schema"' has no exported member 'InstallmentProjection'.
server/formularios/routes.ts(450,54): error TS2345: Argument of type '{ tenantId: any; id: string; createdAt: Date; updatedAt: Date; formId: string; answers: unknown; totalScore: number; passed: boolean; participantId: string; contactName: string; contactEmail: string; ... 16 more ...; followUpEncerrado: boolean; }' is not assignable to parameter of type '{ id: string; formId: string; tenantId?: string; contactPhone?: string; contactName?: string; contactEmail?: string; contactCpf?: string; instagramHandle?: string; birthDate?: string; addressCep?: string; ... 13 more ...; formularioIniciado?: boolean; }'.
  Types of property 'dataAgendamento' are incompatible.
    Type 'Date' is not assignable to type 'string'.
server/formularios/routes.ts(512,65): error TS2345: Argument of type '{ supabaseUrl: string; supabaseKey: string; }' is not assignable to parameter of type 'string'.
server/formularios/routes.ts(541,9): error TS2345: Argument of type '{ title: any; description: any; passingScore: any; }' is not assignable to parameter of type 'string'.
server/formularios/routes.ts(564,9): error TS2345: Argument of type '{ supabaseUrl: string; supabaseKey: string; }' is not assignable to parameter of type 'string'.
server/formularios/routes.ts(664,9): error TS2322: Type 'any' is not assignable to type 'never'.
server/formularios/routes.ts(665,9): error TS2322: Type 'any' is not assignable to type 'never'.
server/formularios/routes.ts(689,43): error TS2769: No overload matches this call.
  Overload 1 of 2, '(value: { tenantId: string | SQL<unknown> | Placeholder<string, any>; supabaseUrl: string | SQL<unknown> | Placeholder<string, any>; supabaseAnonKey: string | SQL<...> | Placeholder<...>; id?: number | ... 1 more ... | Placeholder<...>; createdAt?: SQL<...> | ... 1 more ... | Placeholder<...>; updatedAt?: SQL<...> | ... 1 more ... | Placeholder<...>; supabaseBucket?: string | ... 1 more ... | Placeholder<...>; }): PgInsertBase<...>', gave the following error.
    Argument of type '{ supabaseUrl: string; supabaseAnonKey: string; supabaseBucket: string; }' is not assignable to parameter of type '{ tenantId: string | SQL<unknown> | Placeholder<string, any>; supabaseUrl: string | SQL<unknown> | Placeholder<string, any>; supabaseAnonKey: string | SQL<...> | Placeholder<...>; id?: number | ... 1 more ... | Placeholder<...>; createdAt?: SQL<...> | ... 1 more ... | Placeholder<...>; updatedAt?: SQL<...> | ... 1 m...'.
      Property 'tenantId' is missing in type '{ supabaseUrl: string; supabaseAnonKey: string; supabaseBucket: string; }' but required in type '{ tenantId: string | SQL<unknown> | Placeholder<string, any>; supabaseUrl: string | SQL<unknown> | Placeholder<string, any>; supabaseAnonKey: string | SQL<...> | Placeholder<...>; id?: number | ... 1 more ... | Placeholder<...>; createdAt?: SQL<...> | ... 1 more ... | Placeholder<...>; updatedAt?: SQL<...> | ... 1 m...'.
  Overload 2 of 2, '(values: { tenantId: string | SQL<unknown> | Placeholder<string, any>; supabaseUrl: string | SQL<unknown> | Placeholder<string, any>; supabaseAnonKey: string | SQL<...> | Placeholder<...>; id?: number | ... 1 more ... | Placeholder<...>; createdAt?: SQL<...> | ... 1 more ... | Placeholder<...>; updatedAt?: SQL<...> | ... 1 more ... | Placeholder<...>; supabaseBucket?: string | ... 1 more ... | Placeholder<...>; }[]): PgInsertBase<...>', gave the following error.
    Object literal may only specify known properties, and 'supabaseUrl' does not exist in type '{ tenantId: string | SQL<unknown> | Placeholder<string, any>; supabaseUrl: string | SQL<unknown> | Placeholder<string, any>; supabaseAnonKey: string | SQL<...> | Placeholder<...>; id?: number | ... 1 more ... | Placeholder<...>; createdAt?: SQL<...> | ... 1 more ... | Placeholder<...>; updatedAt?: SQL<...> | ... 1 m...'.
server/formularios/routes.ts(1638,11): error TS2322: Type 'any' is not assignable to type 'never'.
server/formularios/routes.ts(1639,11): error TS2322: Type 'any' is not assignable to type 'never'.
server/formularios/routes.ts(1640,11): error TS2322: Type 'any' is not assignable to type 'never'.
server/formularios/routes.ts(1645,11): error TS2322: Type 'any' is not assignable to type 'never'.
server/formularios/routes.ts(1646,11): error TS2322: Type 'any' is not assignable to type 'never'.
server/formularios/routes.ts(1647,11): error TS2322: Type 'any' is not assignable to type 'never'.
server/formularios/routes.ts(1648,11): error TS2322: Type 'any' is not assignable to type 'never'.
server/formularios/routes.ts(1649,11): error TS2322: Type 'any' is not assignable to type 'never'.
server/formularios/routes.ts(1650,11): error TS2322: Type 'string' is not assignable to type 'never'.
server/formularios/routes.ts(1651,11): error TS2322: Type 'string' is not assignable to type 'never'.
server/formularios/routes.ts(1998,40): error TS2551: Property 'getFormSubmissionById' does not exist on type 'DatabaseStorage'. Did you mean 'getFormSubmissions'?
server/formularios/routes.ts(2173,36): error TS2769: No overload matches this call.
  Overload 1 of 2, '(value: { tenantId: string | SQL<unknown> | Placeholder<string, any>; telefone: string | SQL<unknown> | Placeholder<string, any>; telefoneNormalizado: string | SQL<...> | Placeholder<...>; ... 41 more ...; observacoes?: string | ... 1 more ... | Placeholder<...>; }): PgInsertBase<...>', gave the following error.
    Argument of type '{ telefone: any; telefoneNormalizado: string; nome: any; email: any; origem: string; formularioConcluido: true; formularioConcluidoEm: Date; formStatus: string; statusQualificacao: string; qualificationStatus: string; pontuacao: any; }' is not assignable to parameter of type '{ tenantId: string | SQL<unknown> | Placeholder<string, any>; telefone: string | SQL<unknown> | Placeholder<string, any>; telefoneNormalizado: string | SQL<...> | Placeholder<...>; ... 41 more ...; observacoes?: string | ... 1 more ... | Placeholder<...>; }'.
      Property 'tenantId' is missing in type '{ telefone: any; telefoneNormalizado: string; nome: any; email: any; origem: string; formularioConcluido: true; formularioConcluidoEm: Date; formStatus: string; statusQualificacao: string; qualificationStatus: string; pontuacao: any; }' but required in type '{ tenantId: string | SQL<unknown> | Placeholder<string, any>; telefone: string | SQL<unknown> | Placeholder<string, any>; telefoneNormalizado: string | SQL<...> | Placeholder<...>; ... 41 more ...; observacoes?: string | ... 1 more ... | Placeholder<...>; }'.
  Overload 2 of 2, '(values: { tenantId: string | SQL<unknown> | Placeholder<string, any>; telefone: string | SQL<unknown> | Placeholder<string, any>; telefoneNormalizado: string | SQL<...> | Placeholder<...>; ... 41 more ...; observacoes?: string | ... 1 more ... | Placeholder<...>; }[]): PgInsertBase<...>', gave the following error.
    Object literal may only specify known properties, and 'telefone' does not exist in type '{ tenantId: string | SQL<unknown> | Placeholder<string, any>; telefone: string | SQL<unknown> | Placeholder<string, any>; telefoneNormalizado: string | SQL<...> | Placeholder<...>; ... 41 more ...; observacoes?: string | ... 1 more ... | Placeholder<...>; }[]'.
server/formularios/routes.ts(2775,9): error TS2353: Object literal may only specify known properties, and 'telefoneNormalizado' does not exist in type 'CreateLeadData'.
server/formularios/routes.ts(2827,9): error TS2353: Object literal may only specify known properties, and 'telefoneNormalizado' does not exist in type 'CreateLeadData'.
server/formularios/scripts/init-from-seed.ts(5,32): error TS2307: Cannot find module '../../shared_form/schema.js' or its corresponding type declarations.
server/formularios/services/leadService.ts(50,42): error TS2339: Property 'leads' does not exist on type '{}'.
server/formularios/services/leadService.ts(190,33): error TS2339: Property 'leads' does not exist on type '{}'.
server/formularios/services/leadService.ts(210,39): error TS2339: Property 'leads' does not exist on type '{}'.
server/formularios/services/leadService.ts(232,39): error TS2339: Property 'leads' does not exist on type '{}'.
server/formularios/services/leadService.ts(264,39): error TS2339: Property 'formSubmissions' does not exist on type '{}'.
server/formularios/services/leadService.ts(294,9): error TS2353: Object literal may only specify known properties, and 'formCompletedAt' does not exist in type '{ tenantId?: string | SQL<unknown> | PgColumn<ColumnBaseConfig<ColumnDataType, string>, {}, {}>; telefone?: string | SQL<unknown> | PgColumn<...>; ... 42 more ...; observacoes?: string | ... 1 more ... | PgColumn<...>; }'.
server/formularios/services/leadTracking.ts(32,51): error TS2769: No overload matches this call.
  Overload 1 of 2, '(value: { tenantId: string | SQL<unknown> | Placeholder<string, any>; telefone: string | SQL<unknown> | Placeholder<string, any>; telefoneNormalizado: string | SQL<...> | Placeholder<...>; ... 41 more ...; observacoes?: string | ... 1 more ... | Placeholder<...>; }): PgInsertBase<...>', gave the following error.
    Argument of type '{ telefone: string; telefoneNormalizado: string; origem: string; formularioId: string; formularioEnviado: true; formularioEnviadoEm: Date; formularioUrl: string; }' is not assignable to parameter of type '{ tenantId: string | SQL<unknown> | Placeholder<string, any>; telefone: string | SQL<unknown> | Placeholder<string, any>; telefoneNormalizado: string | SQL<...> | Placeholder<...>; ... 41 more ...; observacoes?: string | ... 1 more ... | Placeholder<...>; }'.
      Property 'tenantId' is missing in type '{ telefone: string; telefoneNormalizado: string; origem: string; formularioId: string; formularioEnviado: true; formularioEnviadoEm: Date; formularioUrl: string; }' but required in type '{ tenantId: string | SQL<unknown> | Placeholder<string, any>; telefone: string | SQL<unknown> | Placeholder<string, any>; telefoneNormalizado: string | SQL<...> | Placeholder<...>; ... 41 more ...; observacoes?: string | ... 1 more ... | Placeholder<...>; }'.
  Overload 2 of 2, '(values: { tenantId: string | SQL<unknown> | Placeholder<string, any>; telefone: string | SQL<unknown> | Placeholder<string, any>; telefoneNormalizado: string | SQL<...> | Placeholder<...>; ... 41 more ...; observacoes?: string | ... 1 more ... | Placeholder<...>; }[]): PgInsertBase<...>', gave the following error.
    Object literal may only specify known properties, and 'telefone' does not exist in type '{ tenantId: string | SQL<unknown> | Placeholder<string, any>; telefone: string | SQL<unknown> | Placeholder<string, any>; telefoneNormalizado: string | SQL<...> | Placeholder<...>; ... 41 more ...; observacoes?: string | ... 1 more ... | Placeholder<...>; }[]'.
server/formularios/storage.ts(67,50): error TS2769: No overload matches this call.
  Overload 1 of 2, '(value: { tenantId: string | SQL<unknown> | Placeholder<string, any>; title: string | SQL<unknown> | Placeholder<string, any>; questions: unknown; id?: string | SQL<unknown> | Placeholder<...>; ... 12 more ...; completionPageId?: string | ... 1 more ... | Placeholder<...>; }): PgInsertBase<...>', gave the following error.
    Argument of type 'Record<string, never>' is not assignable to parameter of type '{ tenantId: string | SQL<unknown> | Placeholder<string, any>; title: string | SQL<unknown> | Placeholder<string, any>; questions: unknown; id?: string | SQL<unknown> | Placeholder<...>; ... 12 more ...; completionPageId?: string | ... 1 more ... | Placeholder<...>; }'.
      Type 'Record<string, never>' is missing the following properties from type '{ tenantId: string | SQL<unknown> | Placeholder<string, any>; title: string | SQL<unknown> | Placeholder<string, any>; questions: unknown; id?: string | SQL<unknown> | Placeholder<...>; ... 12 more ...; completionPageId?: string | ... 1 more ... | Placeholder<...>; }': tenantId, title, questions
  Overload 2 of 2, '(values: { tenantId: string | SQL<unknown> | Placeholder<string, any>; title: string | SQL<unknown> | Placeholder<string, any>; questions: unknown; id?: string | SQL<unknown> | Placeholder<...>; ... 12 more ...; completionPageId?: string | ... 1 more ... | Placeholder<...>; }[]): PgInsertBase<...>', gave the following error.
    Argument of type 'Record<string, never>' is not assignable to parameter of type '{ tenantId: string | SQL<unknown> | Placeholder<string, any>; title: string | SQL<unknown> | Placeholder<string, any>; questions: unknown; id?: string | SQL<unknown> | Placeholder<...>; ... 12 more ...; completionPageId?: string | ... 1 more ... | Placeholder<...>; }[]'.
      Type 'Record<string, never>' is missing the following properties from type '{ tenantId: string | SQL<unknown> | Placeholder<string, any>; title: string | SQL<unknown> | Placeholder<string, any>; questions: unknown; id?: string | SQL<unknown> | Placeholder<...>; ... 12 more ...; completionPageId?: string | ... 1 more ... | Placeholder<...>; }[]': length, pop, push, concat, and 29 more.
server/formularios/storage.ts(108,58): error TS2769: No overload matches this call.
  Overload 1 of 2, '(value: { tenantId: string | SQL<unknown> | Placeholder<string, any>; name: string | SQL<unknown> | Placeholder<string, any>; designConfig: unknown; questions: unknown; id?: string | ... 1 more ... | Placeholder<...>; ... 4 more ...; isDefault?: boolean | ... 1 more ... | Placeholder<...>; }): PgInsertBase<...>', gave the following error.
    Argument of type 'Record<string, never>' is not assignable to parameter of type '{ tenantId: string | SQL<unknown> | Placeholder<string, any>; name: string | SQL<unknown> | Placeholder<string, any>; designConfig: unknown; questions: unknown; id?: string | SQL<...> | Placeholder<...>; ... 4 more ...; isDefault?: boolean | ... 1 more ... | Placeholder<...>; }'.
      Type 'Record<string, never>' is missing the following properties from type '{ tenantId: string | SQL<unknown> | Placeholder<string, any>; name: string | SQL<unknown> | Placeholder<string, any>; designConfig: unknown; questions: unknown; id?: string | SQL<...> | Placeholder<...>; ... 4 more ...; isDefault?: boolean | ... 1 more ... | Placeholder<...>; }': tenantId, name, designConfig, questions
  Overload 2 of 2, '(values: { tenantId: string | SQL<unknown> | Placeholder<string, any>; name: string | SQL<unknown> | Placeholder<string, any>; designConfig: unknown; questions: unknown; id?: string | ... 1 more ... | Placeholder<...>; ... 4 more ...; isDefault?: boolean | ... 1 more ... | Placeholder<...>; }[]): PgInsertBase<...>', gave the following error.
    Argument of type 'Record<string, never>' is not assignable to parameter of type '{ tenantId: string | SQL<unknown> | Placeholder<string, any>; name: string | SQL<unknown> | Placeholder<string, any>; designConfig: unknown; questions: unknown; id?: string | SQL<...> | Placeholder<...>; ... 4 more ...; isDefault?: boolean | ... 1 more ... | Placeholder<...>; }[]'.
      Type 'Record<string, never>' is missing the following properties from type '{ tenantId: string | SQL<unknown> | Placeholder<string, any>; name: string | SQL<unknown> | Placeholder<string, any>; designConfig: unknown; questions: unknown; id?: string | SQL<...> | Placeholder<...>; ... 4 more ...; isDefault?: boolean | ... 1 more ... | Placeholder<...>; }[]': length, pop, push, concat, and 29 more.
server/formularios/storage.ts(122,60): error TS2769: No overload matches this call.
  Overload 1 of 2, '(value: { tenantId: string | SQL<unknown> | Placeholder<string, any>; name: string | SQL<unknown> | Placeholder<string, any>; id?: string | SQL<unknown> | Placeholder<string, any>; ... 19 more ...; designConfig?: unknown; }): PgInsertBase<...>', gave the following error.
    Argument of type 'Record<string, never>' is not assignable to parameter of type '{ tenantId: string | SQL<unknown> | Placeholder<string, any>; name: string | SQL<unknown> | Placeholder<string, any>; id?: string | SQL<unknown> | Placeholder<string, any>; ... 19 more ...; designConfig?: unknown; }'.
      Type 'Record<string, never>' is missing the following properties from type '{ tenantId: string | SQL<unknown> | Placeholder<string, any>; name: string | SQL<unknown> | Placeholder<string, any>; id?: string | SQL<unknown> | Placeholder<string, any>; ... 19 more ...; designConfig?: unknown; }': tenantId, name
  Overload 2 of 2, '(values: { tenantId: string | SQL<unknown> | Placeholder<string, any>; name: string | SQL<unknown> | Placeholder<string, any>; id?: string | SQL<unknown> | Placeholder<string, any>; ... 19 more ...; designConfig?: unknown; }[]): PgInsertBase<...>', gave the following error.
    Argument of type 'Record<string, never>' is not assignable to parameter of type '{ tenantId: string | SQL<unknown> | Placeholder<string, any>; name: string | SQL<unknown> | Placeholder<string, any>; id?: string | SQL<unknown> | Placeholder<string, any>; ... 19 more ...; designConfig?: unknown; }[]'.
      Type 'Record<string, never>' is missing the following properties from type '{ tenantId: string | SQL<unknown> | Placeholder<string, any>; name: string | SQL<unknown> | Placeholder<string, any>; id?: string | SQL<unknown> | Placeholder<string, any>; ... 19 more ...; designConfig?: unknown; }[]': length, pop, push, concat, and 29 more.
server/formularios/storage.ts(184,17): error TS2769: No overload matches this call.
  Overload 1 of 2, '(value: { tenantId: string | SQL<unknown> | Placeholder<string, any>; apiUrlWhatsapp: string | SQL<unknown> | Placeholder<string, any>; apiKeyWhatsapp: string | SQL<...> | Placeholder<...>; instanceWhatsapp: string | ... 1 more ... | Placeholder<...>; id?: number | ... 1 more ... | Placeholder<...>; createdAtWhatsapp?: SQL<...> | ... 1 more ... | Placeholder<...>; updatedAtWhatsapp?: SQL<...> | ... 1 more ... | Placeholder<...>; }): PgInsertBase<...>', gave the following error.
    Argument of type 'Record<string, never>' is not assignable to parameter of type '{ tenantId: string | SQL<unknown> | Placeholder<string, any>; apiUrlWhatsapp: string | SQL<unknown> | Placeholder<string, any>; apiKeyWhatsapp: string | SQL<...> | Placeholder<...>; instanceWhatsapp: string | ... 1 more ... | Placeholder<...>; id?: number | ... 1 more ... | Placeholder<...>; createdAtWhatsapp?: SQL<...'.
      Type 'Record<string, never>' is missing the following properties from type '{ tenantId: string | SQL<unknown> | Placeholder<string, any>; apiUrlWhatsapp: string | SQL<unknown> | Placeholder<string, any>; apiKeyWhatsapp: string | SQL<...> | Placeholder<...>; instanceWhatsapp: string | ... 1 more ... | Placeholder<...>; id?: number | ... 1 more ... | Placeholder<...>; createdAtWhatsapp?: SQL<...': tenantId, apiUrlWhatsapp, apiKeyWhatsapp, instanceWhatsapp
  Overload 2 of 2, '(values: { tenantId: string | SQL<unknown> | Placeholder<string, any>; apiUrlWhatsapp: string | SQL<unknown> | Placeholder<string, any>; apiKeyWhatsapp: string | SQL<...> | Placeholder<...>; instanceWhatsapp: string | ... 1 more ... | Placeholder<...>; id?: number | ... 1 more ... | Placeholder<...>; createdAtWhatsapp?: SQL<...> | ... 1 more ... | Placeholder<...>; updatedAtWhatsapp?: SQL<...> | ... 1 more ... | Placeholder<...>; }[]): PgInsertBase<...>', gave the following error.
    Argument of type 'Record<string, never>' is not assignable to parameter of type '{ tenantId: string | SQL<unknown> | Placeholder<string, any>; apiUrlWhatsapp: string | SQL<unknown> | Placeholder<string, any>; apiKeyWhatsapp: string | SQL<...> | Placeholder<...>; instanceWhatsapp: string | ... 1 more ... | Placeholder<...>; id?: number | ... 1 more ... | Placeholder<...>; createdAtWhatsapp?: SQL<...'.
      Type 'Record<string, never>' is missing the following properties from type '{ tenantId: string | SQL<unknown> | Placeholder<string, any>; apiUrlWhatsapp: string | SQL<unknown> | Placeholder<string, any>; apiKeyWhatsapp: string | SQL<...> | Placeholder<...>; instanceWhatsapp: string | ... 1 more ... | Placeholder<...>; id?: number | ... 1 more ... | Placeholder<...>; createdAtWhatsapp?: SQL<...': length, pop, push, concat, and 29 more.
server/formularios/storage.ts(209,50): error TS2769: No overload matches this call.
  Overload 1 of 2, '(value: { tenantId: string | SQL<unknown> | Placeholder<string, any>; telefone: string | SQL<unknown> | Placeholder<string, any>; telefoneNormalizado: string | SQL<...> | Placeholder<...>; ... 41 more ...; observacoes?: string | ... 1 more ... | Placeholder<...>; }): PgInsertBase<...>', gave the following error.
    Argument of type 'Record<string, never>' is not assignable to parameter of type '{ tenantId: string | SQL<unknown> | Placeholder<string, any>; telefone: string | SQL<unknown> | Placeholder<string, any>; telefoneNormalizado: string | SQL<...> | Placeholder<...>; ... 41 more ...; observacoes?: string | ... 1 more ... | Placeholder<...>; }'.
      Type 'Record<string, never>' is missing the following properties from type '{ tenantId: string | SQL<unknown> | Placeholder<string, any>; telefone: string | SQL<unknown> | Placeholder<string, any>; telefoneNormalizado: string | SQL<...> | Placeholder<...>; ... 41 more ...; observacoes?: string | ... 1 more ... | Placeholder<...>; }': tenantId, telefone, telefoneNormalizado
  Overload 2 of 2, '(values: { tenantId: string | SQL<unknown> | Placeholder<string, any>; telefone: string | SQL<unknown> | Placeholder<string, any>; telefoneNormalizado: string | SQL<...> | Placeholder<...>; ... 41 more ...; observacoes?: string | ... 1 more ... | Placeholder<...>; }[]): PgInsertBase<...>', gave the following error.
    Argument of type 'Record<string, never>' is not assignable to parameter of type '{ tenantId: string | SQL<unknown> | Placeholder<string, any>; telefone: string | SQL<unknown> | Placeholder<string, any>; telefoneNormalizado: string | SQL<...> | Placeholder<...>; ... 41 more ...; observacoes?: string | ... 1 more ... | Placeholder<...>; }[]'.
      Type 'Record<string, never>' is missing the following properties from type '{ tenantId: string | SQL<unknown> | Placeholder<string, any>; telefone: string | SQL<unknown> | Placeholder<string, any>; telefoneNormalizado: string | SQL<...> | Placeholder<...>; ... 41 more ...; observacoes?: string | ... 1 more ... | Placeholder<...>; }[]': length, pop, push, concat, and 29 more.
server/formularios/storage.ts(226,62): error TS2769: No overload matches this call.
  Overload 1 of 2, '(value: { token: string | SQL<unknown> | Placeholder<string, any>; leadId: string | SQL<unknown> | Placeholder<string, any>; sessaoId: string | SQL<unknown> | Placeholder<...>; ... 13 more ...; concluido?: boolean | ... 1 more ... | Placeholder<...>; }): PgInsertBase<...>', gave the following error.
    Argument of type 'Record<string, never>' is not assignable to parameter of type '{ token: string | SQL<unknown> | Placeholder<string, any>; leadId: string | SQL<unknown> | Placeholder<string, any>; sessaoId: string | SQL<unknown> | Placeholder<...>; ... 13 more ...; concluido?: boolean | ... 1 more ... | Placeholder<...>; }'.
      Type 'Record<string, never>' is missing the following properties from type '{ token: string | SQL<unknown> | Placeholder<string, any>; leadId: string | SQL<unknown> | Placeholder<string, any>; sessaoId: string | SQL<unknown> | Placeholder<...>; ... 13 more ...; concluido?: boolean | ... 1 more ... | Placeholder<...>; }': token, leadId, sessaoId
  Overload 2 of 2, '(values: { token: string | SQL<unknown> | Placeholder<string, any>; leadId: string | SQL<unknown> | Placeholder<string, any>; sessaoId: string | SQL<unknown> | Placeholder<...>; ... 13 more ...; concluido?: boolean | ... 1 more ... | Placeholder<...>; }[]): PgInsertBase<...>', gave the following error.
    Argument of type 'Record<string, never>' is not assignable to parameter of type '{ token: string | SQL<unknown> | Placeholder<string, any>; leadId: string | SQL<unknown> | Placeholder<string, any>; sessaoId: string | SQL<unknown> | Placeholder<...>; ... 13 more ...; concluido?: boolean | ... 1 more ... | Placeholder<...>; }[]'.
      Type 'Record<string, never>' is missing the following properties from type '{ token: string | SQL<unknown> | Placeholder<string, any>; leadId: string | SQL<unknown> | Placeholder<string, any>; sessaoId: string | SQL<unknown> | Placeholder<...>; ... 13 more ...; concluido?: boolean | ... 1 more ... | Placeholder<...>; }[]': length, pop, push, concat, and 29 more.
server/formularios/storage.ts(254,58): error TS2769: No overload matches this call.
  Overload 1 of 2, '(value: { leadId: string | SQL<unknown> | Placeholder<string, any>; tipoEvento: string | SQL<unknown> | Placeholder<string, any>; id?: string | SQL<unknown> | Placeholder<...>; createdAt?: SQL<...> | ... 1 more ... | Placeholder<...>; ipAddress?: string | ... 1 more ... | Placeholder<...>; descricao?: string | ... 1 more ... | Placeholder<...>; dados?: unknown; }): PgInsertBase<...>', gave the following error.
    Argument of type 'Record<string, never>' is not assignable to parameter of type '{ leadId: string | SQL<unknown> | Placeholder<string, any>; tipoEvento: string | SQL<unknown> | Placeholder<string, any>; id?: string | SQL<unknown> | Placeholder<...>; createdAt?: SQL<...> | ... 1 more ... | Placeholder<...>; ipAddress?: string | ... 1 more ... | Placeholder<...>; descricao?: string | ... 1 more .....'.
      Type 'Record<string, never>' is missing the following properties from type '{ leadId: string | SQL<unknown> | Placeholder<string, any>; tipoEvento: string | SQL<unknown> | Placeholder<string, any>; id?: string | SQL<unknown> | Placeholder<...>; createdAt?: SQL<...> | ... 1 more ... | Placeholder<...>; ipAddress?: string | ... 1 more ... | Placeholder<...>; descricao?: string | ... 1 more .....': leadId, tipoEvento
  Overload 2 of 2, '(values: { leadId: string | SQL<unknown> | Placeholder<string, any>; tipoEvento: string | SQL<unknown> | Placeholder<string, any>; id?: string | SQL<unknown> | Placeholder<...>; createdAt?: SQL<...> | ... 1 more ... | Placeholder<...>; ipAddress?: string | ... 1 more ... | Placeholder<...>; descricao?: string | ... 1 more ... | Placeholder<...>; dados?: unknown; }[]): PgInsertBase<...>', gave the following error.
    Argument of type 'Record<string, never>' is not assignable to parameter of type '{ leadId: string | SQL<unknown> | Placeholder<string, any>; tipoEvento: string | SQL<unknown> | Placeholder<string, any>; id?: string | SQL<unknown> | Placeholder<...>; createdAt?: SQL<...> | ... 1 more ... | Placeholder<...>; ipAddress?: string | ... 1 more ... | Placeholder<...>; descricao?: string | ... 1 more .....'.
      Type 'Record<string, never>' is missing the following properties from type '{ leadId: string | SQL<unknown> | Placeholder<string, any>; tipoEvento: string | SQL<unknown> | Placeholder<string, any>; id?: string | SQL<unknown> | Placeholder<...>; createdAt?: SQL<...> | ... 1 more ... | Placeholder<...>; ipAddress?: string | ... 1 more ... | Placeholder<...>; descricao?: string | ... 1 more .....': length, pop, push, concat, and 29 more.
server/lib/alerting.ts(219,26): error TS2339: Property 'limit' does not exist on type '{ commandsToday: number; commandsThisMonth: number; monthlyLimit: number; percentage: number; month: string; }'.
server/lib/alerting.ts(235,26): error TS2339: Property 'limit' does not exist on type '{ commandsToday: number; commandsThisMonth: number; monthlyLimit: number; percentage: number; month: string; }'.
server/lib/betterStackLogger.ts(232,31): error TS2554: Expected 1 arguments, but got 0.
server/lib/betterStackLogger.ts(281,9): error TS2322: Type 'string' is not assignable to type 'Level'.
server/lib/billing-service.ts(3,15): error TS2305: Module '"../../shared/schema"' has no exported member 'InstallmentInfo'.
server/lib/billing-service.ts(3,32): error TS2305: Module '"../../shared/schema"' has no exported member 'RecurringTransaction'.
server/lib/billing-service.ts(3,54): error TS2305: Module '"../../shared/schema"' has no exported member 'MonthlyProjection'.
server/lib/billing-service.ts(3,73): error TS2305: Module '"../../shared/schema"' has no exported member 'InstallmentProjection'.
server/lib/cacheCleanup.ts(262,64): error TS2339: Property 'id' does not exist on type 'PgTableWithColumns<{ name: "form_tenant_mapping"; schema: undefined; columns: { formId: PgColumn<{ name: "form_id"; tableName: "form_tenant_mapping"; dataType: "string"; columnType: "PgUUID"; data: string; driverParam: string; ... 8 more ...; generated: undefined; }, {}, {}>; ... 5 more ...; updatedAt: PgColumn<...>...'.
server/lib/cacheCleanup.ts(283,35): error TS2339: Property 'id' does not exist on type 'PgTableWithColumns<{ name: "form_tenant_mapping"; schema: undefined; columns: { formId: PgColumn<{ name: "form_id"; tableName: "form_tenant_mapping"; dataType: "string"; columnType: "PgUUID"; data: string; driverParam: string; ... 8 more ...; generated: undefined; }, {}, {}>; ... 5 more ...; updatedAt: PgColumn<...>...'.
server/lib/chatCacheManager.ts(3,15): error TS2305: Module '"./credentialsManager"' has no exported member 'EvolutionConfig'.
server/lib/clientMonitor.ts(259,29): error TS2556: A spread argument must either have a tuple type or be passed to a rest parameter.
server/lib/complianceStorage.ts(13,31): error TS2307: Cannot find module '../storage.js' or its corresponding type declarations.
server/lib/complianceStorage.ts(47,15): error TS2769: No overload matches this call.
  Overload 1 of 2, '(value: { slug: string | SQL<unknown> | Placeholder<string, any>; companyName: string | SQL<unknown> | Placeholder<string, any>; id?: string | SQL<unknown> | Placeholder<...>; createdAt?: SQL<...> | ... 1 more ... | Placeholder<...>; isActive?: boolean | ... 1 more ... | Placeholder<...>; }): PgInsertBase<...>', gave the following error.
    Argument of type 'Record<string, never>' is not assignable to parameter of type '{ slug: string | SQL<unknown> | Placeholder<string, any>; companyName: string | SQL<unknown> | Placeholder<string, any>; id?: string | SQL<unknown> | Placeholder<string, any>; createdAt?: SQL<...> | ... 1 more ... | Placeholder<...>; isActive?: boolean | ... 1 more ... | Placeholder<...>; }'.
      Type 'Record<string, never>' is missing the following properties from type '{ slug: string | SQL<unknown> | Placeholder<string, any>; companyName: string | SQL<unknown> | Placeholder<string, any>; id?: string | SQL<unknown> | Placeholder<string, any>; createdAt?: SQL<...> | ... 1 more ... | Placeholder<...>; isActive?: boolean | ... 1 more ... | Placeholder<...>; }': slug, companyName
  Overload 2 of 2, '(values: { slug: string | SQL<unknown> | Placeholder<string, any>; companyName: string | SQL<unknown> | Placeholder<string, any>; id?: string | SQL<unknown> | Placeholder<...>; createdAt?: SQL<...> | ... 1 more ... | Placeholder<...>; isActive?: boolean | ... 1 more ... | Placeholder<...>; }[]): PgInsertBase<...>', gave the following error.
    Argument of type 'Record<string, never>' is not assignable to parameter of type '{ slug: string | SQL<unknown> | Placeholder<string, any>; companyName: string | SQL<unknown> | Placeholder<string, any>; id?: string | SQL<unknown> | Placeholder<string, any>; createdAt?: SQL<...> | ... 1 more ... | Placeholder<...>; isActive?: boolean | ... 1 more ... | Placeholder<...>; }[]'.
      Type 'Record<string, never>' is missing the following properties from type '{ slug: string | SQL<unknown> | Placeholder<string, any>; companyName: string | SQL<unknown> | Placeholder<string, any>; id?: string | SQL<unknown> | Placeholder<string, any>; createdAt?: SQL<...> | ... 1 more ... | Placeholder<...>; isActive?: boolean | ... 1 more ... | Placeholder<...>; }[]': length, pop, push, concat, and 29 more.
server/lib/complianceStorage.ts(113,15): error TS2769: No overload matches this call.
  Overload 1 of 2, '(value: { tenantId: string | SQL<unknown> | Placeholder<string, any>; expiresAt: SQL<unknown> | Date | Placeholder<string, any>; cpfHash: string | SQL<...> | Placeholder<...>; ... 15 more ...; createdBy?: string | ... 1 more ... | Placeholder<...>; }): PgInsertBase<...>', gave the following error.
    Argument of type 'Record<string, never>' is not assignable to parameter of type '{ tenantId: string | SQL<unknown> | Placeholder<string, any>; expiresAt: SQL<unknown> | Date | Placeholder<string, any>; cpfHash: string | SQL<unknown> | Placeholder<...>; ... 15 more ...; createdBy?: string | ... 1 more ... | Placeholder<...>; }'.
      Type 'Record<string, never>' is missing the following properties from type '{ tenantId: string | SQL<unknown> | Placeholder<string, any>; expiresAt: SQL<unknown> | Date | Placeholder<string, any>; cpfHash: string | SQL<unknown> | Placeholder<...>; ... 15 more ...; createdBy?: string | ... 1 more ... | Placeholder<...>; }': tenantId, expiresAt, cpfHash, cpfEncrypted, payload
  Overload 2 of 2, '(values: { tenantId: string | SQL<unknown> | Placeholder<string, any>; expiresAt: SQL<unknown> | Date | Placeholder<string, any>; cpfHash: string | SQL<...> | Placeholder<...>; ... 15 more ...; createdBy?: string | ... 1 more ... | Placeholder<...>; }[]): PgInsertBase<...>', gave the following error.
    Argument of type 'Record<string, never>' is not assignable to parameter of type '{ tenantId: string | SQL<unknown> | Placeholder<string, any>; expiresAt: SQL<unknown> | Date | Placeholder<string, any>; cpfHash: string | SQL<unknown> | Placeholder<...>; ... 15 more ...; createdBy?: string | ... 1 more ... | Placeholder<...>; }[]'.
      Type 'Record<string, never>' is missing the following properties from type '{ tenantId: string | SQL<unknown> | Placeholder<string, any>; expiresAt: SQL<unknown> | Date | Placeholder<string, any>; cpfHash: string | SQL<unknown> | Placeholder<...>; ... 15 more ...; createdBy?: string | ... 1 more ... | Placeholder<...>; }[]': length, pop, push, concat, and 29 more.
server/lib/complianceStorage.ts(171,15): error TS2769: No overload matches this call.
  Overload 1 of 2, '(value: { tenantId: string | SQL<unknown> | Placeholder<string, any>; action: SQL<unknown> | "view" | "check" | "reprocess" | "export" | "delete" | Placeholder<string, any>; ... 5 more ...; timestamp?: SQL<...> | ... 1 more ... | Placeholder<...>; }): PgInsertBase<...>', gave the following error.
    Argument of type 'Record<string, never>' is not assignable to parameter of type '{ tenantId: string | SQL<unknown> | Placeholder<string, any>; action: SQL<unknown> | "view" | "check" | "reprocess" | "export" | "delete" | Placeholder<string, any>; ... 5 more ...; timestamp?: SQL<...> | ... 1 more ... | Placeholder<...>; }'.
      Type 'Record<string, never>' is missing the following properties from type '{ tenantId: string | SQL<unknown> | Placeholder<string, any>; action: SQL<unknown> | "view" | "check" | "reprocess" | "export" | "delete" | Placeholder<string, any>; ... 5 more ...; timestamp?: SQL<...> | ... 1 more ... | Placeholder<...>; }': tenantId, action
  Overload 2 of 2, '(values: { tenantId: string | SQL<unknown> | Placeholder<string, any>; action: SQL<unknown> | "view" | "check" | "reprocess" | "export" | "delete" | Placeholder<string, any>; ... 5 more ...; timestamp?: SQL<...> | ... 1 more ... | Placeholder<...>; }[]): PgInsertBase<...>', gave the following error.
    Argument of type 'Record<string, never>' is not assignable to parameter of type '{ tenantId: string | SQL<unknown> | Placeholder<string, any>; action: SQL<unknown> | "view" | "check" | "reprocess" | "export" | "delete" | Placeholder<string, any>; ... 5 more ...; timestamp?: SQL<...> | ... 1 more ... | Placeholder<...>; }[]'.
      Type 'Record<string, never>' is missing the following properties from type '{ tenantId: string | SQL<unknown> | Placeholder<string, any>; action: SQL<unknown> | "view" | "check" | "reprocess" | "export" | "delete" | Placeholder<string, any>; ... 5 more ...; timestamp?: SQL<...> | ... 1 more ... | Placeholder<...>; }[]': length, pop, push, concat, and 29 more.
server/lib/datacorpCompliance.ts(15,3): error TS2305: Module '"../../shared/db-schema"' has no exported member 'BigdatacorpDecision'.
server/lib/datacorpCompliance.ts(16,3): error TS2305: Module '"../../shared/db-schema"' has no exported member 'BigdatacorpPetition'.
server/lib/datacorpCompliance.ts(17,3): error TS2305: Module '"../../shared/db-schema"' has no exported member 'BigdatacorpUpdate'.
server/lib/datacorpCompliance.ts(18,3): error TS2305: Module '"../../shared/db-schema"' has no exported member 'BigdatacorpParty'.
server/lib/datacorpCompliance.ts(19,3): error TS2305: Module '"../../shared/db-schema"' has no exported member 'BigdatacorpDecisionsWrapper'.
server/lib/datacorpCompliance.ts(20,3): error TS2305: Module '"../../shared/db-schema"' has no exported member 'BigdatacorpPetitionsWrapper'.
server/lib/datacorpCompliance.ts(21,3): error TS2305: Module '"../../shared/db-schema"' has no exported member 'BigdatacorpUpdatesWrapper'.
server/lib/datacorpCompliance.ts(22,3): error TS2305: Module '"../../shared/db-schema"' has no exported member 'BigdatacorpPartiesWrapper'.
server/lib/datacorpCompliance.ts(23,3): error TS2305: Module '"../../shared/db-schema"' has no exported member 'RawBigdatacorpDecision'.
server/lib/datacorpCompliance.ts(24,3): error TS2305: Module '"../../shared/db-schema"' has no exported member 'RawBigdatacorpPetition'.
server/lib/datacorpCompliance.ts(25,3): error TS2305: Module '"../../shared/db-schema"' has no exported member 'RawBigdatacorpUpdate'.
server/lib/datacorpCompliance.ts(26,3): error TS2305: Module '"../../shared/db-schema"' has no exported member 'RawBigdatacorpParty'.
server/lib/datacorpCompliance.ts(27,3): error TS2305: Module '"../../shared/db-schema"' has no exported member 'RawBigdatacorpLawsuit'.
server/lib/datacorpCompliance.ts(28,3): error TS2305: Module '"../../shared/db-schema"' has no exported member 'BigdatacorpLawsuit'.
server/lib/datacorpCompliance.ts(639,18): error TS2352: Conversion of type '{ id: any; cpf_hash: string; cpf_encrypted: string; tenant_id: string; status: any; risk_score: number; payload: null; consulted_at: Date; expires_at: Date; source: string; api_cost: number; person_name: any; person_cpf: any; submission_id: string; _from_cliente: boolean; }' to type 'DatacorpCheck' may be a mistake because neither type sufficiently overlaps with the other. If this was intentional, convert the expression to 'unknown' first.
  Type '{ id: any; cpf_hash: string; cpf_encrypted: string; tenant_id: string; status: any; risk_score: number; payload: null; consulted_at: Date; expires_at: Date; source: string; api_cost: number; person_name: any; person_cpf: any; submission_id: string; _from_cliente: boolean; }' is missing the following properties from type 'DatacorpCheck': created_at, updated_at
server/lib/datacorpCompliance.ts(760,14): error TS2352: Conversion of type '{ id: `${string}-${string}-${string}-${string}-${string}`; cpf_hash: string; cpf_encrypted: string; tenant_id: string; status: "pending" | "approved" | "rejected" | "manual_review" | "error"; risk_score: number; ... 7 more ...; _fallback: boolean; }' to type 'DatacorpCheck' may be a mistake because neither type sufficiently overlaps with the other. If this was intentional, convert the expression to 'unknown' first.
  Type '{ id: `${string}-${string}-${string}-${string}-${string}`; cpf_hash: string; cpf_encrypted: string; tenant_id: string; status: "pending" | "approved" | "rejected" | "manual_review" | "error"; risk_score: number; ... 7 more ...; _fallback: boolean; }' is missing the following properties from type 'DatacorpCheck': created_at, updated_at
server/lib/datacorpCompliance.ts(1880,9): error TS2353: Object literal may only specify known properties, and 'id' does not exist in type 'ComplianceCheckResult'.
server/lib/datacorpCompliance.ts(1882,45): error TS2339: Property 'person_name' does not exist on type 'DatacorpCheck'.
server/lib/datacorpCompliance.ts(1883,44): error TS2339: Property 'person_cpf' does not exist on type 'DatacorpCheck'.
server/lib/datacorpCompliance.ts(1885,100): error TS2339: Property 'toString' does not exist on type 'never'.
server/lib/datacorpCompliance.ts(1974,9): error TS2353: Object literal may only specify known properties, and 'id' does not exist in type 'ComplianceCheckResult'.
server/lib/datacorpCompliance.ts(2063,9): error TS2322: Type 'any' is not assignable to type 'never'.
server/lib/datacorpCompliance.ts(2064,9): error TS2322: Type 'string' is not assignable to type 'never'.
server/lib/datacorpCompliance.ts(2065,9): error TS2322: Type 'string' is not assignable to type 'never'.
server/lib/datacorpCompliance.ts(2066,9): error TS2322: Type 'string' is not assignable to type 'never'.
server/lib/datacorpCompliance.ts(2093,7): error TS2353: Object literal may only specify known properties, and 'id' does not exist in type 'ComplianceCheckResult'.
server/lib/datacorpCompliance.ts(2214,7): error TS2322: Type 'string' is not assignable to type 'never'.
server/lib/datacorpCompliance.ts(2215,7): error TS2322: Type 'string' is not assignable to type 'never'.
server/lib/datacorpCompliance.ts(2216,7): error TS2322: Type 'string' is not assignable to type 'never'.
server/lib/datacorpCompliance.ts(2217,7): error TS2322: Type 'string' is not assignable to type 'never'.
server/lib/datacorpCompliance.ts(2218,7): error TS2322: Type 'string' is not assignable to type 'never'.
server/lib/datacorpCompliance.ts(2219,7): error TS2322: Type 'string' is not assignable to type 'never'.
server/lib/datacorpCompliance.ts(2220,7): error TS2322: Type 'string' is not assignable to type 'never'.
server/lib/datacorpCompliance.ts(2221,7): error TS2322: Type '"pending" | "approved" | "rejected" | "manual_review" | "error"' is not assignable to type 'never'.
  Type '"pending"' is not assignable to type 'never'.
server/lib/datacorpCompliance.ts(2222,7): error TS2322: Type 'string' is not assignable to type 'never'.
server/lib/datacorpCompliance.ts(2223,7): error TS2322: Type 'any' is not assignable to type 'never'.
server/lib/datacorpCompliance.ts(2224,7): error TS2322: Type 'Date' is not assignable to type 'never'.
server/lib/datacorpCompliance.ts(2225,7): error TS2322: Type 'string' is not assignable to type 'never'.
server/lib/datacorpCompliance.ts(2226,7): error TS2322: Type 'string' is not assignable to type 'never'.
server/lib/datacorpCompliance.ts(2227,7): error TS2322: Type 'string' is not assignable to type 'never'.
server/lib/datacorpCompliance.ts(2233,7): error TS2322: Type 'any' is not assignable to type 'never'.
server/lib/datacorpCompliance.ts(2234,7): error TS2322: Type 'string' is not assignable to type 'never'.
server/lib/datacorpCompliance.ts(2235,7): error TS2322: Type 'string' is not assignable to type 'never'.
server/lib/datacorpCompliance.ts(2236,7): error TS2322: Type 'string' is not assignable to type 'never'.
server/lib/datacorpCompliance.ts(2269,5): error TS2353: Object literal may only specify known properties, and 'id' does not exist in type 'ComplianceCheckResult'.
server/lib/datacorpCompliance.ts(2368,7): error TS2322: Type 'string' is not assignable to type 'never'.
server/lib/datacorpCompliance.ts(2369,7): error TS2322: Type 'string' is not assignable to type 'never'.
server/lib/datacorpCompliance.ts(2370,7): error TS2322: Type 'string' is not assignable to type 'never'.
server/lib/datacorpCompliance.ts(2371,7): error TS2322: Type 'string' is not assignable to type 'never'.
server/lib/datacorpCompliance.ts(2384,5): error TS2353: Object literal may only specify known properties, and 'id' does not exist in type 'ComplianceCheckResult'.
server/lib/email.ts(65,7): error TS2561: Object literal may only specify known properties, but 'reply_to' does not exist in type 'CreateEmailOptions'. Did you mean to write 'replyTo'?
server/lib/leadJourneyAggregator.ts(323,28): error TS2367: This comparison appears to be unintentional because the types 'boolean' and 'string' have no overlap.
server/lib/leadJourneyAggregator.ts(324,28): error TS2367: This comparison appears to be unintentional because the types 'boolean' and 'string' have no overlap.
server/lib/leadJourneyAggregator.ts(325,28): error TS2367: This comparison appears to be unintentional because the types 'boolean' and 'string' have no overlap.
server/lib/leadJourneyAggregator.ts(326,28): error TS2367: This comparison appears to be unintentional because the types 'boolean' and 'number' have no overlap.
server/lib/leadJourneyAggregator.ts(366,28): error TS2367: This comparison appears to be unintentional because the types 'boolean' and 'string' have no overlap.
server/lib/leadJourneyAggregator.ts(367,28): error TS2367: This comparison appears to be unintentional because the types 'boolean' and 'string' have no overlap.
server/lib/leadJourneyAggregator.ts(368,28): error TS2367: This comparison appears to be unintentional because the types 'boolean' and 'string' have no overlap.
server/lib/leadJourneyAggregator.ts(369,28): error TS2367: This comparison appears to be unintentional because the types 'boolean' and 'number' have no overlap.
server/lib/leadJourneyAggregator.ts(373,28): error TS2367: This comparison appears to be unintentional because the types 'boolean' and 'string' have no overlap.
server/lib/leadJourneyAggregator.ts(374,28): error TS2367: This comparison appears to be unintentional because the types 'boolean' and 'string' have no overlap.
server/lib/leadJourneyAggregator.ts(375,28): error TS2367: This comparison appears to be unintentional because the types 'boolean' and 'string' have no overlap.
server/lib/leadJourneyAggregator.ts(376,28): error TS2367: This comparison appears to be unintentional because the types 'boolean' and 'number' have no overlap.
server/lib/leadJourneyAggregator.ts(445,28): error TS2367: This comparison appears to be unintentional because the types 'boolean' and 'string' have no overlap.
server/lib/leadJourneyAggregator.ts(446,28): error TS2367: This comparison appears to be unintentional because the types 'boolean' and 'string' have no overlap.
server/lib/leadJourneyAggregator.ts(447,28): error TS2367: This comparison appears to be unintentional because the types 'boolean' and 'string' have no overlap.
server/lib/leadJourneyAggregator.ts(448,28): error TS2367: This comparison appears to be unintentional because the types 'boolean' and 'number' have no overlap.
server/lib/leadJourneyAggregator.ts(450,28): error TS2367: This comparison appears to be unintentional because the types 'boolean' and 'string' have no overlap.
server/lib/leadJourneyAggregator.ts(451,28): error TS2367: This comparison appears to be unintentional because the types 'boolean' and 'string' have no overlap.
server/lib/leadJourneyAggregator.ts(452,28): error TS2367: This comparison appears to be unintentional because the types 'boolean' and 'string' have no overlap.
server/lib/leadJourneyAggregator.ts(453,28): error TS2367: This comparison appears to be unintentional because the types 'boolean' and 'number' have no overlap.
server/lib/leadJourneyAggregator.ts(2065,34): error TS2367: This comparison appears to be unintentional because the types 'boolean' and 'string' have no overlap.
server/lib/leadJourneyAggregator.ts(2066,34): error TS2367: This comparison appears to be unintentional because the types 'boolean' and 'string' have no overlap.
server/lib/leadJourneyAggregator.ts(2067,34): error TS2367: This comparison appears to be unintentional because the types 'boolean' and 'string' have no overlap.
server/lib/leadJourneyAggregator.ts(2068,34): error TS2367: This comparison appears to be unintentional because the types 'boolean' and 'number' have no overlap.
server/lib/leadJourneyAggregator.ts(2070,34): error TS2367: This comparison appears to be unintentional because the types 'boolean' and 'string' have no overlap.
server/lib/leadJourneyAggregator.ts(2071,34): error TS2367: This comparison appears to be unintentional because the types 'boolean' and 'string' have no overlap.
server/lib/leadJourneyAggregator.ts(2072,34): error TS2367: This comparison appears to be unintentional because the types 'boolean' and 'string' have no overlap.
server/lib/leadJourneyAggregator.ts(2073,34): error TS2367: This comparison appears to be unintentional because the types 'boolean' and 'number' have no overlap.
server/lib/mockDataGenerator.ts(178,38): error TS2345: Argument of type 'readonly ["active", "inactive", "pause", "waiting"]' is not assignable to parameter of type 'unknown[]'.
  The type 'readonly ["active", "inactive", "pause", "waiting"]' is 'readonly' and cannot be assigned to the mutable type 'unknown[]'.
server/lib/mockDataGenerator.ts(239,38): error TS2345: Argument of type 'readonly ["pause", "active", "completed", "waiting"]' is not assignable to parameter of type 'unknown[]'.
  The type 'readonly ["pause", "active", "completed", "waiting"]' is 'readonly' and cannot be assigned to the mutable type 'unknown[]'.
server/lib/multiTenantSupabase.ts(4,10): error TS2724: '"../../shared/db-schema.js"' has no exported member named 'DashboardCompleteV5'. Did you mean 'DashboardCompletoV5Base'?
server/lib/optimizationHelpers.ts(331,41): error TS2339: Property 'memoryStats' does not exist on type 'Promise<{ redisConnected: boolean; memoryKeys: number; memoryStats: Stats; redis: { commandsToday: number; commandsThisMonth: number; lastReset: string; monthKey: string; }; }>'.
server/lib/optimizationHelpers.ts(339,36): error TS2339: Property 'redisConnected' does not exist on type 'Promise<{ redisConnected: boolean; memoryKeys: number; memoryStats: Stats; redis: { commandsToday: number; commandsThisMonth: number; lastReset: string; monthKey: string; }; }>'.
server/lib/optimizationHelpers.ts(340,32): error TS2339: Property 'memoryKeys' does not exist on type 'Promise<{ redisConnected: boolean; memoryKeys: number; memoryStats: Stats; redis: { commandsToday: number; commandsThisMonth: number; lastReset: string; monthKey: string; }; }>'.
server/lib/optimizationHelpers.ts(344,35): error TS2339: Property 'redis' does not exist on type 'Promise<{ redisConnected: boolean; memoryKeys: number; memoryStats: Stats; redis: { commandsToday: number; commandsThisMonth: number; lastReset: string; monthKey: string; }; }>'.
server/lib/optimizationHelpers.ts(348,37): error TS2339: Property 'redis' does not exist on type 'Promise<{ redis: { commandsToday: number; commandsThisMonth: number; monthlyLimit: number; percentage: number; month: string; }; supabase: { bandwidthUsed: number; limit: number; percentage: number; }; lastReset: string; }>'.
server/lib/optimizationHelpers.ts(349,29): error TS2339: Property 'redis' does not exist on type 'Promise<{ redis: { commandsToday: number; commandsThisMonth: number; monthlyLimit: number; percentage: number; month: string; }; supabase: { bandwidthUsed: number; limit: number; percentage: number; }; lastReset: string; }>'.
server/lib/optimizationHelpers.ts(350,34): error TS2339: Property 'redis' does not exist on type 'Promise<{ redis: { commandsToday: number; commandsThisMonth: number; monthlyLimit: number; percentage: number; month: string; }; supabase: { bandwidthUsed: number; limit: number; percentage: number; }; lastReset: string; }>'.
server/lib/optimizationHelpers.ts(351,30): error TS2339: Property 'redis' does not exist on type 'Promise<{ redis: { commandsToday: number; commandsThisMonth: number; monthlyLimit: number; percentage: number; month: string; }; supabase: { bandwidthUsed: number; limit: number; percentage: number; }; lastReset: string; }>'.
server/lib/optimizationHelpers.ts(352,30): error TS2339: Property 'redis' does not exist on type 'Promise<{ redis: { commandsToday: number; commandsThisMonth: number; monthlyLimit: number; percentage: number; month: string; }; supabase: { bandwidthUsed: number; limit: number; percentage: number; }; lastReset: string; }>'.
server/lib/optimizationHelpers.ts(355,38): error TS2339: Property 'supabase' does not exist on type 'Promise<{ redis: { commandsToday: number; commandsThisMonth: number; monthlyLimit: number; percentage: number; month: string; }; supabase: { bandwidthUsed: number; limit: number; percentage: number; }; lastReset: string; }>'.
server/lib/optimizationHelpers.ts(356,30): error TS2339: Property 'supabase' does not exist on type 'Promise<{ redis: { commandsToday: number; commandsThisMonth: number; monthlyLimit: number; percentage: number; month: string; }; supabase: { bandwidthUsed: number; limit: number; percentage: number; }; lastReset: string; }>'.
server/lib/optimizationHelpers.ts(357,34): error TS2339: Property 'supabase' does not exist on type 'Promise<{ redis: { commandsToday: number; commandsThisMonth: number; monthlyLimit: number; percentage: number; month: string; }; supabase: { bandwidthUsed: number; limit: number; percentage: number; }; lastReset: string; }>'.
server/lib/optimizationHelpers.ts(358,30): error TS2339: Property 'supabase' does not exist on type 'Promise<{ redis: { commandsToday: number; commandsThisMonth: number; monthlyLimit: number; percentage: number; month: string; }; supabase: { bandwidthUsed: number; limit: number; percentage: number; }; lastReset: string; }>'.
server/lib/optimizationHelpers.ts(359,30): error TS2339: Property 'supabase' does not exist on type 'Promise<{ redis: { commandsToday: number; commandsThisMonth: number; monthlyLimit: number; percentage: number; month: string; }; supabase: { bandwidthUsed: number; limit: number; percentage: number; }; lastReset: string; }>'.
server/lib/optimizationHelpers.ts(361,31): error TS2339: Property 'lastReset' does not exist on type 'Promise<{ redis: { commandsToday: number; commandsThisMonth: number; monthlyLimit: number; percentage: number; month: string; }; supabase: { bandwidthUsed: number; limit: number; percentage: number; }; lastReset: string; }>'.
server/lib/optimizationHelpers.ts(365,36): error TS2339: Property 'memoryKeys' does not exist on type 'Promise<{ redisConnected: boolean; memoryKeys: number; memoryStats: Stats; redis: { commandsToday: number; commandsThisMonth: number; lastReset: string; monthKey: string; }; }>'.
server/lib/optimizationHelpers.ts(366,33): error TS2339: Property 'redisConnected' does not exist on type 'Promise<{ redisConnected: boolean; memoryKeys: number; memoryStats: Stats; redis: { commandsToday: number; commandsThisMonth: number; lastReset: string; monthKey: string; }; }>'.
server/lib/optimizationHelpers.ts(368,22): error TS2339: Property 'redis' does not exist on type 'Promise<{ redis: { commandsToday: number; commandsThisMonth: number; monthlyLimit: number; percentage: number; month: string; }; supabase: { bandwidthUsed: number; limit: number; percentage: number; }; lastReset: string; }>'.
server/lib/optimizationHelpers.ts(368,59): error TS2339: Property 'supabase' does not exist on type 'Promise<{ redis: { commandsToday: number; commandsThisMonth: number; monthlyLimit: number; percentage: number; month: string; }; supabase: { bandwidthUsed: number; limit: number; percentage: number; }; lastReset: string; }>'.
server/lib/optimizationHelpers.ts(369,22): error TS2339: Property 'redis' does not exist on type 'Promise<{ redis: { commandsToday: number; commandsThisMonth: number; monthlyLimit: number; percentage: number; month: string; }; supabase: { bandwidthUsed: number; limit: number; percentage: number; }; lastReset: string; }>'.
server/lib/optimizationHelpers.ts(369,59): error TS2339: Property 'supabase' does not exist on type 'Promise<{ redis: { commandsToday: number; commandsThisMonth: number; monthlyLimit: number; percentage: number; month: string; }; supabase: { bandwidthUsed: number; limit: number; percentage: number; }; lastReset: string; }>'.
server/lib/pdfGenerator.ts(872,31): error TS2345: Argument of type 'Date' is not assignable to parameter of type 'string'.
server/lib/sentry.ts(37,35): error TS2554: Expected 0 arguments, but got 1.
server/lib/sentry.ts(176,17): error TS2339: Property 'startTransaction' does not exist on type 'typeof import("C:/Users/davie/Downloads/Skill e mcp/loja/plataformacompleta-store-update-20260214-165922/plataformacompleta/node_modules/@sentry/node/build/types/index")'.
server/lib/sentryOptimized.ts(78,18): error TS2551: Property 'Integrations' does not exist on type 'typeof import("C:/Users/davie/Downloads/Skill e mcp/loja/plataformacompleta-store-update-20260214-165922/plataformacompleta/node_modules/@sentry/node/build/types/index")'. Did you mean 'fsIntegration'?
server/lib/sentryOptimized.ts(79,18): error TS2551: Property 'Integrations' does not exist on type 'typeof import("C:/Users/davie/Downloads/Skill e mcp/loja/plataformacompleta-store-update-20260214-165922/plataformacompleta/node_modules/@sentry/node/build/types/index")'. Did you mean 'fsIntegration'?
server/lib/sentryOptimized.ts(129,17): error TS2339: Property 'Handlers' does not exist on type 'typeof import("C:/Users/davie/Downloads/Skill e mcp/loja/plataformacompleta-store-update-20260214-165922/plataformacompleta/node_modules/@sentry/node/build/types/index")'.
server/lib/sentryOptimized.ts(144,17): error TS2339: Property 'Handlers' does not exist on type 'typeof import("C:/Users/davie/Downloads/Skill e mcp/loja/plataformacompleta-store-update-20260214-165922/plataformacompleta/node_modules/@sentry/node/build/types/index")'.
server/lib/sentryOptimized.ts(236,19): error TS2339: Property 'getCurrentHub' does not exist on type 'typeof import("C:/Users/davie/Downloads/Skill e mcp/loja/plataformacompleta-store-update-20260214-165922/plataformacompleta/node_modules/@sentry/node/build/types/index")'.
server/lib/supabaseOptimizer.ts(10,10): error TS2305: Module '"./cacheStrategies"' has no exported member 'smartCache'.
server/lib/supabaseOptimizer.ts(10,22): error TS2305: Module '"./cacheStrategies"' has no exported member 'CacheKeys'.
server/lib/supabaseOptimizer.ts(10,33): error TS2305: Module '"./cacheStrategies"' has no exported member 'TTL_STRATEGIES'.
server/lib/supabaseOptimizer.ts(180,14): error TS2322: Type 'GenericStringError[]' is not assignable to type 'T[]'.
  Type 'GenericStringError' is not assignable to type 'T'.
    'T' could be instantiated with an arbitrary type which could be unrelated to 'GenericStringError'.
server/routes/assinatura.ts(838,73): error TS2345: Argument of type 'string | string[]' is not assignable to parameter of type 'string'.
  Type 'string[]' is not assignable to type 'string'.
server/routes/assinatura.ts(845,66): error TS2345: Argument of type 'string | string[]' is not assignable to parameter of type 'string'.
  Type 'string[]' is not assignable to type 'string'.
server/routes/assinatura.ts(858,42): error TS2345: Argument of type 'string | string[]' is not assignable to parameter of type 'string'.
  Type 'string[]' is not assignable to type 'string'.
server/routes/assinatura.ts(884,66): error TS2345: Argument of type 'string | string[]' is not assignable to parameter of type 'string'.
  Type 'string[]' is not assignable to type 'string'.
server/routes/assinatura.ts(886,61): error TS2345: Argument of type 'string | string[]' is not assignable to parameter of type 'string'.
  Type 'string[]' is not assignable to type 'string'.
server/routes/assinatura.ts(897,44): error TS2345: Argument of type 'string | string[]' is not assignable to parameter of type 'string'.
  Type 'string[]' is not assignable to type 'string'.
server/routes/assinatura.ts(1472,51): error TS2345: Argument of type 'string | string[]' is not assignable to parameter of type 'string'.
  Type 'string[]' is not assignable to type 'string'.
server/routes/assinatura.ts(1476,78): error TS2345: Argument of type 'string | string[]' is not assignable to parameter of type 'string'.
  Type 'string[]' is not assignable to type 'string'.
server/routes/assinatura.ts(1484,31): error TS2345: Argument of type 'string | string[]' is not assignable to parameter of type 'string'.
  Type 'string[]' is not assignable to type 'string'.
server/routes/assinatura.ts(1522,49): error TS2345: Argument of type 'string | string[]' is not assignable to parameter of type 'string'.
  Type 'string[]' is not assignable to type 'string'.
server/routes/assinatura.ts(1539,81): error TS2345: Argument of type 'string | string[]' is not assignable to parameter of type 'string'.
  Type 'string[]' is not assignable to type 'string'.
server/routes/assinatura.ts(1541,76): error TS2345: Argument of type 'string | string[]' is not assignable to parameter of type 'string'.
  Type 'string[]' is not assignable to type 'string'.
server/routes/assinatura.ts(1570,75): error TS2345: Argument of type 'string | string[]' is not assignable to parameter of type 'string'.
  Type 'string[]' is not assignable to type 'string'.
server/routes/assinatura.ts(1655,66): error TS2345: Argument of type 'string | string[]' is not assignable to parameter of type 'string'.
  Type 'string[]' is not assignable to type 'string'.
server/routes/assinatura.ts(1657,61): error TS2345: Argument of type 'string | string[]' is not assignable to parameter of type 'string'.
  Type 'string[]' is not assignable to type 'string'.
server/routes/assinatura.ts(1671,42): error TS2345: Argument of type 'string | string[]' is not assignable to parameter of type 'string'.
  Type 'string[]' is not assignable to type 'string'.
server/routes/assinatura.ts(2004,51): error TS2345: Argument of type 'string | string[]' is not assignable to parameter of type 'string'.
  Type 'string[]' is not assignable to type 'string'.
server/routes/assinatura.ts(2008,77): error TS2345: Argument of type 'string | string[]' is not assignable to parameter of type 'string'.
  Type 'string[]' is not assignable to type 'string'.
server/routes/assinatura.ts(2014,33): error TS2345: Argument of type 'string | string[]' is not assignable to parameter of type 'string'.
  Type 'string[]' is not assignable to type 'string'.
server/routes/assinatura.ts(2015,34): error TS2345: Argument of type 'string | string[]' is not assignable to parameter of type 'string'.
  Type 'string[]' is not assignable to type 'string'.
server/routes/assinatura.ts(2422,69): error TS2345: Argument of type 'string | string[]' is not assignable to parameter of type 'string'.
  Type 'string[]' is not assignable to type 'string'.
server/routes/assinatura.ts(2435,44): error TS2345: Argument of type 'string | string[]' is not assignable to parameter of type 'string'.
  Type 'string[]' is not assignable to type 'string'.
server/routes/auth.ts(261,55): error TS2345: Argument of type 'string | string[]' is not assignable to parameter of type 'string'.
  Type 'string[]' is not assignable to type 'string'.
server/routes/auth.ts(288,55): error TS2345: Argument of type 'string | string[]' is not assignable to parameter of type 'string'.
  Type 'string[]' is not assignable to type 'string'.
server/routes/automation.ts(10,26): error TS2339: Property 'user' does not exist on type 'Request<ParamsDictionary, any, any, ParsedQs, Record<string, any>>'.
server/routes/automation.ts(57,26): error TS2339: Property 'user' does not exist on type 'Request<ParamsDictionary, any, any, ParsedQs, Record<string, any>>'.
server/routes/automation.ts(99,26): error TS2339: Property 'user' does not exist on type 'Request<ParamsDictionary, any, any, ParsedQs, Record<string, any>>'.
server/routes/billing.ts(401,9): error TS2345: Argument of type '"files"' is not assignable to parameter of type '"attachments" | "transactions" | "items"'.
server/routes/billing.ts(1229,52): error TS2339: Property 'substring' does not exist on type 'string | string[]'.
  Property 'substring' does not exist on type 'string[]'.
server/routes/billing.ts(1250,79): error TS2339: Property 'substring' does not exist on type 'string | string[]'.
  Property 'substring' does not exist on type 'string[]'.
server/routes/billing.ts(1300,98): error TS2339: Property 'substring' does not exist on type 'string | string[]'.
  Property 'substring' does not exist on type 'string[]'.
server/routes/billing.ts(1303,38): error TS2322: Type 'string | string[]' is not assignable to type 'string'.
  Type 'string[]' is not assignable to type 'string'.
server/routes/billing.ts(1841,48): error TS2769: No overload matches this call.
  Overload 1 of 2, '(value: { id: string | SQL<unknown> | Placeholder<string, any>; tenantId: string | SQL<unknown> | Placeholder<string, any>; itemId?: string | SQL<unknown> | Placeholder<...>; ... 4 more ...; lineItemsCount?: number | ... 1 more ... | Placeholder<...>; }): PgInsertBase<...>', gave the following error.
    Argument of type '{ id: any; itemId: string; accountId: any; dueDate: any; totalAmount: string; lineItemsCount: any; rawData: any; }[]' is not assignable to parameter of type '{ id: string | SQL<unknown> | Placeholder<string, any>; tenantId: string | SQL<unknown> | Placeholder<string, any>; itemId?: string | SQL<unknown> | Placeholder<string, any>; ... 4 more ...; lineItemsCount?: number | ... 1 more ... | Placeholder<...>; }'.
      Type '{ id: any; itemId: string; accountId: any; dueDate: any; totalAmount: string; lineItemsCount: any; rawData: any; }[]' is missing the following properties from type '{ id: string | SQL<unknown> | Placeholder<string, any>; tenantId: string | SQL<unknown> | Placeholder<string, any>; itemId?: string | SQL<unknown> | Placeholder<string, any>; ... 4 more ...; lineItemsCount?: number | ... 1 more ... | Placeholder<...>; }': id, tenantId
  Overload 2 of 2, '(values: { id: string | SQL<unknown> | Placeholder<string, any>; tenantId: string | SQL<unknown> | Placeholder<string, any>; itemId?: string | SQL<unknown> | Placeholder<...>; ... 4 more ...; lineItemsCount?: number | ... 1 more ... | Placeholder<...>; }[]): PgInsertBase<...>', gave the following error.
    Argument of type '{ id: any; itemId: string; accountId: any; dueDate: any; totalAmount: string; lineItemsCount: any; rawData: any; }[]' is not assignable to parameter of type '{ id: string | SQL<unknown> | Placeholder<string, any>; tenantId: string | SQL<unknown> | Placeholder<string, any>; itemId?: string | SQL<unknown> | Placeholder<string, any>; ... 4 more ...; lineItemsCount?: number | ... 1 more ... | Placeholder<...>; }[]'.
      Property 'tenantId' is missing in type '{ id: any; itemId: string; accountId: any; dueDate: any; totalAmount: string; lineItemsCount: any; rawData: any; }' but required in type '{ id: string | SQL<unknown> | Placeholder<string, any>; tenantId: string | SQL<unknown> | Placeholder<string, any>; itemId?: string | SQL<unknown> | Placeholder<string, any>; ... 4 more ...; lineItemsCount?: number | ... 1 more ... | Placeholder<...>; }'.
server/routes/billing.ts(1844,45): error TS2769: No overload matches this call.
  Overload 1 of 2, '(value: { tenantId: string | SQL<unknown> | Placeholder<string, any>; itemId: string | SQL<unknown> | Placeholder<string, any>; lastSync?: SQL<unknown> | Date | Placeholder<...>; ... 5 more ...; rawStats?: unknown; }): PgInsertBase<...>', gave the following error.
    Argument of type '{ itemId: string; lastSync: Date; totalAccounts: any; totalTransactions: any; totalInvoices: any; periodStart: any; periodEnd: any; rawStats: any; }' is not assignable to parameter of type '{ tenantId: string | SQL<unknown> | Placeholder<string, any>; itemId: string | SQL<unknown> | Placeholder<string, any>; lastSync?: SQL<unknown> | Date | Placeholder<...>; ... 5 more ...; rawStats?: unknown; }'.
      Property 'tenantId' is missing in type '{ itemId: string; lastSync: Date; totalAccounts: any; totalTransactions: any; totalInvoices: any; periodStart: any; periodEnd: any; rawStats: any; }' but required in type '{ tenantId: string | SQL<unknown> | Placeholder<string, any>; itemId: string | SQL<unknown> | Placeholder<string, any>; lastSync?: SQL<unknown> | Date | Placeholder<...>; ... 5 more ...; rawStats?: unknown; }'.
  Overload 2 of 2, '(values: { tenantId: string | SQL<unknown> | Placeholder<string, any>; itemId: string | SQL<unknown> | Placeholder<string, any>; lastSync?: SQL<unknown> | Date | Placeholder<...>; ... 5 more ...; rawStats?: unknown; }[]): PgInsertBase<...>', gave the following error.
    Argument of type '{ itemId: string; lastSync: Date; totalAccounts: any; totalTransactions: any; totalInvoices: any; periodStart: any; periodEnd: any; rawStats: any; }' is not assignable to parameter of type '{ tenantId: string | SQL<unknown> | Placeholder<string, any>; itemId: string | SQL<unknown> | Placeholder<string, any>; lastSync?: SQL<unknown> | Date | Placeholder<...>; ... 5 more ...; rawStats?: unknown; }[]'.
      Type '{ itemId: string; lastSync: Date; totalAccounts: any; totalTransactions: any; totalInvoices: any; periodStart: any; periodEnd: any; rawStats: any; }' is missing the following properties from type '{ tenantId: string | SQL<unknown> | Placeholder<string, any>; itemId: string | SQL<unknown> | Placeholder<string, any>; lastSync?: SQL<unknown> | Date | Placeholder<...>; ... 5 more ...; rawStats?: unknown; }[]': length, pop, push, concat, and 29 more.
server/routes/billing.ts(2184,56): error TS2345: Argument of type 'string | string[]' is not assignable to parameter of type 'string'.
  Type 'string[]' is not assignable to type 'string'.
server/routes/billing.ts(2187,50): error TS2345: Argument of type 'string | string[]' is not assignable to parameter of type 'string'.
  Type 'string[]' is not assignable to type 'string'.
server/routes/billing.ts(2208,49): error TS2345: Argument of type 'string | string[]' is not assignable to parameter of type 'string'.
  Type 'string[]' is not assignable to type 'string'.
server/routes/billing.ts(2218,27): error TS2345: Argument of type 'string | string[]' is not assignable to parameter of type 'string'.
  Type 'string[]' is not assignable to type 'string'.
server/routes/billing.ts(2296,70): error TS2339: Property 'substring' does not exist on type 'string | string[]'.
  Property 'substring' does not exist on type 'string[]'.
server/routes/billing.ts(2303,56): error TS2345: Argument of type 'string | string[]' is not assignable to parameter of type 'string'.
  Type 'string[]' is not assignable to type 'string'.
server/routes/billing.ts(2307,50): error TS2345: Argument of type 'string | string[]' is not assignable to parameter of type 'string'.
  Type 'string[]' is not assignable to type 'string'.
server/routes/billing.ts(2328,29): error TS2345: Argument of type 'string | string[]' is not assignable to parameter of type 'string'.
  Type 'string[]' is not assignable to type 'string'.
server/routes/billing.ts(2332,54): error TS2345: Argument of type 'string | string[]' is not assignable to parameter of type 'string'.
  Type 'string[]' is not assignable to type 'string'.
server/routes/billing.ts(2356,88): error TS2345: Argument of type 'string | string[]' is not assignable to parameter of type 'string'.
  Type 'string[]' is not assignable to type 'string'.
server/routes/billing.ts(2395,27): error TS2345: Argument of type 'string | string[]' is not assignable to parameter of type 'string'.
  Type 'string[]' is not assignable to type 'string'.
server/routes/billing.ts(2471,57): error TS2769: No overload matches this call.
  Overload 1 of 2, '(value: { id: string | SQL<unknown> | Placeholder<string, any>; tenantId: string | SQL<unknown> | Placeholder<string, any>; fileName: string | SQL<unknown> | Placeholder<...>; ... 10 more ...; description?: string | ... 1 more ... | Placeholder<...>; }): PgInsertBase<...>', gave the following error.
    Argument of type '{ fileName: string; fileUrl: string; fileSize: number; mimeType: string; type: any; category: any; amount: any; date: any; description: any; status: string; }' is not assignable to parameter of type '{ id: string | SQL<unknown> | Placeholder<string, any>; tenantId: string | SQL<unknown> | Placeholder<string, any>; fileName: string | SQL<unknown> | Placeholder<...>; ... 10 more ...; description?: string | ... 1 more ... | Placeholder<...>; }'.
      Type '{ fileName: string; fileUrl: string; fileSize: number; mimeType: string; type: any; category: any; amount: any; date: any; description: any; status: string; }' is missing the following properties from type '{ id: string | SQL<unknown> | Placeholder<string, any>; tenantId: string | SQL<unknown> | Placeholder<string, any>; fileName: string | SQL<unknown> | Placeholder<...>; ... 10 more ...; description?: string | ... 1 more ... | Placeholder<...>; }': id, tenantId
  Overload 2 of 2, '(values: { id: string | SQL<unknown> | Placeholder<string, any>; tenantId: string | SQL<unknown> | Placeholder<string, any>; fileName: string | SQL<unknown> | Placeholder<...>; ... 10 more ...; description?: string | ... 1 more ... | Placeholder<...>; }[]): PgInsertBase<...>', gave the following error.
    Object literal may only specify known properties, and 'fileName' does not exist in type '{ id: string | SQL<unknown> | Placeholder<string, any>; tenantId: string | SQL<unknown> | Placeholder<string, any>; fileName: string | SQL<unknown> | Placeholder<...>; ... 10 more ...; description?: string | ... 1 more ... | Placeholder<...>; }[]'.
server/routes/billing.ts(2485,51): error TS2769: No overload matches this call.
  Overload 1 of 2, '(value: { id: string | SQL<unknown> | Placeholder<string, any>; tenantId: string | SQL<unknown> | Placeholder<string, any>; fileName: string | SQL<unknown> | Placeholder<...>; ... 14 more ...; n8nData?: unknown; }): PgInsertBase<...>', gave the following error.
    Argument of type '{ fileName: string; fileUrl: string; fileSize: number; mimeType: string; category: any; amount: any; date: any; description: any; storageType: string; n8nProcessed: string; status: string; }' is not assignable to parameter of type '{ id: string | SQL<unknown> | Placeholder<string, any>; tenantId: string | SQL<unknown> | Placeholder<string, any>; fileName: string | SQL<unknown> | Placeholder<...>; ... 14 more ...; n8nData?: unknown; }'.
      Type '{ fileName: string; fileUrl: string; fileSize: number; mimeType: string; category: any; amount: any; date: any; description: any; storageType: string; n8nProcessed: string; status: string; }' is missing the following properties from type '{ id: string | SQL<unknown> | Placeholder<string, any>; tenantId: string | SQL<unknown> | Placeholder<string, any>; fileName: string | SQL<unknown> | Placeholder<...>; ... 14 more ...; n8nData?: unknown; }': id, tenantId
  Overload 2 of 2, '(values: { id: string | SQL<unknown> | Placeholder<string, any>; tenantId: string | SQL<unknown> | Placeholder<string, any>; fileName: string | SQL<unknown> | Placeholder<...>; ... 14 more ...; n8nData?: unknown; }[]): PgInsertBase<...>', gave the following error.
    Object literal may only specify known properties, and 'fileName' does not exist in type '{ id: string | SQL<unknown> | Placeholder<string, any>; tenantId: string | SQL<unknown> | Placeholder<string, any>; fileName: string | SQL<unknown> | Placeholder<...>; ... 14 more ...; n8nData?: unknown; }[]'.
server/routes/billing.ts(2503,52): error TS2307: Cannot find module '../supabase-client' or its corresponding type declarations.
server/routes/billing.ts(2665,51): error TS2769: No overload matches this call.
  Overload 1 of 2, '(value: { id: string | SQL<unknown> | Placeholder<string, any>; tenantId: string | SQL<unknown> | Placeholder<string, any>; fileName: string | SQL<unknown> | Placeholder<...>; ... 14 more ...; n8nData?: unknown; }): PgInsertBase<...>', gave the following error.
    Object literal may only specify known properties, and 'dueDate' does not exist in type '{ id: string | SQL<unknown> | Placeholder<string, any>; tenantId: string | SQL<unknown> | Placeholder<string, any>; fileName: string | SQL<unknown> | Placeholder<...>; ... 14 more ...; n8nData?: unknown; }'.
  Overload 2 of 2, '(values: { id: string | SQL<unknown> | Placeholder<string, any>; tenantId: string | SQL<unknown> | Placeholder<string, any>; fileName: string | SQL<unknown> | Placeholder<...>; ... 14 more ...; n8nData?: unknown; }[]): PgInsertBase<...>', gave the following error.
    Object literal may only specify known properties, and 'fileName' does not exist in type '{ id: string | SQL<unknown> | Placeholder<string, any>; tenantId: string | SQL<unknown> | Placeholder<string, any>; fileName: string | SQL<unknown> | Placeholder<...>; ... 14 more ...; n8nData?: unknown; }[]'.
server/routes/billing.ts(2681,57): error TS2769: No overload matches this call.
  Overload 1 of 2, '(value: { id: string | SQL<unknown> | Placeholder<string, any>; tenantId: string | SQL<unknown> | Placeholder<string, any>; fileName: string | SQL<unknown> | Placeholder<...>; ... 10 more ...; description?: string | ... 1 more ... | Placeholder<...>; }): PgInsertBase<...>', gave the following error.
    Argument of type '{ fileName: string; fileUrl: any; fileSize: number; mimeType: string; type: string; category: any; amount: any; date: any; description: any; status: string; }' is not assignable to parameter of type '{ id: string | SQL<unknown> | Placeholder<string, any>; tenantId: string | SQL<unknown> | Placeholder<string, any>; fileName: string | SQL<unknown> | Placeholder<...>; ... 10 more ...; description?: string | ... 1 more ... | Placeholder<...>; }'.
      Type '{ fileName: string; fileUrl: any; fileSize: number; mimeType: string; type: string; category: any; amount: any; date: any; description: any; status: string; }' is missing the following properties from type '{ id: string | SQL<unknown> | Placeholder<string, any>; tenantId: string | SQL<unknown> | Placeholder<string, any>; fileName: string | SQL<unknown> | Placeholder<...>; ... 10 more ...; description?: string | ... 1 more ... | Placeholder<...>; }': id, tenantId
  Overload 2 of 2, '(values: { id: string | SQL<unknown> | Placeholder<string, any>; tenantId: string | SQL<unknown> | Placeholder<string, any>; fileName: string | SQL<unknown> | Placeholder<...>; ... 10 more ...; description?: string | ... 1 more ... | Placeholder<...>; }[]): PgInsertBase<...>', gave the following error.
    Object literal may only specify known properties, and 'fileName' does not exist in type '{ id: string | SQL<unknown> | Placeholder<string, any>; tenantId: string | SQL<unknown> | Placeholder<string, any>; fileName: string | SQL<unknown> | Placeholder<...>; ... 10 more ...; description?: string | ... 1 more ... | Placeholder<...>; }[]'.
server/routes/billing.ts(2698,52): error TS2307: Cannot find module '../supabase-client' or its corresponding type declarations.
server/routes/billing.ts(2795,56): error TS2307: Cannot find module '../supabase-client' or its corresponding type declarations.
server/routes/biometric.ts(15,8): error TS2307: Cannot find module '@simplewebauthn/server/script/deps' or its corresponding type declarations.
server/routes/biometric.ts(45,7): error TS2322: Type '{ id: Uint8Array<ArrayBuffer>; type: string; transports: AuthenticatorTransport[]; }[]' is not assignable to type '{ id: string; transports?: AuthenticatorTransportFuture[]; }[]'.
  Type '{ id: Uint8Array<ArrayBuffer>; type: string; transports: AuthenticatorTransport[]; }' is not assignable to type '{ id: string; transports?: AuthenticatorTransportFuture[]; }'.
    Types of property 'id' are incompatible.
      Type 'Uint8Array<ArrayBuffer>' is not assignable to type 'string'.
server/routes/biometric.ts(57,17): error TS2339: Property 'challenge' does not exist on type 'Session & Partial<SessionData>'.
server/routes/biometric.ts(58,17): error TS2339: Property 'email' does not exist on type 'Session & Partial<SessionData>'.
server/routes/biometric.ts(70,43): error TS2339: Property 'challenge' does not exist on type 'Session & Partial<SessionData>'.
server/routes/biometric.ts(71,31): error TS2339: Property 'email' does not exist on type 'Session & Partial<SessionData>'.
server/routes/biometric.ts(85,15): error TS2339: Property 'credentialID' does not exist on type '{ fmt: AttestationFormat; aaguid: string; credential: WebAuthnCredential; credentialType: "public-key"; attestationObject: Uint8Array<ArrayBuffer>; ... 5 more ...; authenticatorExtensionResults?: unknown; }'.
server/routes/biometric.ts(85,29): error TS2339: Property 'credentialPublicKey' does not exist on type '{ fmt: AttestationFormat; aaguid: string; credential: WebAuthnCredential; credentialType: "public-key"; attestationObject: Uint8Array<ArrayBuffer>; ... 5 more ...; authenticatorExtensionResults?: unknown; }'.
server/routes/biometric.ts(85,50): error TS2339: Property 'counter' does not exist on type '{ fmt: AttestationFormat; aaguid: string; credential: WebAuthnCredential; credentialType: "public-key"; attestationObject: Uint8Array<ArrayBuffer>; ... 5 more ...; authenticatorExtensionResults?: unknown; }'.
server/routes/biometric.ts(87,45): error TS2769: No overload matches this call.
  Overload 1 of 2, '(value: { userId: string | SQL<unknown> | Placeholder<string, any>; tenantId: string | SQL<unknown> | Placeholder<string, any>; credentialId: string | SQL<unknown> | Placeholder<...>; ... 6 more ...; lastUsedAt?: SQL<...> | ... 1 more ... | Placeholder<...>; }): PgInsertBase<...>', gave the following error.
    Argument of type '{ userId: any; credentialId: any; publicKey: string; counter: any; transports: any; deviceName: string; }' is not assignable to parameter of type '{ userId: string | SQL<unknown> | Placeholder<string, any>; tenantId: string | SQL<unknown> | Placeholder<string, any>; credentialId: string | SQL<unknown> | Placeholder<...>; ... 6 more ...; lastUsedAt?: SQL<...> | ... 1 more ... | Placeholder<...>; }'.
      Property 'tenantId' is missing in type '{ userId: any; credentialId: any; publicKey: string; counter: any; transports: any; deviceName: string; }' but required in type '{ userId: string | SQL<unknown> | Placeholder<string, any>; tenantId: string | SQL<unknown> | Placeholder<string, any>; credentialId: string | SQL<unknown> | Placeholder<...>; ... 6 more ...; lastUsedAt?: SQL<...> | ... 1 more ... | Placeholder<...>; }'.
  Overload 2 of 2, '(values: { userId: string | SQL<unknown> | Placeholder<string, any>; tenantId: string | SQL<unknown> | Placeholder<string, any>; credentialId: string | SQL<unknown> | Placeholder<...>; ... 6 more ...; lastUsedAt?: SQL<...> | ... 1 more ... | Placeholder<...>; }[]): PgInsertBase<...>', gave the following error.
    Object literal may only specify known properties, and 'userId' does not exist in type '{ userId: string | SQL<unknown> | Placeholder<string, any>; tenantId: string | SQL<unknown> | Placeholder<string, any>; credentialId: string | SQL<unknown> | Placeholder<...>; ... 6 more ...; lastUsedAt?: SQL<...> | ... 1 more ... | Placeholder<...>; }[]'.
server/routes/biometric.ts(96,26): error TS2339: Property 'challenge' does not exist on type 'Session & Partial<SessionData>'.
server/routes/biometric.ts(97,26): error TS2339: Property 'email' does not exist on type 'Session & Partial<SessionData>'.
server/routes/biometric.ts(131,7): error TS2322: Type '{ id: Uint8Array<ArrayBuffer>; type: string; transports: AuthenticatorTransport[]; }[]' is not assignable to type '{ id: string; transports?: AuthenticatorTransportFuture[]; }[]'.
  Type '{ id: Uint8Array<ArrayBuffer>; type: string; transports: AuthenticatorTransport[]; }' is not assignable to type '{ id: string; transports?: AuthenticatorTransportFuture[]; }'.
    Types of property 'id' are incompatible.
      Type 'Uint8Array<ArrayBuffer>' is not assignable to type 'string'.
server/routes/biometric.ts(140,17): error TS2339: Property 'challenge' does not exist on type 'Session & Partial<SessionData>'.
server/routes/biometric.ts(141,17): error TS2339: Property 'email' does not exist on type 'Session & Partial<SessionData>'.
server/routes/biometric.ts(153,43): error TS2339: Property 'challenge' does not exist on type 'Session & Partial<SessionData>'.
server/routes/biometric.ts(154,31): error TS2339: Property 'email' does not exist on type 'Session & Partial<SessionData>'.
server/routes/biometric.ts(176,7): error TS2353: Object literal may only specify known properties, and 'authenticator' does not exist in type '{ response: AuthenticationResponseJSON; expectedChallenge: string | ((challenge: string) => boolean | Promise<boolean>); expectedOrigin: string | string[]; ... 4 more ...; advancedFIDOConfig?: { ...; }; }'.
server/routes/biometric.ts(192,26): error TS2339: Property 'challenge' does not exist on type 'Session & Partial<SessionData>'.
server/routes/biometric.ts(193,26): error TS2339: Property 'email' does not exist on type 'Session & Partial<SessionData>'.
server/routes/compliance.ts(159,71): error TS2339: Property 'error' does not exist on type 'ComplianceCheckResult'.
server/routes/compliance.ts(512,16): error TS2769: No overload matches this call.
  Overload 1 of 3, '(left: PgColumn<{ name: "id"; tableName: "datacorp_checks"; dataType: "string"; columnType: "PgUUID"; data: string; driverParam: string; notNull: true; hasDefault: true; isPrimaryKey: true; isAutoincrement: false; ... 4 more ...; generated: undefined; }, {}, {}>, right: string | SQLWrapper): SQL<...>', gave the following error.
    Argument of type 'string | string[]' is not assignable to parameter of type 'string | SQLWrapper'.
      Type 'string[]' is not assignable to type 'string | SQLWrapper'.
  Overload 2 of 3, '(left: Aliased<string | string[]>, right: string | string[] | SQLWrapper): SQL<unknown>', gave the following error.
    Argument of type 'PgColumn<{ name: "id"; tableName: "datacorp_checks"; dataType: "string"; columnType: "PgUUID"; data: string; driverParam: string; notNull: true; hasDefault: true; isPrimaryKey: true; isAutoincrement: false; ... 4 more ...; generated: undefined; }, {}, {}>' is not assignable to parameter of type 'Aliased<string | string[]>'.
      Type 'PgColumn<{ name: "id"; tableName: "datacorp_checks"; dataType: "string"; columnType: "PgUUID"; data: string; driverParam: string; notNull: true; hasDefault: true; isPrimaryKey: true; isAutoincrement: false; ... 4 more ...; generated: undefined; }, {}, {}>' is missing the following properties from type 'Aliased<string | string[]>': sql, fieldAlias
  Overload 3 of 3, '(left: never, right: unknown): SQL<unknown>', gave the following error.
    Argument of type 'PgColumn<{ name: "id"; tableName: "datacorp_checks"; dataType: "string"; columnType: "PgUUID"; data: string; driverParam: string; notNull: true; hasDefault: true; isPrimaryKey: true; isAutoincrement: false; ... 4 more ...; generated: undefined; }, {}, {}>' is not assignable to parameter of type 'never'.
server/routes/compliance.ts(541,43): error TS2345: Argument of type 'string | string[]' is not assignable to parameter of type 'string'.
  Type 'string[]' is not assignable to type 'string'.
server/routes/compliance.ts(589,18): error TS2769: No overload matches this call.
  Overload 1 of 3, '(left: PgColumn<{ name: "id"; tableName: "datacorp_checks"; dataType: "string"; columnType: "PgUUID"; data: string; driverParam: string; notNull: true; hasDefault: true; isPrimaryKey: true; isAutoincrement: false; ... 4 more ...; generated: undefined; }, {}, {}>, right: string | SQLWrapper): SQL<...>', gave the following error.
    Argument of type 'string | string[]' is not assignable to parameter of type 'string | SQLWrapper'.
      Type 'string[]' is not assignable to type 'string | SQLWrapper'.
  Overload 2 of 3, '(left: Aliased<string | string[]>, right: string | string[] | SQLWrapper): SQL<unknown>', gave the following error.
    Argument of type 'PgColumn<{ name: "id"; tableName: "datacorp_checks"; dataType: "string"; columnType: "PgUUID"; data: string; driverParam: string; notNull: true; hasDefault: true; isPrimaryKey: true; isAutoincrement: false; ... 4 more ...; generated: undefined; }, {}, {}>' is not assignable to parameter of type 'Aliased<string | string[]>'.
      Type 'PgColumn<{ name: "id"; tableName: "datacorp_checks"; dataType: "string"; columnType: "PgUUID"; data: string; driverParam: string; notNull: true; hasDefault: true; isPrimaryKey: true; isAutoincrement: false; ... 4 more ...; generated: undefined; }, {}, {}>' is missing the following properties from type 'Aliased<string | string[]>': sql, fieldAlias
  Overload 3 of 3, '(left: never, right: unknown): SQL<unknown>', gave the following error.
    Argument of type 'PgColumn<{ name: "id"; tableName: "datacorp_checks"; dataType: "string"; columnType: "PgUUID"; data: string; driverParam: string; notNull: true; hasDefault: true; isPrimaryKey: true; isAutoincrement: false; ... 4 more ...; generated: undefined; }, {}, {}>' is not assignable to parameter of type 'never'.
server/routes/config.ts(2216,15): error TS2339: Property 'getSupabaseClient' does not exist on type 'typeof import("C:/Users/davie/Downloads/Skill e mcp/loja/plataformacompleta-store-update-20260214-165922/plataformacompleta/server/lib/multiTenantSupabase")'.
server/routes/connections.ts(119,29): error TS2554: Expected 1 arguments, but got 0.
server/routes/connections.ts(158,26): error TS2339: Property 'user' does not exist on type 'Request<ParamsDictionary, any, any, ParsedQs, Record<string, any>>'.
server/routes/connections.ts(159,26): error TS2339: Property 'user' does not exist on type 'Request<ParamsDictionary, any, any, ParsedQs, Record<string, any>>'.
server/routes/credentials.ts(375,38): error TS2339: Property 'bigdatacorpConfig' does not exist on type '{}'.
server/routes/credentials.ts(378,38): error TS2339: Property 'hms100msConfig' does not exist on type '{}'.
server/routes/credentials.ts(387,38): error TS2339: Property 'totalExpressConfig' does not exist on type '{}'.
server/routes/credentials.ts(565,38): error TS2304: Cannot find name 'authenticateToken'.
server/routes/credentials.ts(598,47): error TS2304: Cannot find name 'authenticateToken'.
server/routes/credentials.ts(601,62): error TS2339: Property 'user' does not exist on type 'Request<{ instance: string; }, any, any, ParsedQs, Record<string, any>>'.
server/routes/credentials.ts(623,39): error TS2304: Cannot find name 'authenticateToken'.
server/routes/dashboard.ts(9,10): error TS2724: '"../../shared/db-schema"' has no exported member named 'DashboardCompleteV5'. Did you mean 'DashboardCompletoV5Base'?
server/routes/dashboard.ts(33,26): error TS2339: Property 'user' does not exist on type 'Request<ParamsDictionary, any, any, ParsedQs, Record<string, any>>'.
server/routes/dashboard.ts(34,26): error TS2339: Property 'user' does not exist on type 'Request<ParamsDictionary, any, any, ParsedQs, Record<string, any>>'.
server/routes/dashboard.ts(118,26): error TS2339: Property 'user' does not exist on type 'Request<ParamsDictionary, any, any, ParsedQs, Record<string, any>>'.
server/routes/dashboard.ts(119,26): error TS2339: Property 'user' does not exist on type 'Request<ParamsDictionary, any, any, ParsedQs, Record<string, any>>'.
server/routes/dashboard.ts(198,26): error TS2339: Property 'user' does not exist on type 'Request<ParamsDictionary, any, any, ParsedQs, Record<string, any>>'.
server/routes/dashboard.ts(200,26): error TS2339: Property 'user' does not exist on type 'Request<ParamsDictionary, any, any, ParsedQs, Record<string, any>>'.
server/routes/dashboard.ts(294,26): error TS2339: Property 'user' does not exist on type 'Request<ParamsDictionary, any, any, ParsedQs, Record<string, any>>'.
server/routes/dashboard.ts(296,26): error TS2339: Property 'user' does not exist on type 'Request<ParamsDictionary, any, any, ParsedQs, Record<string, any>>'.
server/routes/dashboard.ts(384,30): error TS2339: Property 'user' does not exist on type 'Request<ParamsDictionary, any, any, ParsedQs, Record<string, any>>'.
server/routes/dashboard.ts(386,26): error TS2339: Property 'user' does not exist on type 'Request<ParamsDictionary, any, any, ParsedQs, Record<string, any>>'.
server/routes/dashboard.ts(640,32): error TS2339: Property 'user' does not exist on type 'Request<ParamsDictionary, any, any, ParsedQs, Record<string, any>>'.
server/routes/dashboard.ts(724,70): error TS2339: Property 'includes' does not exist on type 'never'.
server/routes/dashboard.ts(740,46): error TS2339: Property 'name' does not exist on type 'Organizer'.
  Property 'name' does not exist on type 'string'.
server/routes/dashboard.ts(740,71): error TS2339: Property 'email' does not exist on type 'Organizer'.
  Property 'email' does not exist on type 'string'.
server/routes/dashboard.ts(902,26): error TS2339: Property 'user' does not exist on type 'Request<ParamsDictionary, any, any, ParsedQs, Record<string, any>>'.
server/routes/dashboard.ts(903,26): error TS2339: Property 'user' does not exist on type 'Request<ParamsDictionary, any, any, ParsedQs, Record<string, any>>'.
server/routes/dashboard.ts(976,13): error TS2353: Object literal may only specify known properties, and 'timeout' does not exist in type 'RequestInit'.
server/routes/dashboard.ts(1124,26): error TS2339: Property 'user' does not exist on type 'Request<ParamsDictionary, any, any, ParsedQs, Record<string, any>>'.
server/routes/dashboard.ts(1126,26): error TS2339: Property 'user' does not exist on type 'Request<ParamsDictionary, any, any, ParsedQs, Record<string, any>>'.
server/routes/dashboard.ts(1220,26): error TS2339: Property 'user' does not exist on type 'Request<ParamsDictionary, any, any, ParsedQs, Record<string, any>>'.
server/routes/dashboard.ts(1222,26): error TS2339: Property 'user' does not exist on type 'Request<ParamsDictionary, any, any, ParsedQs, Record<string, any>>'.
server/routes/envio.ts(203,51): error TS2345: Argument of type 'string | string[]' is not assignable to parameter of type 'string'.
  Type 'string[]' is not assignable to type 'string'.
server/routes/envio.ts(233,50): error TS2345: Argument of type 'string | string[]' is not assignable to parameter of type 'string'.
  Type 'string[]' is not assignable to type 'string'.
server/routes/envio.ts(249,56): error TS2345: Argument of type 'string | string[]' is not assignable to parameter of type 'string'.
  Type 'string[]' is not assignable to type 'string'.
server/routes/envio.ts(263,38): error TS2339: Property 'toUpperCase' does not exist on type 'string | string[]'.
  Property 'toUpperCase' does not exist on type 'string[]'.
server/routes/envio.ts(281,51): error TS2345: Argument of type 'string | string[]' is not assignable to parameter of type 'string'.
  Type 'string[]' is not assignable to type 'string'.
server/routes/envio.ts(285,63): error TS2345: Argument of type 'string | string[]' is not assignable to parameter of type 'string'.
  Type 'string[]' is not assignable to type 'string'.
server/routes/envio.ts(299,51): error TS2345: Argument of type 'string | string[]' is not assignable to parameter of type 'string'.
  Type 'string[]' is not assignable to type 'string'.
server/routes/envio.ts(305,7): error TS2322: Type 'string | string[]' is not assignable to type 'string'.
  Type 'string[]' is not assignable to type 'string'.
server/routes/envio.ts(547,58): error TS2345: Argument of type 'string | string[]' is not assignable to parameter of type 'string'.
  Type 'string[]' is not assignable to type 'string'.
server/routes/envio.ts(561,51): error TS2345: Argument of type 'string | string[]' is not assignable to parameter of type 'string'.
  Type 'string[]' is not assignable to type 'string'.
server/routes/envio.ts(666,66): error TS2345: Argument of type 'string | string[]' is not assignable to parameter of type 'string'.
  Type 'string[]' is not assignable to type 'string'.
server/routes/envio.ts(671,49): error TS2339: Property 'startsWith' does not exist on type 'string | string[]'.
  Property 'startsWith' does not exist on type 'string[]'.
server/routes/envio.ts(678,34): error TS2345: Argument of type 'string | string[]' is not assignable to parameter of type 'string'.
  Type 'string[]' is not assignable to type 'string'.
server/routes/envio.ts(698,40): error TS2345: Argument of type 'string | string[]' is not assignable to parameter of type 'string'.
  Type 'string[]' is not assignable to type 'string'.
server/routes/envio.ts(724,68): error TS2345: Argument of type 'string | string[]' is not assignable to parameter of type 'string'.
  Type 'string[]' is not assignable to type 'string'.
server/routes/forms.ts(56,31): error TS2554: Expected 4-5 arguments, but got 2.
server/routes/forms.ts(114,9): error TS2741: Property 'where' is missing in type 'Omit<import("C:/Users/davie/Downloads/Skill e mcp/loja/plataformacompleta-store-update-20260214-165922/plataformacompleta/node_modules/drizzle-orm/pg-core/query-builders/select").PgSelectBase<"forms", { submissionCount: import("C:/Users/davie/Downloads/Skill e mcp/loja/plataformacompleta-store-update-20260214-165922...' but required in type 'Omit<import("C:/Users/davie/Downloads/Skill e mcp/loja/plataformacompleta-store-update-20260214-165922/plataformacompleta/node_modules/drizzle-orm/pg-core/query-builders/select").PgSelectBase<"forms", { submissionCount: import("C:/Users/davie/Downloads/Skill e mcp/loja/plataformacompleta-store-update-20260214-165922...'.
server/routes/forms.ts(147,30): error TS2554: Expected 4-5 arguments, but got 2.
server/routes/forms.ts(190,14): error TS2769: No overload matches this call.
  Overload 1 of 3, '(left: PgColumn<{ name: "id"; tableName: "forms"; dataType: "string"; columnType: "PgUUID"; data: string; driverParam: string; notNull: true; hasDefault: true; isPrimaryKey: true; isAutoincrement: false; ... 4 more ...; generated: undefined; }, {}, {}>, right: string | SQLWrapper): SQL<...>', gave the following error.
    Argument of type 'string | string[]' is not assignable to parameter of type 'string | SQLWrapper'.
      Type 'string[]' is not assignable to type 'string | SQLWrapper'.
  Overload 2 of 3, '(left: Aliased<string | string[]>, right: string | string[] | SQLWrapper): SQL<unknown>', gave the following error.
    Argument of type 'PgColumn<{ name: "id"; tableName: "forms"; dataType: "string"; columnType: "PgUUID"; data: string; driverParam: string; notNull: true; hasDefault: true; isPrimaryKey: true; isAutoincrement: false; hasRuntimeDefault: false; enumValues: undefined; baseColumn: never; identity: undefined; generated: undefined; }, {}, {}>' is not assignable to parameter of type 'Aliased<string | string[]>'.
      Type 'PgColumn<{ name: "id"; tableName: "forms"; dataType: "string"; columnType: "PgUUID"; data: string; driverParam: string; notNull: true; hasDefault: true; isPrimaryKey: true; isAutoincrement: false; hasRuntimeDefault: false; enumValues: undefined; baseColumn: never; identity: undefined; generated: undefined; }, {}, {}>' is missing the following properties from type 'Aliased<string | string[]>': sql, fieldAlias
  Overload 3 of 3, '(left: never, right: unknown): SQL<unknown>', gave the following error.
    Argument of type 'PgColumn<{ name: "id"; tableName: "forms"; dataType: "string"; columnType: "PgUUID"; data: string; driverParam: string; notNull: true; hasDefault: true; isPrimaryKey: true; isAutoincrement: false; hasRuntimeDefault: false; enumValues: undefined; baseColumn: never; identity: undefined; generated: undefined; }, {}, {}>' is not assignable to parameter of type 'never'.
server/routes/forms.ts(240,8): error TS2769: No overload matches this call.
  Overload 1 of 2, '(value: { tenantId: string | SQL<unknown> | Placeholder<string, any>; title: string | SQL<unknown> | Placeholder<string, any>; questions: unknown; id?: string | SQL<unknown> | Placeholder<...>; ... 12 more ...; completionPageId?: string | ... 1 more ... | Placeholder<...>; }): PgInsertBase<...>', gave the following error.
    Argument of type '{ title: any; description: any; welcomeTitle: any; welcomeMessage: any; welcomeConfig: any; questions: any; elements: any; passingScore: any; scoreTiers: any; designConfig: any; completionPageId: any; }' is not assignable to parameter of type '{ tenantId: string | SQL<unknown> | Placeholder<string, any>; title: string | SQL<unknown> | Placeholder<string, any>; questions: unknown; id?: string | SQL<unknown> | Placeholder<...>; ... 12 more ...; completionPageId?: string | ... 1 more ... | Placeholder<...>; }'.
      Property 'tenantId' is missing in type '{ title: any; description: any; welcomeTitle: any; welcomeMessage: any; welcomeConfig: any; questions: any; elements: any; passingScore: any; scoreTiers: any; designConfig: any; completionPageId: any; }' but required in type '{ tenantId: string | SQL<unknown> | Placeholder<string, any>; title: string | SQL<unknown> | Placeholder<string, any>; questions: unknown; id?: string | SQL<unknown> | Placeholder<...>; ... 12 more ...; completionPageId?: string | ... 1 more ... | Placeholder<...>; }'.
  Overload 2 of 2, '(values: { tenantId: string | SQL<unknown> | Placeholder<string, any>; title: string | SQL<unknown> | Placeholder<string, any>; questions: unknown; id?: string | SQL<unknown> | Placeholder<...>; ... 12 more ...; completionPageId?: string | ... 1 more ... | Placeholder<...>; }[]): PgInsertBase<...>', gave the following error.
    Object literal may only specify known properties, and 'title' does not exist in type '{ tenantId: string | SQL<unknown> | Placeholder<string, any>; title: string | SQL<unknown> | Placeholder<string, any>; questions: unknown; id?: string | SQL<unknown> | Placeholder<...>; ... 12 more ...; completionPageId?: string | ... 1 more ... | Placeholder<...>; }[]'.
server/routes/forms.ts(256,11): error TS2554: Expected 2-3 arguments, but got 0.
server/routes/forms.ts(315,14): error TS2769: No overload matches this call.
  Overload 1 of 3, '(left: PgColumn<{ name: "id"; tableName: "forms"; dataType: "string"; columnType: "PgUUID"; data: string; driverParam: string; notNull: true; hasDefault: true; isPrimaryKey: true; isAutoincrement: false; ... 4 more ...; generated: undefined; }, {}, {}>, right: string | SQLWrapper): SQL<...>', gave the following error.
    Argument of type 'string | string[]' is not assignable to parameter of type 'string | SQLWrapper'.
      Type 'string[]' is not assignable to type 'string | SQLWrapper'.
  Overload 2 of 3, '(left: Aliased<string | string[]>, right: string | string[] | SQLWrapper): SQL<unknown>', gave the following error.
    Argument of type 'PgColumn<{ name: "id"; tableName: "forms"; dataType: "string"; columnType: "PgUUID"; data: string; driverParam: string; notNull: true; hasDefault: true; isPrimaryKey: true; isAutoincrement: false; hasRuntimeDefault: false; enumValues: undefined; baseColumn: never; identity: undefined; generated: undefined; }, {}, {}>' is not assignable to parameter of type 'Aliased<string | string[]>'.
      Type 'PgColumn<{ name: "id"; tableName: "forms"; dataType: "string"; columnType: "PgUUID"; data: string; driverParam: string; notNull: true; hasDefault: true; isPrimaryKey: true; isAutoincrement: false; hasRuntimeDefault: false; enumValues: undefined; baseColumn: never; identity: undefined; generated: undefined; }, {}, {}>' is missing the following properties from type 'Aliased<string | string[]>': sql, fieldAlias
  Overload 3 of 3, '(left: never, right: unknown): SQL<unknown>', gave the following error.
    Argument of type 'PgColumn<{ name: "id"; tableName: "forms"; dataType: "string"; columnType: "PgUUID"; data: string; driverParam: string; notNull: true; hasDefault: true; isPrimaryKey: true; isAutoincrement: false; hasRuntimeDefault: false; enumValues: undefined; baseColumn: never; identity: undefined; generated: undefined; }, {}, {}>' is not assignable to parameter of type 'never'.
server/routes/forms.ts(326,11): error TS2554: Expected 2-3 arguments, but got 1.
server/routes/forms.ts(327,11): error TS2554: Expected 2-3 arguments, but got 1.
server/routes/forms.ts(356,14): error TS2769: No overload matches this call.
  Overload 1 of 3, '(left: PgColumn<{ name: "id"; tableName: "forms"; dataType: "string"; columnType: "PgUUID"; data: string; driverParam: string; notNull: true; hasDefault: true; isPrimaryKey: true; isAutoincrement: false; ... 4 more ...; generated: undefined; }, {}, {}>, right: string | SQLWrapper): SQL<...>', gave the following error.
    Argument of type 'string | string[]' is not assignable to parameter of type 'string | SQLWrapper'.
      Type 'string[]' is not assignable to type 'string | SQLWrapper'.
  Overload 2 of 3, '(left: Aliased<string | string[]>, right: string | string[] | SQLWrapper): SQL<unknown>', gave the following error.
    Argument of type 'PgColumn<{ name: "id"; tableName: "forms"; dataType: "string"; columnType: "PgUUID"; data: string; driverParam: string; notNull: true; hasDefault: true; isPrimaryKey: true; isAutoincrement: false; hasRuntimeDefault: false; enumValues: undefined; baseColumn: never; identity: undefined; generated: undefined; }, {}, {}>' is not assignable to parameter of type 'Aliased<string | string[]>'.
      Type 'PgColumn<{ name: "id"; tableName: "forms"; dataType: "string"; columnType: "PgUUID"; data: string; driverParam: string; notNull: true; hasDefault: true; isPrimaryKey: true; isAutoincrement: false; hasRuntimeDefault: false; enumValues: undefined; baseColumn: never; identity: undefined; generated: undefined; }, {}, {}>' is missing the following properties from type 'Aliased<string | string[]>': sql, fieldAlias
  Overload 3 of 3, '(left: never, right: unknown): SQL<unknown>', gave the following error.
    Argument of type 'PgColumn<{ name: "id"; tableName: "forms"; dataType: "string"; columnType: "PgUUID"; data: string; driverParam: string; notNull: true; hasDefault: true; isPrimaryKey: true; isAutoincrement: false; hasRuntimeDefault: false; enumValues: undefined; baseColumn: never; identity: undefined; generated: undefined; }, {}, {}>' is not assignable to parameter of type 'never'.
server/routes/forms.ts(367,11): error TS2554: Expected 2-3 arguments, but got 1.
server/routes/forms.ts(368,11): error TS2554: Expected 2-3 arguments, but got 1.
server/routes/forms.ts(392,14): error TS2769: No overload matches this call.
  Overload 1 of 3, '(left: PgColumn<{ name: "id"; tableName: "forms"; dataType: "string"; columnType: "PgUUID"; data: string; driverParam: string; notNull: true; hasDefault: true; isPrimaryKey: true; isAutoincrement: false; ... 4 more ...; generated: undefined; }, {}, {}>, right: string | SQLWrapper): SQL<...>', gave the following error.
    Argument of type 'string | string[]' is not assignable to parameter of type 'string | SQLWrapper'.
      Type 'string[]' is not assignable to type 'string | SQLWrapper'.
  Overload 2 of 3, '(left: Aliased<string | string[]>, right: string | string[] | SQLWrapper): SQL<unknown>', gave the following error.
    Argument of type 'PgColumn<{ name: "id"; tableName: "forms"; dataType: "string"; columnType: "PgUUID"; data: string; driverParam: string; notNull: true; hasDefault: true; isPrimaryKey: true; isAutoincrement: false; hasRuntimeDefault: false; enumValues: undefined; baseColumn: never; identity: undefined; generated: undefined; }, {}, {}>' is not assignable to parameter of type 'Aliased<string | string[]>'.
      Type 'PgColumn<{ name: "id"; tableName: "forms"; dataType: "string"; columnType: "PgUUID"; data: string; driverParam: string; notNull: true; hasDefault: true; isPrimaryKey: true; isAutoincrement: false; hasRuntimeDefault: false; enumValues: undefined; baseColumn: never; identity: undefined; generated: undefined; }, {}, {}>' is missing the following properties from type 'Aliased<string | string[]>': sql, fieldAlias
  Overload 3 of 3, '(left: never, right: unknown): SQL<unknown>', gave the following error.
    Argument of type 'PgColumn<{ name: "id"; tableName: "forms"; dataType: "string"; columnType: "PgUUID"; data: string; driverParam: string; notNull: true; hasDefault: true; isPrimaryKey: true; isAutoincrement: false; hasRuntimeDefault: false; enumValues: undefined; baseColumn: never; identity: undefined; generated: undefined; }, {}, {}>' is not assignable to parameter of type 'never'.
server/routes/forms.ts(406,8): error TS2769: No overload matches this call.
  Overload 1 of 2, '(value: { tenantId: string | SQL<unknown> | Placeholder<string, any>; title: string | SQL<unknown> | Placeholder<string, any>; questions: unknown; id?: string | SQL<unknown> | Placeholder<...>; ... 12 more ...; completionPageId?: string | ... 1 more ... | Placeholder<...>; }): PgInsertBase<...>', gave the following error.
    Argument of type '{ title: string; description: string; welcomeTitle: string; welcomeMessage: string; welcomeConfig: unknown; questions: unknown; elements: unknown; passingScore: number; scoreTiers: unknown; designConfig: unknown; completionPageId: string; }' is not assignable to parameter of type '{ tenantId: string | SQL<unknown> | Placeholder<string, any>; title: string | SQL<unknown> | Placeholder<string, any>; questions: unknown; id?: string | SQL<unknown> | Placeholder<...>; ... 12 more ...; completionPageId?: string | ... 1 more ... | Placeholder<...>; }'.
      Property 'tenantId' is missing in type '{ title: string; description: string; welcomeTitle: string; welcomeMessage: string; welcomeConfig: unknown; questions: unknown; elements: unknown; passingScore: number; scoreTiers: unknown; designConfig: unknown; completionPageId: string; }' but required in type '{ tenantId: string | SQL<unknown> | Placeholder<string, any>; title: string | SQL<unknown> | Placeholder<string, any>; questions: unknown; id?: string | SQL<unknown> | Placeholder<...>; ... 12 more ...; completionPageId?: string | ... 1 more ... | Placeholder<...>; }'.
  Overload 2 of 2, '(values: { tenantId: string | SQL<unknown> | Placeholder<string, any>; title: string | SQL<unknown> | Placeholder<string, any>; questions: unknown; id?: string | SQL<unknown> | Placeholder<...>; ... 12 more ...; completionPageId?: string | ... 1 more ... | Placeholder<...>; }[]): PgInsertBase<...>', gave the following error.
    Object literal may only specify known properties, and 'title' does not exist in type '{ tenantId: string | SQL<unknown> | Placeholder<string, any>; title: string | SQL<unknown> | Placeholder<string, any>; questions: unknown; id?: string | SQL<unknown> | Placeholder<...>; ... 12 more ...; completionPageId?: string | ... 1 more ... | Placeholder<...>; }[]'.
server/routes/forms.ts(479,14): error TS2769: No overload matches this call.
  Overload 1 of 3, '(left: PgColumn<{ name: "form_id"; tableName: "form_submissions"; dataType: "string"; columnType: "PgUUID"; data: string; driverParam: string; notNull: true; hasDefault: false; isPrimaryKey: false; isAutoincrement: false; ... 4 more ...; generated: undefined; }, {}, {}>, right: string | SQLWrapper): SQL<...>', gave the following error.
    Argument of type 'string | string[]' is not assignable to parameter of type 'string | SQLWrapper'.
      Type 'string[]' is not assignable to type 'string | SQLWrapper'.
  Overload 2 of 3, '(left: Aliased<string | string[]>, right: string | string[] | SQLWrapper): SQL<unknown>', gave the following error.
    Argument of type 'PgColumn<{ name: "form_id"; tableName: "form_submissions"; dataType: "string"; columnType: "PgUUID"; data: string; driverParam: string; notNull: true; hasDefault: false; isPrimaryKey: false; isAutoincrement: false; ... 4 more ...; generated: undefined; }, {}, {}>' is not assignable to parameter of type 'Aliased<string | string[]>'.
      Type 'PgColumn<{ name: "form_id"; tableName: "form_submissions"; dataType: "string"; columnType: "PgUUID"; data: string; driverParam: string; notNull: true; hasDefault: false; isPrimaryKey: false; isAutoincrement: false; ... 4 more ...; generated: undefined; }, {}, {}>' is missing the following properties from type 'Aliased<string | string[]>': sql, fieldAlias
  Overload 3 of 3, '(left: never, right: unknown): SQL<unknown>', gave the following error.
    Argument of type 'PgColumn<{ name: "form_id"; tableName: "form_submissions"; dataType: "string"; columnType: "PgUUID"; data: string; driverParam: string; notNull: true; hasDefault: false; isPrimaryKey: false; isAutoincrement: false; ... 4 more ...; generated: undefined; }, {}, {}>' is not assignable to parameter of type 'never'.
server/routes/forms.ts(533,14): error TS2769: No overload matches this call.
  Overload 1 of 3, '(left: PgColumn<{ name: "id"; tableName: "form_submissions"; dataType: "string"; columnType: "PgUUID"; data: string; driverParam: string; notNull: true; hasDefault: true; isPrimaryKey: true; isAutoincrement: false; ... 4 more ...; generated: undefined; }, {}, {}>, right: string | SQLWrapper): SQL<...>', gave the following error.
    Argument of type 'string | string[]' is not assignable to parameter of type 'string | SQLWrapper'.
      Type 'string[]' is not assignable to type 'string | SQLWrapper'.
  Overload 2 of 3, '(left: Aliased<string | string[]>, right: string | string[] | SQLWrapper): SQL<unknown>', gave the following error.
    Argument of type 'PgColumn<{ name: "id"; tableName: "form_submissions"; dataType: "string"; columnType: "PgUUID"; data: string; driverParam: string; notNull: true; hasDefault: true; isPrimaryKey: true; isAutoincrement: false; ... 4 more ...; generated: undefined; }, {}, {}>' is not assignable to parameter of type 'Aliased<string | string[]>'.
      Type 'PgColumn<{ name: "id"; tableName: "form_submissions"; dataType: "string"; columnType: "PgUUID"; data: string; driverParam: string; notNull: true; hasDefault: true; isPrimaryKey: true; isAutoincrement: false; ... 4 more ...; generated: undefined; }, {}, {}>' is missing the following properties from type 'Aliased<string | string[]>': sql, fieldAlias
  Overload 3 of 3, '(left: never, right: unknown): SQL<unknown>', gave the following error.
    Argument of type 'PgColumn<{ name: "id"; tableName: "form_submissions"; dataType: "string"; columnType: "PgUUID"; data: string; driverParam: string; notNull: true; hasDefault: true; isPrimaryKey: true; isAutoincrement: false; ... 4 more ...; generated: undefined; }, {}, {}>' is not assignable to parameter of type 'never'.
server/routes/forms.ts(589,14): error TS2769: No overload matches this call.
  Overload 1 of 3, '(left: PgColumn<{ name: "id"; tableName: "forms"; dataType: "string"; columnType: "PgUUID"; data: string; driverParam: string; notNull: true; hasDefault: true; isPrimaryKey: true; isAutoincrement: false; ... 4 more ...; generated: undefined; }, {}, {}>, right: string | SQLWrapper): SQL<...>', gave the following error.
    Argument of type 'string | string[]' is not assignable to parameter of type 'string | SQLWrapper'.
      Type 'string[]' is not assignable to type 'string | SQLWrapper'.
  Overload 2 of 3, '(left: Aliased<string | string[]>, right: string | string[] | SQLWrapper): SQL<unknown>', gave the following error.
    Argument of type 'PgColumn<{ name: "id"; tableName: "forms"; dataType: "string"; columnType: "PgUUID"; data: string; driverParam: string; notNull: true; hasDefault: true; isPrimaryKey: true; isAutoincrement: false; hasRuntimeDefault: false; enumValues: undefined; baseColumn: never; identity: undefined; generated: undefined; }, {}, {}>' is not assignable to parameter of type 'Aliased<string | string[]>'.
      Type 'PgColumn<{ name: "id"; tableName: "forms"; dataType: "string"; columnType: "PgUUID"; data: string; driverParam: string; notNull: true; hasDefault: true; isPrimaryKey: true; isAutoincrement: false; hasRuntimeDefault: false; enumValues: undefined; baseColumn: never; identity: undefined; generated: undefined; }, {}, {}>' is missing the following properties from type 'Aliased<string | string[]>': sql, fieldAlias
  Overload 3 of 3, '(left: never, right: unknown): SQL<unknown>', gave the following error.
    Argument of type 'PgColumn<{ name: "id"; tableName: "forms"; dataType: "string"; columnType: "PgUUID"; data: string; driverParam: string; notNull: true; hasDefault: true; isPrimaryKey: true; isAutoincrement: false; hasRuntimeDefault: false; enumValues: undefined; baseColumn: never; identity: undefined; generated: undefined; }, {}, {}>' is not assignable to parameter of type 'never'.
server/routes/forms.ts(650,15): error TS2339: Property 'formTenantMapping' does not exist on type 'typeof import("C:/Users/davie/Downloads/Skill e mcp/loja/plataformacompleta-store-update-20260214-165922/plataformacompleta/server/lib/publicCache")'.
server/routes/forms.ts(654,52): error TS2307: Cannot find module '../lib/tenantSupabase' or its corresponding type declarations.
server/routes/forms.ts(708,14): error TS2769: No overload matches this call.
  Overload 1 of 3, '(left: PgColumn<{ name: "id"; tableName: "form_submissions"; dataType: "string"; columnType: "PgUUID"; data: string; driverParam: string; notNull: true; hasDefault: true; isPrimaryKey: true; isAutoincrement: false; ... 4 more ...; generated: undefined; }, {}, {}>, right: string | SQLWrapper): SQL<...>', gave the following error.
    Argument of type 'string | string[]' is not assignable to parameter of type 'string | SQLWrapper'.
      Type 'string[]' is not assignable to type 'string | SQLWrapper'.
  Overload 2 of 3, '(left: Aliased<string | string[]>, right: string | string[] | SQLWrapper): SQL<unknown>', gave the following error.
    Argument of type 'PgColumn<{ name: "id"; tableName: "form_submissions"; dataType: "string"; columnType: "PgUUID"; data: string; driverParam: string; notNull: true; hasDefault: true; isPrimaryKey: true; isAutoincrement: false; ... 4 more ...; generated: undefined; }, {}, {}>' is not assignable to parameter of type 'Aliased<string | string[]>'.
      Type 'PgColumn<{ name: "id"; tableName: "form_submissions"; dataType: "string"; columnType: "PgUUID"; data: string; driverParam: string; notNull: true; hasDefault: true; isPrimaryKey: true; isAutoincrement: false; ... 4 more ...; generated: undefined; }, {}, {}>' is missing the following properties from type 'Aliased<string | string[]>': sql, fieldAlias
  Overload 3 of 3, '(left: never, right: unknown): SQL<unknown>', gave the following error.
    Argument of type 'PgColumn<{ name: "id"; tableName: "form_submissions"; dataType: "string"; columnType: "PgUUID"; data: string; driverParam: string; notNull: true; hasDefault: true; isPrimaryKey: true; isAutoincrement: false; ... 4 more ...; generated: undefined; }, {}, {}>' is not assignable to parameter of type 'never'.
server/routes/forms.ts(764,14): error TS2769: No overload matches this call.
  Overload 1 of 3, '(left: PgColumn<{ name: "id"; tableName: "form_templates"; dataType: "string"; columnType: "PgUUID"; data: string; driverParam: string; notNull: true; hasDefault: true; isPrimaryKey: true; isAutoincrement: false; ... 4 more ...; generated: undefined; }, {}, {}>, right: string | SQLWrapper): SQL<...>', gave the following error.
    Argument of type 'string | string[]' is not assignable to parameter of type 'string | SQLWrapper'.
      Type 'string[]' is not assignable to type 'string | SQLWrapper'.
  Overload 2 of 3, '(left: Aliased<string | string[]>, right: string | string[] | SQLWrapper): SQL<unknown>', gave the following error.
    Argument of type 'PgColumn<{ name: "id"; tableName: "form_templates"; dataType: "string"; columnType: "PgUUID"; data: string; driverParam: string; notNull: true; hasDefault: true; isPrimaryKey: true; isAutoincrement: false; ... 4 more ...; generated: undefined; }, {}, {}>' is not assignable to parameter of type 'Aliased<string | string[]>'.
      Type 'PgColumn<{ name: "id"; tableName: "form_templates"; dataType: "string"; columnType: "PgUUID"; data: string; driverParam: string; notNull: true; hasDefault: true; isPrimaryKey: true; isAutoincrement: false; ... 4 more ...; generated: undefined; }, {}, {}>' is missing the following properties from type 'Aliased<string | string[]>': sql, fieldAlias
  Overload 3 of 3, '(left: never, right: unknown): SQL<unknown>', gave the following error.
    Argument of type 'PgColumn<{ name: "id"; tableName: "form_templates"; dataType: "string"; columnType: "PgUUID"; data: string; driverParam: string; notNull: true; hasDefault: true; isPrimaryKey: true; isAutoincrement: false; ... 4 more ...; generated: undefined; }, {}, {}>' is not assignable to parameter of type 'never'.
server/routes/forms.ts(801,8): error TS2769: No overload matches this call.
  Overload 1 of 2, '(value: { tenantId: string | SQL<unknown> | Placeholder<string, any>; name: string | SQL<unknown> | Placeholder<string, any>; designConfig: unknown; questions: unknown; id?: string | ... 1 more ... | Placeholder<...>; ... 4 more ...; isDefault?: boolean | ... 1 more ... | Placeholder<...>; }): PgInsertBase<...>', gave the following error.
    Argument of type '{ name: any; description: any; thumbnailUrl: any; designConfig: any; questions: any; isDefault: any; }' is not assignable to parameter of type '{ tenantId: string | SQL<unknown> | Placeholder<string, any>; name: string | SQL<unknown> | Placeholder<string, any>; designConfig: unknown; questions: unknown; id?: string | SQL<...> | Placeholder<...>; ... 4 more ...; isDefault?: boolean | ... 1 more ... | Placeholder<...>; }'.
      Property 'tenantId' is missing in type '{ name: any; description: any; thumbnailUrl: any; designConfig: any; questions: any; isDefault: any; }' but required in type '{ tenantId: string | SQL<unknown> | Placeholder<string, any>; name: string | SQL<unknown> | Placeholder<string, any>; designConfig: unknown; questions: unknown; id?: string | SQL<...> | Placeholder<...>; ... 4 more ...; isDefault?: boolean | ... 1 more ... | Placeholder<...>; }'.
  Overload 2 of 2, '(values: { tenantId: string | SQL<unknown> | Placeholder<string, any>; name: string | SQL<unknown> | Placeholder<string, any>; designConfig: unknown; questions: unknown; id?: string | ... 1 more ... | Placeholder<...>; ... 4 more ...; isDefault?: boolean | ... 1 more ... | Placeholder<...>; }[]): PgInsertBase<...>', gave the following error.
    Object literal may only specify known properties, and 'name' does not exist in type '{ tenantId: string | SQL<unknown> | Placeholder<string, any>; name: string | SQL<unknown> | Placeholder<string, any>; designConfig: unknown; questions: unknown; id?: string | SQL<...> | Placeholder<...>; ... 4 more ...; isDefault?: boolean | ... 1 more ... | Placeholder<...>; }[]'.
server/routes/forms.ts(844,14): error TS2769: No overload matches this call.
  Overload 1 of 3, '(left: PgColumn<{ name: "id"; tableName: "form_templates"; dataType: "string"; columnType: "PgUUID"; data: string; driverParam: string; notNull: true; hasDefault: true; isPrimaryKey: true; isAutoincrement: false; ... 4 more ...; generated: undefined; }, {}, {}>, right: string | SQLWrapper): SQL<...>', gave the following error.
    Argument of type 'string | string[]' is not assignable to parameter of type 'string | SQLWrapper'.
      Type 'string[]' is not assignable to type 'string | SQLWrapper'.
  Overload 2 of 3, '(left: Aliased<string | string[]>, right: string | string[] | SQLWrapper): SQL<unknown>', gave the following error.
    Argument of type 'PgColumn<{ name: "id"; tableName: "form_templates"; dataType: "string"; columnType: "PgUUID"; data: string; driverParam: string; notNull: true; hasDefault: true; isPrimaryKey: true; isAutoincrement: false; ... 4 more ...; generated: undefined; }, {}, {}>' is not assignable to parameter of type 'Aliased<string | string[]>'.
      Type 'PgColumn<{ name: "id"; tableName: "form_templates"; dataType: "string"; columnType: "PgUUID"; data: string; driverParam: string; notNull: true; hasDefault: true; isPrimaryKey: true; isAutoincrement: false; ... 4 more ...; generated: undefined; }, {}, {}>' is missing the following properties from type 'Aliased<string | string[]>': sql, fieldAlias
  Overload 3 of 3, '(left: never, right: unknown): SQL<unknown>', gave the following error.
    Argument of type 'PgColumn<{ name: "id"; tableName: "form_templates"; dataType: "string"; columnType: "PgUUID"; data: string; driverParam: string; notNull: true; hasDefault: true; isPrimaryKey: true; isAutoincrement: false; ... 4 more ...; generated: undefined; }, {}, {}>' is not assignable to parameter of type 'never'.
server/routes/forms.ts(874,14): error TS2769: No overload matches this call.
  Overload 1 of 3, '(left: PgColumn<{ name: "id"; tableName: "form_templates"; dataType: "string"; columnType: "PgUUID"; data: string; driverParam: string; notNull: true; hasDefault: true; isPrimaryKey: true; isAutoincrement: false; ... 4 more ...; generated: undefined; }, {}, {}>, right: string | SQLWrapper): SQL<...>', gave the following error.
    Argument of type 'string | string[]' is not assignable to parameter of type 'string | SQLWrapper'.
      Type 'string[]' is not assignable to type 'string | SQLWrapper'.
  Overload 2 of 3, '(left: Aliased<string | string[]>, right: string | string[] | SQLWrapper): SQL<unknown>', gave the following error.
    Argument of type 'PgColumn<{ name: "id"; tableName: "form_templates"; dataType: "string"; columnType: "PgUUID"; data: string; driverParam: string; notNull: true; hasDefault: true; isPrimaryKey: true; isAutoincrement: false; ... 4 more ...; generated: undefined; }, {}, {}>' is not assignable to parameter of type 'Aliased<string | string[]>'.
      Type 'PgColumn<{ name: "id"; tableName: "form_templates"; dataType: "string"; columnType: "PgUUID"; data: string; driverParam: string; notNull: true; hasDefault: true; isPrimaryKey: true; isAutoincrement: false; ... 4 more ...; generated: undefined; }, {}, {}>' is missing the following properties from type 'Aliased<string | string[]>': sql, fieldAlias
  Overload 3 of 3, '(left: never, right: unknown): SQL<unknown>', gave the following error.
    Argument of type 'PgColumn<{ name: "id"; tableName: "form_templates"; dataType: "string"; columnType: "PgUUID"; data: string; driverParam: string; notNull: true; hasDefault: true; isPrimaryKey: true; isAutoincrement: false; ... 4 more ...; generated: undefined; }, {}, {}>' is not assignable to parameter of type 'never'.
server/routes/forms.ts(930,14): error TS2769: No overload matches this call.
  Overload 1 of 3, '(left: PgColumn<{ name: "id"; tableName: "completion_pages"; dataType: "string"; columnType: "PgUUID"; data: string; driverParam: string; notNull: true; hasDefault: true; isPrimaryKey: true; isAutoincrement: false; ... 4 more ...; generated: undefined; }, {}, {}>, right: string | SQLWrapper): SQL<...>', gave the following error.
    Argument of type 'string | string[]' is not assignable to parameter of type 'string | SQLWrapper'.
      Type 'string[]' is not assignable to type 'string | SQLWrapper'.
  Overload 2 of 3, '(left: Aliased<string | string[]>, right: string | string[] | SQLWrapper): SQL<unknown>', gave the following error.
    Argument of type 'PgColumn<{ name: "id"; tableName: "completion_pages"; dataType: "string"; columnType: "PgUUID"; data: string; driverParam: string; notNull: true; hasDefault: true; isPrimaryKey: true; isAutoincrement: false; ... 4 more ...; generated: undefined; }, {}, {}>' is not assignable to parameter of type 'Aliased<string | string[]>'.
      Type 'PgColumn<{ name: "id"; tableName: "completion_pages"; dataType: "string"; columnType: "PgUUID"; data: string; driverParam: string; notNull: true; hasDefault: true; isPrimaryKey: true; isAutoincrement: false; ... 4 more ...; generated: undefined; }, {}, {}>' is missing the following properties from type 'Aliased<string | string[]>': sql, fieldAlias
  Overload 3 of 3, '(left: never, right: unknown): SQL<unknown>', gave the following error.
    Argument of type 'PgColumn<{ name: "id"; tableName: "completion_pages"; dataType: "string"; columnType: "PgUUID"; data: string; driverParam: string; notNull: true; hasDefault: true; isPrimaryKey: true; isAutoincrement: false; ... 4 more ...; generated: undefined; }, {}, {}>' is not assignable to parameter of type 'never'.
server/routes/forms.ts(987,8): error TS2769: No overload matches this call.
  Overload 1 of 2, '(value: { tenantId: string | SQL<unknown> | Placeholder<string, any>; name: string | SQL<unknown> | Placeholder<string, any>; id?: string | SQL<unknown> | Placeholder<string, any>; ... 19 more ...; designConfig?: unknown; }): PgInsertBase<...>', gave the following error.
    Argument of type '{ name: any; title: any; subtitle: any; successMessage: any; failureMessage: any; showScore: any; showTierBadge: any; logo: any; logoAlign: any; successIconColor: any; failureIconColor: any; successIconImage: any; ... 6 more ...; designConfig: any; }' is not assignable to parameter of type '{ tenantId: string | SQL<unknown> | Placeholder<string, any>; name: string | SQL<unknown> | Placeholder<string, any>; id?: string | SQL<unknown> | Placeholder<string, any>; ... 19 more ...; designConfig?: unknown; }'.
      Property 'tenantId' is missing in type '{ name: any; title: any; subtitle: any; successMessage: any; failureMessage: any; showScore: any; showTierBadge: any; logo: any; logoAlign: any; successIconColor: any; failureIconColor: any; successIconImage: any; ... 6 more ...; designConfig: any; }' but required in type '{ tenantId: string | SQL<unknown> | Placeholder<string, any>; name: string | SQL<unknown> | Placeholder<string, any>; id?: string | SQL<unknown> | Placeholder<string, any>; ... 19 more ...; designConfig?: unknown; }'.
  Overload 2 of 2, '(values: { tenantId: string | SQL<unknown> | Placeholder<string, any>; name: string | SQL<unknown> | Placeholder<string, any>; id?: string | SQL<unknown> | Placeholder<string, any>; ... 19 more ...; designConfig?: unknown; }[]): PgInsertBase<...>', gave the following error.
    Object literal may only specify known properties, and 'name' does not exist in type '{ tenantId: string | SQL<unknown> | Placeholder<string, any>; name: string | SQL<unknown> | Placeholder<string, any>; id?: string | SQL<unknown> | Placeholder<string, any>; ... 19 more ...; designConfig?: unknown; }[]'.
server/routes/forms.ts(1048,14): error TS2769: No overload matches this call.
  Overload 1 of 3, '(left: PgColumn<{ name: "id"; tableName: "completion_pages"; dataType: "string"; columnType: "PgUUID"; data: string; driverParam: string; notNull: true; hasDefault: true; isPrimaryKey: true; isAutoincrement: false; ... 4 more ...; generated: undefined; }, {}, {}>, right: string | SQLWrapper): SQL<...>', gave the following error.
    Argument of type 'string | string[]' is not assignable to parameter of type 'string | SQLWrapper'.
      Type 'string[]' is not assignable to type 'string | SQLWrapper'.
  Overload 2 of 3, '(left: Aliased<string | string[]>, right: string | string[] | SQLWrapper): SQL<unknown>', gave the following error.
    Argument of type 'PgColumn<{ name: "id"; tableName: "completion_pages"; dataType: "string"; columnType: "PgUUID"; data: string; driverParam: string; notNull: true; hasDefault: true; isPrimaryKey: true; isAutoincrement: false; ... 4 more ...; generated: undefined; }, {}, {}>' is not assignable to parameter of type 'Aliased<string | string[]>'.
      Type 'PgColumn<{ name: "id"; tableName: "completion_pages"; dataType: "string"; columnType: "PgUUID"; data: string; driverParam: string; notNull: true; hasDefault: true; isPrimaryKey: true; isAutoincrement: false; ... 4 more ...; generated: undefined; }, {}, {}>' is missing the following properties from type 'Aliased<string | string[]>': sql, fieldAlias
  Overload 3 of 3, '(left: never, right: unknown): SQL<unknown>', gave the following error.
    Argument of type 'PgColumn<{ name: "id"; tableName: "completion_pages"; dataType: "string"; columnType: "PgUUID"; data: string; driverParam: string; notNull: true; hasDefault: true; isPrimaryKey: true; isAutoincrement: false; ... 4 more ...; generated: undefined; }, {}, {}>' is not assignable to parameter of type 'never'.
server/routes/forms.ts(1078,14): error TS2769: No overload matches this call.
  Overload 1 of 3, '(left: PgColumn<{ name: "id"; tableName: "completion_pages"; dataType: "string"; columnType: "PgUUID"; data: string; driverParam: string; notNull: true; hasDefault: true; isPrimaryKey: true; isAutoincrement: false; ... 4 more ...; generated: undefined; }, {}, {}>, right: string | SQLWrapper): SQL<...>', gave the following error.
    Argument of type 'string | string[]' is not assignable to parameter of type 'string | SQLWrapper'.
      Type 'string[]' is not assignable to type 'string | SQLWrapper'.
  Overload 2 of 3, '(left: Aliased<string | string[]>, right: string | string[] | SQLWrapper): SQL<unknown>', gave the following error.
    Argument of type 'PgColumn<{ name: "id"; tableName: "completion_pages"; dataType: "string"; columnType: "PgUUID"; data: string; driverParam: string; notNull: true; hasDefault: true; isPrimaryKey: true; isAutoincrement: false; ... 4 more ...; generated: undefined; }, {}, {}>' is not assignable to parameter of type 'Aliased<string | string[]>'.
      Type 'PgColumn<{ name: "id"; tableName: "completion_pages"; dataType: "string"; columnType: "PgUUID"; data: string; driverParam: string; notNull: true; hasDefault: true; isPrimaryKey: true; isAutoincrement: false; ... 4 more ...; generated: undefined; }, {}, {}>' is missing the following properties from type 'Aliased<string | string[]>': sql, fieldAlias
  Overload 3 of 3, '(left: never, right: unknown): SQL<unknown>', gave the following error.
    Argument of type 'PgColumn<{ name: "id"; tableName: "completion_pages"; dataType: "string"; columnType: "PgUUID"; data: string; driverParam: string; notNull: true; hasDefault: true; isPrimaryKey: true; isAutoincrement: false; ... 4 more ...; generated: undefined; }, {}, {}>' is not assignable to parameter of type 'never'.
server/routes/forms.ts(1132,16): error TS2769: No overload matches this call.
  Overload 1 of 3, '(left: PgColumn<{ name: "form_id"; tableName: "form_submissions"; dataType: "string"; columnType: "PgUUID"; data: string; driverParam: string; notNull: true; hasDefault: false; isPrimaryKey: false; isAutoincrement: false; ... 4 more ...; generated: undefined; }, {}, {}>, right: string | SQLWrapper): SQL<...>', gave the following error.
    Argument of type 'string | string[]' is not assignable to parameter of type 'string | SQLWrapper'.
      Type 'string[]' is not assignable to type 'string | SQLWrapper'.
  Overload 2 of 3, '(left: Aliased<string | string[]>, right: string | string[] | SQLWrapper): SQL<unknown>', gave the following error.
    Argument of type 'PgColumn<{ name: "form_id"; tableName: "form_submissions"; dataType: "string"; columnType: "PgUUID"; data: string; driverParam: string; notNull: true; hasDefault: false; isPrimaryKey: false; isAutoincrement: false; ... 4 more ...; generated: undefined; }, {}, {}>' is not assignable to parameter of type 'Aliased<string | string[]>'.
      Type 'PgColumn<{ name: "form_id"; tableName: "form_submissions"; dataType: "string"; columnType: "PgUUID"; data: string; driverParam: string; notNull: true; hasDefault: false; isPrimaryKey: false; isAutoincrement: false; ... 4 more ...; generated: undefined; }, {}, {}>' is missing the following properties from type 'Aliased<string | string[]>': sql, fieldAlias
  Overload 3 of 3, '(left: never, right: unknown): SQL<unknown>', gave the following error.
    Argument of type 'PgColumn<{ name: "form_id"; tableName: "form_submissions"; dataType: "string"; columnType: "PgUUID"; data: string; driverParam: string; notNull: true; hasDefault: false; isPrimaryKey: false; isAutoincrement: false; ... 4 more ...; generated: undefined; }, {}, {}>' is not assignable to parameter of type 'never'.
server/routes/formularios-complete.ts(337,24): error TS2300: Duplicate identifier 'SupabaseClient'.
server/routes/formularios-complete.ts(458,10): error TS2300: Duplicate identifier 'SupabaseClient'.
server/routes/formularios-complete.ts(1121,43): error TS2339: Property 'formularioId' does not exist on type '{ id: string; leadId: string; token: string; sessaoId: string; aberto: boolean; primeiraAberturaEm: Date; ultimaAtividadeEm: Date; totalAcessos: number; camposPreenchidos: unknown; progressoPercentual: number; ... 6 more ...; updatedAt: Date; }'.
server/routes/formularios-complete.ts(1956,20): error TS2769: No overload matches this call.
  Overload 1 of 3, '(left: PgColumn<{ name: "id"; tableName: "forms"; dataType: "string"; columnType: "PgUUID"; data: string; driverParam: string; notNull: true; hasDefault: true; isPrimaryKey: true; isAutoincrement: false; ... 4 more ...; generated: undefined; }, {}, {}>, right: string | SQLWrapper): SQL<...>', gave the following error.
    Argument of type 'string | string[]' is not assignable to parameter of type 'string | SQLWrapper'.
      Type 'string[]' is not assignable to type 'string | SQLWrapper'.
  Overload 2 of 3, '(left: Aliased<string | string[]>, right: string | string[] | SQLWrapper): SQL<unknown>', gave the following error.
    Argument of type 'PgColumn<{ name: "id"; tableName: "forms"; dataType: "string"; columnType: "PgUUID"; data: string; driverParam: string; notNull: true; hasDefault: true; isPrimaryKey: true; isAutoincrement: false; hasRuntimeDefault: false; enumValues: undefined; baseColumn: never; identity: undefined; generated: undefined; }, {}, {}>' is not assignable to parameter of type 'Aliased<string | string[]>'.
      Type 'PgColumn<{ name: "id"; tableName: "forms"; dataType: "string"; columnType: "PgUUID"; data: string; driverParam: string; notNull: true; hasDefault: true; isPrimaryKey: true; isAutoincrement: false; hasRuntimeDefault: false; enumValues: undefined; baseColumn: never; identity: undefined; generated: undefined; }, {}, {}>' is missing the following properties from type 'Aliased<string | string[]>': sql, fieldAlias
  Overload 3 of 3, '(left: never, right: unknown): SQL<unknown>', gave the following error.
    Argument of type 'PgColumn<{ name: "id"; tableName: "forms"; dataType: "string"; columnType: "PgUUID"; data: string; driverParam: string; notNull: true; hasDefault: true; isPrimaryKey: true; isAutoincrement: false; hasRuntimeDefault: false; enumValues: undefined; baseColumn: never; identity: undefined; generated: undefined; }, {}, {}>' is not assignable to parameter of type 'never'.
server/routes/formularios-complete.ts(2269,16): error TS2769: No overload matches this call.
  Overload 1 of 3, '(left: PgColumn<{ name: "form_id"; tableName: "form_tenant_mapping"; dataType: "string"; columnType: "PgUUID"; data: string; driverParam: string; notNull: true; hasDefault: false; isPrimaryKey: true; isAutoincrement: false; ... 4 more ...; generated: undefined; }, {}, {}>, right: string | SQLWrapper): SQL<...>', gave the following error.
    Argument of type 'string | string[]' is not assignable to parameter of type 'string | SQLWrapper'.
      Type 'string[]' is not assignable to type 'string | SQLWrapper'.
  Overload 2 of 3, '(left: Aliased<string | string[]>, right: string | string[] | SQLWrapper): SQL<unknown>', gave the following error.
    Argument of type 'PgColumn<{ name: "form_id"; tableName: "form_tenant_mapping"; dataType: "string"; columnType: "PgUUID"; data: string; driverParam: string; notNull: true; hasDefault: false; isPrimaryKey: true; isAutoincrement: false; ... 4 more ...; generated: undefined; }, {}, {}>' is not assignable to parameter of type 'Aliased<string | string[]>'.
      Type 'PgColumn<{ name: "form_id"; tableName: "form_tenant_mapping"; dataType: "string"; columnType: "PgUUID"; data: string; driverParam: string; notNull: true; hasDefault: false; isPrimaryKey: true; isAutoincrement: false; ... 4 more ...; generated: undefined; }, {}, {}>' is missing the following properties from type 'Aliased<string | string[]>': sql, fieldAlias
  Overload 3 of 3, '(left: never, right: unknown): SQL<unknown>', gave the following error.
    Argument of type 'PgColumn<{ name: "form_id"; tableName: "form_tenant_mapping"; dataType: "string"; columnType: "PgUUID"; data: string; driverParam: string; notNull: true; hasDefault: false; isPrimaryKey: true; isAutoincrement: false; ... 4 more ...; generated: undefined; }, {}, {}>' is not assignable to parameter of type 'never'.
server/routes/formularios-complete.ts(2324,15): error TS2769: No overload matches this call.
  Overload 1 of 2, '(value: { tenantId: string | SQL<unknown> | Placeholder<string, any>; formId: string | SQL<unknown> | Placeholder<string, any>; createdAt?: SQL<unknown> | Date | Placeholder<...>; updatedAt?: SQL<...> | ... 1 more ... | Placeholder<...>; companySlug?: string | ... 1 more ... | Placeholder<...>; isPublic?: boolean | ... 1 more ... | Placeholder<...>; slug?: string | ... 1 more ... | Placeholder<...>; }): PgInsertBase<...>', gave the following error.
    Type 'string | string[]' is not assignable to type 'string | SQL<unknown> | Placeholder<string, any>'.
      Type 'string[]' is not assignable to type 'string | SQL<unknown> | Placeholder<string, any>'.
  Overload 2 of 2, '(values: { tenantId: string | SQL<unknown> | Placeholder<string, any>; formId: string | SQL<unknown> | Placeholder<string, any>; createdAt?: SQL<unknown> | Date | Placeholder<...>; updatedAt?: SQL<...> | ... 1 more ... | Placeholder<...>; companySlug?: string | ... 1 more ... | Placeholder<...>; isPublic?: boolean | ... 1 more ... | Placeholder<...>; slug?: string | ... 1 more ... | Placeholder<...>; }[]): PgInsertBase<...>', gave the following error.
    Object literal may only specify known properties, and 'formId' does not exist in type '{ tenantId: string | SQL<unknown> | Placeholder<string, any>; formId: string | SQL<unknown> | Placeholder<string, any>; createdAt?: SQL<unknown> | Date | Placeholder<...>; updatedAt?: SQL<...> | ... 1 more ... | Placeholder<...>; companySlug?: string | ... 1 more ... | Placeholder<...>; isPublic?: boolean | ... 1 mo...'.
server/routes/formularios-complete.ts(2351,29): error TS2345: Argument of type 'string | string[]' is not assignable to parameter of type 'string'.
  Type 'string[]' is not assignable to type 'string'.
server/routes/formularios-complete.ts(2362,45): error TS2345: Argument of type 'string | string[]' is not assignable to parameter of type 'string'.
  Type 'string[]' is not assignable to type 'string'.
server/routes/formularios-complete.ts(2372,13): error TS2769: No overload matches this call.
  Overload 2 of 2, '(values: { tenantId: string | SQL<unknown> | Placeholder<string, any>; formId: string | SQL<unknown> | Placeholder<string, any>; createdAt?: SQL<unknown> | Date | Placeholder<...>; updatedAt?: SQL<...> | ... 1 more ... | Placeholder<...>; companySlug?: string | ... 1 more ... | Placeholder<...>; isPublic?: boolean | ... 1 more ... | Placeholder<...>; slug?: string | ... 1 more ... | Placeholder<...>; }[]): PgInsertBase<...>', gave the following error.
    Object literal may only specify known properties, and 'formId' does not exist in type '{ tenantId: string | SQL<unknown> | Placeholder<string, any>; formId: string | SQL<unknown> | Placeholder<string, any>; createdAt?: SQL<unknown> | Date | Placeholder<...>; updatedAt?: SQL<...> | ... 1 more ... | Placeholder<...>; companySlug?: string | ... 1 more ... | Placeholder<...>; isPublic?: boolean | ... 1 mo...'.
server/routes/formularios-complete.ts(2383,15): error TS2322: Type 'string | string[]' is not assignable to type 'string | SQL<unknown> | PgColumn<ColumnBaseConfig<ColumnDataType, string>, {}, {}>'.
  Type 'string[]' is not assignable to type 'string | SQL<unknown> | PgColumn<ColumnBaseConfig<ColumnDataType, string>, {}, {}>'.
server/routes/formularios-complete.ts(2395,27): error TS2345: Argument of type 'string | string[]' is not assignable to parameter of type 'string'.
  Type 'string[]' is not assignable to type 'string'.
server/routes/formularios-complete.ts(2399,48): error TS2345: Argument of type 'string | string[]' is not assignable to parameter of type 'string'.
  Type 'string[]' is not assignable to type 'string'.
server/routes/formularios-complete.ts(2432,20): error TS2769: No overload matches this call.
  Overload 1 of 3, '(left: PgColumn<{ name: "form_id"; tableName: "form_tenant_mapping"; dataType: "string"; columnType: "PgUUID"; data: string; driverParam: string; notNull: true; hasDefault: false; isPrimaryKey: true; isAutoincrement: false; ... 4 more ...; generated: undefined; }, {}, {}>, right: string | SQLWrapper): SQL<...>', gave the following error.
    Argument of type 'string | string[]' is not assignable to parameter of type 'string | SQLWrapper'.
      Type 'string[]' is not assignable to type 'string | SQLWrapper'.
  Overload 2 of 3, '(left: Aliased<string | string[]>, right: string | string[] | SQLWrapper): SQL<unknown>', gave the following error.
    Argument of type 'PgColumn<{ name: "form_id"; tableName: "form_tenant_mapping"; dataType: "string"; columnType: "PgUUID"; data: string; driverParam: string; notNull: true; hasDefault: false; isPrimaryKey: true; isAutoincrement: false; ... 4 more ...; generated: undefined; }, {}, {}>' is not assignable to parameter of type 'Aliased<string | string[]>'.
      Type 'PgColumn<{ name: "form_id"; tableName: "form_tenant_mapping"; dataType: "string"; columnType: "PgUUID"; data: string; driverParam: string; notNull: true; hasDefault: false; isPrimaryKey: true; isAutoincrement: false; ... 4 more ...; generated: undefined; }, {}, {}>' is missing the following properties from type 'Aliased<string | string[]>': sql, fieldAlias
  Overload 3 of 3, '(left: never, right: unknown): SQL<unknown>', gave the following error.
    Argument of type 'PgColumn<{ name: "form_id"; tableName: "form_tenant_mapping"; dataType: "string"; columnType: "PgUUID"; data: string; driverParam: string; notNull: true; hasDefault: false; isPrimaryKey: true; isAutoincrement: false; ... 4 more ...; generated: undefined; }, {}, {}>' is not assignable to parameter of type 'never'.
server/routes/formularios-complete.ts(2442,32): error TS2345: Argument of type 'string | string[]' is not assignable to parameter of type 'string'.
  Type 'string[]' is not assignable to type 'string'.
server/routes/formularios-complete.ts(2448,18): error TS2769: No overload matches this call.
  Overload 1 of 3, '(left: PgColumn<{ name: "form_id"; tableName: "form_tenant_mapping"; dataType: "string"; columnType: "PgUUID"; data: string; driverParam: string; notNull: true; hasDefault: false; isPrimaryKey: true; isAutoincrement: false; ... 4 more ...; generated: undefined; }, {}, {}>, right: string | SQLWrapper): SQL<...>', gave the following error.
    Argument of type 'string | string[]' is not assignable to parameter of type 'string | SQLWrapper'.
      Type 'string[]' is not assignable to type 'string | SQLWrapper'.
  Overload 2 of 3, '(left: Aliased<string | string[]>, right: string | string[] | SQLWrapper): SQL<unknown>', gave the following error.
    Argument of type 'PgColumn<{ name: "form_id"; tableName: "form_tenant_mapping"; dataType: "string"; columnType: "PgUUID"; data: string; driverParam: string; notNull: true; hasDefault: false; isPrimaryKey: true; isAutoincrement: false; ... 4 more ...; generated: undefined; }, {}, {}>' is not assignable to parameter of type 'Aliased<string | string[]>'.
      Type 'PgColumn<{ name: "form_id"; tableName: "form_tenant_mapping"; dataType: "string"; columnType: "PgUUID"; data: string; driverParam: string; notNull: true; hasDefault: false; isPrimaryKey: true; isAutoincrement: false; ... 4 more ...; generated: undefined; }, {}, {}>' is missing the following properties from type 'Aliased<string | string[]>': sql, fieldAlias
  Overload 3 of 3, '(left: never, right: unknown): SQL<unknown>', gave the following error.
    Argument of type 'PgColumn<{ name: "form_id"; tableName: "form_tenant_mapping"; dataType: "string"; columnType: "PgUUID"; data: string; driverParam: string; notNull: true; hasDefault: false; isPrimaryKey: true; isAutoincrement: false; ... 4 more ...; generated: undefined; }, {}, {}>' is not assignable to parameter of type 'never'.
server/routes/formularios-complete.ts(2557,60): error TS2345: Argument of type 'string | string[]' is not assignable to parameter of type 'string'.
  Type 'string[]' is not assignable to type 'string'.
server/routes/formularios-complete.ts(2947,11): error TS2322: Type 'null' is not assignable to type 'never'.
server/routes/formularios-complete.ts(2948,11): error TS2322: Type 'null' is not assignable to type 'never'.
server/routes/formularios-complete.ts(2949,11): error TS2322: Type 'any' is not assignable to type 'never'.
server/routes/formularios-complete.ts(2950,11): error TS2322: Type 'any' is not assignable to type 'never'.
server/routes/formularios-complete.ts(2979,9): error TS2322: Type 'null' is not assignable to type 'never'.
server/routes/formularios-complete.ts(2980,9): error TS2322: Type 'null' is not assignable to type 'never'.
server/routes/formularios-complete.ts(2981,9): error TS2322: Type 'any' is not assignable to type 'never'.
server/routes/formularios-complete.ts(2982,9): error TS2322: Type 'any' is not assignable to type 'never'.
server/routes/formularios-complete.ts(4220,11): error TS2322: Type 'any' is not assignable to type 'never'.
server/routes/formularios-complete.ts(4221,11): error TS2322: Type 'any' is not assignable to type 'never'.
server/routes/formularios-complete.ts(4222,11): error TS2322: Type 'any' is not assignable to type 'never'.
server/routes/formularios-complete.ts(4227,11): error TS2322: Type 'any' is not assignable to type 'never'.
server/routes/formularios-complete.ts(4228,11): error TS2322: Type 'any' is not assignable to type 'never'.
server/routes/formularios-complete.ts(4229,11): error TS2322: Type 'any' is not assignable to type 'never'.
server/routes/formularios-complete.ts(4230,11): error TS2322: Type 'any' is not assignable to type 'never'.
server/routes/formularios-complete.ts(4231,11): error TS2322: Type 'any' is not assignable to type 'never'.
server/routes/formularios-complete.ts(4232,11): error TS2322: Type 'string' is not assignable to type 'never'.
server/routes/formularios-complete.ts(4233,11): error TS2322: Type 'string' is not assignable to type 'never'.
server/routes/formularios-complete.ts(4580,40): error TS2551: Property 'getFormSubmissionById' does not exist on type 'DatabaseStorage'. Did you mean 'getFormSubmissions'?
server/routes/formularios-complete.ts(4667,68): error TS2345: Argument of type 'string' is not assignable to parameter of type 'boolean'.
server/routes/formularios-complete.ts(4802,36): error TS2769: No overload matches this call.
  Overload 1 of 2, '(value: { tenantId: string | SQL<unknown> | Placeholder<string, any>; telefone: string | SQL<unknown> | Placeholder<string, any>; telefoneNormalizado: string | SQL<...> | Placeholder<...>; ... 41 more ...; observacoes?: string | ... 1 more ... | Placeholder<...>; }): PgInsertBase<...>', gave the following error.
    Argument of type '{ telefone: any; telefoneNormalizado: string; nome: any; email: any; origem: string; formularioConcluido: true; formularioConcluidoEm: Date; formStatus: string; statusQualificacao: string; qualificationStatus: string; pontuacao: any; whatsappLabelId: any; }' is not assignable to parameter of type '{ tenantId: string | SQL<unknown> | Placeholder<string, any>; telefone: string | SQL<unknown> | Placeholder<string, any>; telefoneNormalizado: string | SQL<...> | Placeholder<...>; ... 41 more ...; observacoes?: string | ... 1 more ... | Placeholder<...>; }'.
      Property 'tenantId' is missing in type '{ telefone: any; telefoneNormalizado: string; nome: any; email: any; origem: string; formularioConcluido: true; formularioConcluidoEm: Date; formStatus: string; statusQualificacao: string; qualificationStatus: string; pontuacao: any; whatsappLabelId: any; }' but required in type '{ tenantId: string | SQL<unknown> | Placeholder<string, any>; telefone: string | SQL<unknown> | Placeholder<string, any>; telefoneNormalizado: string | SQL<...> | Placeholder<...>; ... 41 more ...; observacoes?: string | ... 1 more ... | Placeholder<...>; }'.
  Overload 2 of 2, '(values: { tenantId: string | SQL<unknown> | Placeholder<string, any>; telefone: string | SQL<unknown> | Placeholder<string, any>; telefoneNormalizado: string | SQL<...> | Placeholder<...>; ... 41 more ...; observacoes?: string | ... 1 more ... | Placeholder<...>; }[]): PgInsertBase<...>', gave the following error.
    Object literal may only specify known properties, and 'telefone' does not exist in type '{ tenantId: string | SQL<unknown> | Placeholder<string, any>; telefone: string | SQL<unknown> | Placeholder<string, any>; telefoneNormalizado: string | SQL<...> | Placeholder<...>; ... 41 more ...; observacoes?: string | ... 1 more ... | Placeholder<...>; }[]'.
server/routes/formularios-complete.ts(5405,9): error TS2353: Object literal may only specify known properties, and 'telefoneNormalizado' does not exist in type 'CreateLeadData'.
server/routes/formularios-complete.ts(5457,9): error TS2353: Object literal may only specify known properties, and 'telefoneNormalizado' does not exist in type 'CreateLeadData'.
server/routes/formularios.ts(490,38): error TS2769: No overload matches this call.
  Overload 1 of 2, '(value: { tenantId: string | SQL<unknown> | Placeholder<string, any>; title: string | SQL<unknown> | Placeholder<string, any>; questions: unknown; id?: string | SQL<unknown> | Placeholder<...>; ... 12 more ...; completionPageId?: string | ... 1 more ... | Placeholder<...>; }): PgInsertBase<...>', gave the following error.
    Object literal may only specify known properties, and 'tags' does not exist in type '{ tenantId: string | SQL<unknown> | Placeholder<string, any>; title: string | SQL<unknown> | Placeholder<string, any>; questions: unknown; id?: string | SQL<unknown> | Placeholder<...>; ... 12 more ...; completionPageId?: string | ... 1 more ... | Placeholder<...>; }'.
  Overload 2 of 2, '(values: { tenantId: string | SQL<unknown> | Placeholder<string, any>; title: string | SQL<unknown> | Placeholder<string, any>; questions: unknown; id?: string | SQL<unknown> | Placeholder<...>; ... 12 more ...; completionPageId?: string | ... 1 more ... | Placeholder<...>; }[]): PgInsertBase<...>', gave the following error.
    Object literal may only specify known properties, and 'id' does not exist in type '{ tenantId: string | SQL<unknown> | Placeholder<string, any>; title: string | SQL<unknown> | Placeholder<string, any>; questions: unknown; id?: string | SQL<unknown> | Placeholder<...>; ... 12 more ...; completionPageId?: string | ... 1 more ... | Placeholder<...>; }[]'.
server/routes/formularios.ts(517,19): error TS2353: Object literal may only specify known properties, and 'tags' does not exist in type '{ tenantId?: string | SQL<unknown> | PgColumn<ColumnBaseConfig<ColumnDataType, string>, {}, {}>; title?: string | SQL<unknown> | PgColumn<...>; ... 14 more ...; completionPageId?: string | ... 1 more ... | PgColumn<...>; }'.
server/routes/labelDesigner.ts(7,20): error TS2307: Cannot find module 'bwip-js' or its corresponding type declarations.
server/routes/labelDesigner.ts(488,33): error TS2345: Argument of type 'string | string[]' is not assignable to parameter of type 'string'.
  Type 'string[]' is not assignable to type 'string'.
server/routes/labelDesigner.ts(569,15): error TS2769: No overload matches this call.
  Overload 1 of 2, '(value: { tenantId: string | SQL<unknown> | Placeholder<string, any>; name: string | SQL<unknown> | Placeholder<string, any>; widthMm: string | SQL<unknown> | Placeholder<...>; ... 9 more ...; previewUrl?: string | ... 1 more ... | Placeholder<...>; }): PgInsertBase<...>', gave the following error.
    Argument of type 'Record<string, never>' is not assignable to parameter of type '{ tenantId: string | SQL<unknown> | Placeholder<string, any>; name: string | SQL<unknown> | Placeholder<string, any>; widthMm: string | SQL<unknown> | Placeholder<...>; ... 9 more ...; previewUrl?: string | ... 1 more ... | Placeholder<...>; }'.
      Type 'Record<string, never>' is missing the following properties from type '{ tenantId: string | SQL<unknown> | Placeholder<string, any>; name: string | SQL<unknown> | Placeholder<string, any>; widthMm: string | SQL<unknown> | Placeholder<...>; ... 9 more ...; previewUrl?: string | ... 1 more ... | Placeholder<...>; }': tenantId, name, widthMm, heightMm, designData
  Overload 2 of 2, '(values: { tenantId: string | SQL<unknown> | Placeholder<string, any>; name: string | SQL<unknown> | Placeholder<string, any>; widthMm: string | SQL<unknown> | Placeholder<...>; ... 9 more ...; previewUrl?: string | ... 1 more ... | Placeholder<...>; }[]): PgInsertBase<...>', gave the following error.
    Argument of type 'Record<string, never>' is not assignable to parameter of type '{ tenantId: string | SQL<unknown> | Placeholder<string, any>; name: string | SQL<unknown> | Placeholder<string, any>; widthMm: string | SQL<unknown> | Placeholder<...>; ... 9 more ...; previewUrl?: string | ... 1 more ... | Placeholder<...>; }[]'.
      Type 'Record<string, never>' is missing the following properties from type '{ tenantId: string | SQL<unknown> | Placeholder<string, any>; name: string | SQL<unknown> | Placeholder<string, any>; widthMm: string | SQL<unknown> | Placeholder<...>; ... 9 more ...; previewUrl?: string | ... 1 more ... | Placeholder<...>; }[]': length, pop, push, concat, and 29 more.
server/routes/labelDesigner.ts(583,24): error TS2339: Property 'errors' does not exist on type 'ZodError<unknown>'.
server/routes/labelDesigner.ts(598,33): error TS2345: Argument of type 'string | string[]' is not assignable to parameter of type 'string'.
  Type 'string[]' is not assignable to type 'string'.
server/routes/labelDesigner.ts(671,24): error TS2339: Property 'errors' does not exist on type 'ZodError<unknown>'.
server/routes/labelDesigner.ts(686,33): error TS2345: Argument of type 'string | string[]' is not assignable to parameter of type 'string'.
  Type 'string[]' is not assignable to type 'string'.
server/routes/labelDesigner.ts(913,12): error TS2769: No overload matches this call.
  Overload 1 of 2, '(value: { tenantId: string | SQL<unknown> | Placeholder<string, any>; name: string | SQL<unknown> | Placeholder<string, any>; widthMm: string | SQL<unknown> | Placeholder<...>; ... 9 more ...; previewUrl?: string | ... 1 more ... | Placeholder<...>; }): PgInsertBase<...>', gave the following error.
    Argument of type '{ tenantId: string; isPublic: true; name: string; description: string; category: string; tags: string[]; widthMm: number; heightMm: number; designData: { objects: any[]; background: string; version: string; }; }' is not assignable to parameter of type '{ tenantId: string | SQL<unknown> | Placeholder<string, any>; name: string | SQL<unknown> | Placeholder<string, any>; widthMm: string | SQL<unknown> | Placeholder<...>; ... 9 more ...; previewUrl?: string | ... 1 more ... | Placeholder<...>; }'.
      Types of property 'widthMm' are incompatible.
        Type 'number' is not assignable to type 'string | SQL<unknown> | Placeholder<string, any>'.
  Overload 2 of 2, '(values: { tenantId: string | SQL<unknown> | Placeholder<string, any>; name: string | SQL<unknown> | Placeholder<string, any>; widthMm: string | SQL<unknown> | Placeholder<...>; ... 9 more ...; previewUrl?: string | ... 1 more ... | Placeholder<...>; }[]): PgInsertBase<...>', gave the following error.
    Object literal may only specify known properties, and 'tenantId' does not exist in type '{ tenantId: string | SQL<unknown> | Placeholder<string, any>; name: string | SQL<unknown> | Placeholder<string, any>; widthMm: string | SQL<unknown> | Placeholder<...>; ... 9 more ...; previewUrl?: string | ... 1 more ... | Placeholder<...>; }[]'.
server/routes/labelDesigner.ts(951,29): error TS2345: Argument of type 'number' is not assignable to parameter of type 'string'.
server/routes/labelDesigner.ts(952,30): error TS2345: Argument of type 'number' is not assignable to parameter of type 'string'.
server/routes/labelDesigner.ts(1072,24): error TS2339: Property 'errors' does not exist on type 'ZodError<unknown>'.
server/routes/leadsPipelineRoutes.ts(272,50): error TS2367: This comparison appears to be unintentional because the types 'boolean' and 'string' have no overlap.
server/routes/leadsPipelineRoutes.ts(273,26): error TS2367: This comparison appears to be unintentional because the types 'boolean' and 'string' have no overlap.
server/routes/leadsPipelineRoutes.ts(273,56): error TS2367: This comparison appears to be unintentional because the types 'boolean' and 'string' have no overlap.
server/routes/leadsPipelineRoutes.ts(273,86): error TS2367: This comparison appears to be unintentional because the types 'boolean' and 'number' have no overlap.
server/routes/leadsPipelineRoutes.ts(274,51): error TS2367: This comparison appears to be unintentional because the types 'boolean' and 'string' have no overlap.
server/routes/leadsPipelineRoutes.ts(275,26): error TS2367: This comparison appears to be unintentional because the types 'boolean' and 'string' have no overlap.
server/routes/leadsPipelineRoutes.ts(275,56): error TS2367: This comparison appears to be unintentional because the types 'boolean' and 'string' have no overlap.
server/routes/leadsPipelineRoutes.ts(275,87): error TS2367: This comparison appears to be unintentional because the types 'boolean' and 'number' have no overlap.
server/routes/leadsPipelineRoutes.ts(280,50): error TS2367: This comparison appears to be unintentional because the types 'boolean' and 'string' have no overlap.
server/routes/leadsPipelineRoutes.ts(281,26): error TS2367: This comparison appears to be unintentional because the types 'boolean' and 'string' have no overlap.
server/routes/leadsPipelineRoutes.ts(281,56): error TS2367: This comparison appears to be unintentional because the types 'boolean' and 'string' have no overlap.
server/routes/leadsPipelineRoutes.ts(281,86): error TS2367: This comparison appears to be unintentional because the types 'boolean' and 'number' have no overlap.
server/routes/leadsPipelineRoutes.ts(282,51): error TS2367: This comparison appears to be unintentional because the types 'boolean' and 'string' have no overlap.
server/routes/leadsPipelineRoutes.ts(283,26): error TS2367: This comparison appears to be unintentional because the types 'boolean' and 'string' have no overlap.
server/routes/leadsPipelineRoutes.ts(283,56): error TS2367: This comparison appears to be unintentional because the types 'boolean' and 'string' have no overlap.
server/routes/leadsPipelineRoutes.ts(283,87): error TS2367: This comparison appears to be unintentional because the types 'boolean' and 'number' have no overlap.
server/routes/leadsPipelineRoutes.ts(705,43): error TS2345: Argument of type 'string' is not assignable to parameter of type '"contato-inicial" | "formulario-aprovado" | "formulario-reprovado" | "cpf-aprovado" | "cpf-reprovado" | "revendedora" | "formulario-nao-preenchido" | "reuniao-pendente" | ... 4 more ... | "consultor"'.
server/routes/leadsPipelineRoutes.ts(1061,19): error TS2769: No overload matches this call.
  Overload 1 of 2, '(value: { tenantId: string | SQL<unknown> | Placeholder<string, any>; nome: string | SQL<unknown> | Placeholder<string, any>; id?: string | SQL<unknown> | Placeholder<string, any>; ... 17 more ...; motivoRecusa?: string | ... 1 more ... | Placeholder<...>; }): PgInsertBase<...>', gave the following error.
    Argument of type 'Record<string, any>' is not assignable to parameter of type '{ tenantId: string | SQL<unknown> | Placeholder<string, any>; nome: string | SQL<unknown> | Placeholder<string, any>; id?: string | SQL<unknown> | Placeholder<string, any>; ... 17 more ...; motivoRecusa?: string | ... 1 more ... | Placeholder<...>; }'.
      Type 'Record<string, any>' is missing the following properties from type '{ tenantId: string | SQL<unknown> | Placeholder<string, any>; nome: string | SQL<unknown> | Placeholder<string, any>; id?: string | SQL<unknown> | Placeholder<string, any>; ... 17 more ...; motivoRecusa?: string | ... 1 more ... | Placeholder<...>; }': tenantId, nome
  Overload 2 of 2, '(values: { tenantId: string | SQL<unknown> | Placeholder<string, any>; nome: string | SQL<unknown> | Placeholder<string, any>; id?: string | SQL<unknown> | Placeholder<string, any>; ... 17 more ...; motivoRecusa?: string | ... 1 more ... | Placeholder<...>; }[]): PgInsertBase<...>', gave the following error.
    Argument of type 'Record<string, any>' is not assignable to parameter of type '{ tenantId: string | SQL<unknown> | Placeholder<string, any>; nome: string | SQL<unknown> | Placeholder<string, any>; id?: string | SQL<unknown> | Placeholder<string, any>; ... 17 more ...; motivoRecusa?: string | ... 1 more ... | Placeholder<...>; }[]'.
      Type 'Record<string, any>' is missing the following properties from type '{ tenantId: string | SQL<unknown> | Placeholder<string, any>; nome: string | SQL<unknown> | Placeholder<string, any>; id?: string | SQL<unknown> | Placeholder<string, any>; ... 17 more ...; motivoRecusa?: string | ... 1 more ... | Placeholder<...>; }[]': length, pop, push, concat, and 29 more.
server/routes/meetings.ts(105,9): error TS2769: No overload matches this call.
  Overload 1 of 3, '(left: PgColumn<{ name: "id"; tableName: "reunioes"; dataType: "string"; columnType: "PgUUID"; data: string; driverParam: string; notNull: true; hasDefault: true; isPrimaryKey: true; isAutoincrement: false; ... 4 more ...; generated: undefined; }, {}, {}>, right: string | SQLWrapper): SQL<...>', gave the following error.
    Argument of type 'string | string[]' is not assignable to parameter of type 'string | SQLWrapper'.
      Type 'string[]' is not assignable to type 'string | SQLWrapper'.
  Overload 2 of 3, '(left: Aliased<string | string[]>, right: string | string[] | SQLWrapper): SQL<unknown>', gave the following error.
    Argument of type 'PgColumn<{ name: "id"; tableName: "reunioes"; dataType: "string"; columnType: "PgUUID"; data: string; driverParam: string; notNull: true; hasDefault: true; isPrimaryKey: true; isAutoincrement: false; ... 4 more ...; generated: undefined; }, {}, {}>' is not assignable to parameter of type 'Aliased<string | string[]>'.
      Type 'PgColumn<{ name: "id"; tableName: "reunioes"; dataType: "string"; columnType: "PgUUID"; data: string; driverParam: string; notNull: true; hasDefault: true; isPrimaryKey: true; isAutoincrement: false; ... 4 more ...; generated: undefined; }, {}, {}>' is missing the following properties from type 'Aliased<string | string[]>': sql, fieldAlias
  Overload 3 of 3, '(left: never, right: unknown): SQL<unknown>', gave the following error.
    Argument of type 'PgColumn<{ name: "id"; tableName: "reunioes"; dataType: "string"; columnType: "PgUUID"; data: string; driverParam: string; notNull: true; hasDefault: true; isPrimaryKey: true; isAutoincrement: false; ... 4 more ...; generated: undefined; }, {}, {}>' is not assignable to parameter of type 'never'.
server/routes/meetings.ts(106,9): error TS2769: No overload matches this call.
  Overload 1 of 3, '(left: PgColumn<{ name: "room_id_100ms"; tableName: "reunioes"; dataType: "string"; columnType: "PgText"; data: string; driverParam: string; notNull: false; hasDefault: false; isPrimaryKey: false; isAutoincrement: false; ... 4 more ...; generated: undefined; }, {}, {}>, right: string | SQLWrapper): SQL<...>', gave the following error.
    Argument of type 'string | string[]' is not assignable to parameter of type 'string | SQLWrapper'.
      Type 'string[]' is not assignable to type 'string | SQLWrapper'.
  Overload 2 of 3, '(left: Aliased<string | string[]>, right: string | string[] | SQLWrapper): SQL<unknown>', gave the following error.
    Argument of type 'PgColumn<{ name: "room_id_100ms"; tableName: "reunioes"; dataType: "string"; columnType: "PgText"; data: string; driverParam: string; notNull: false; hasDefault: false; isPrimaryKey: false; isAutoincrement: false; ... 4 more ...; generated: undefined; }, {}, {}>' is not assignable to parameter of type 'Aliased<string | string[]>'.
      Type 'PgColumn<{ name: "room_id_100ms"; tableName: "reunioes"; dataType: "string"; columnType: "PgText"; data: string; driverParam: string; notNull: false; hasDefault: false; isPrimaryKey: false; isAutoincrement: false; ... 4 more ...; generated: undefined; }, {}, {}>' is missing the following properties from type 'Aliased<string | string[]>': sql, fieldAlias
  Overload 3 of 3, '(left: never, right: unknown): SQL<unknown>', gave the following error.
    Argument of type 'PgColumn<{ name: "room_id_100ms"; tableName: "reunioes"; dataType: "string"; columnType: "PgText"; data: string; driverParam: string; notNull: false; hasDefault: false; isPrimaryKey: false; isAutoincrement: false; ... 4 more ...; generated: undefined; }, {}, {}>' is not assignable to parameter of type 'never'.
server/routes/meetings.ts(146,14): error TS2769: No overload matches this call.
  Overload 1 of 3, '(left: PgColumn<{ name: "slug"; tableName: "meeting_tenants"; dataType: "string"; columnType: "PgText"; data: string; driverParam: string; notNull: true; hasDefault: false; isPrimaryKey: false; isAutoincrement: false; ... 4 more ...; generated: undefined; }, {}, {}>, right: string | SQLWrapper): SQL<...>', gave the following error.
    Argument of type 'string | string[]' is not assignable to parameter of type 'string | SQLWrapper'.
      Type 'string[]' is not assignable to type 'string | SQLWrapper'.
  Overload 2 of 3, '(left: Aliased<string | string[]>, right: string | string[] | SQLWrapper): SQL<unknown>', gave the following error.
    Argument of type 'PgColumn<{ name: "slug"; tableName: "meeting_tenants"; dataType: "string"; columnType: "PgText"; data: string; driverParam: string; notNull: true; hasDefault: false; isPrimaryKey: false; isAutoincrement: false; ... 4 more ...; generated: undefined; }, {}, {}>' is not assignable to parameter of type 'Aliased<string | string[]>'.
      Type 'PgColumn<{ name: "slug"; tableName: "meeting_tenants"; dataType: "string"; columnType: "PgText"; data: string; driverParam: string; notNull: true; hasDefault: false; isPrimaryKey: false; isAutoincrement: false; ... 4 more ...; generated: undefined; }, {}, {}>' is missing the following properties from type 'Aliased<string | string[]>': sql, fieldAlias
  Overload 3 of 3, '(left: never, right: unknown): SQL<unknown>', gave the following error.
    Argument of type 'PgColumn<{ name: "slug"; tableName: "meeting_tenants"; dataType: "string"; columnType: "PgText"; data: string; driverParam: string; notNull: true; hasDefault: false; isPrimaryKey: false; isAutoincrement: false; ... 4 more ...; generated: undefined; }, {}, {}>' is not assignable to parameter of type 'never'.
server/routes/meetings.ts(250,9): error TS2769: No overload matches this call.
  Overload 1 of 3, '(left: PgColumn<{ name: "id"; tableName: "reunioes"; dataType: "string"; columnType: "PgUUID"; data: string; driverParam: string; notNull: true; hasDefault: true; isPrimaryKey: true; isAutoincrement: false; ... 4 more ...; generated: undefined; }, {}, {}>, right: string | SQLWrapper): SQL<...>', gave the following error.
    Argument of type 'string | string[]' is not assignable to parameter of type 'string | SQLWrapper'.
      Type 'string[]' is not assignable to type 'string | SQLWrapper'.
  Overload 2 of 3, '(left: Aliased<string | string[]>, right: string | string[] | SQLWrapper): SQL<unknown>', gave the following error.
    Argument of type 'PgColumn<{ name: "id"; tableName: "reunioes"; dataType: "string"; columnType: "PgUUID"; data: string; driverParam: string; notNull: true; hasDefault: true; isPrimaryKey: true; isAutoincrement: false; ... 4 more ...; generated: undefined; }, {}, {}>' is not assignable to parameter of type 'Aliased<string | string[]>'.
      Type 'PgColumn<{ name: "id"; tableName: "reunioes"; dataType: "string"; columnType: "PgUUID"; data: string; driverParam: string; notNull: true; hasDefault: true; isPrimaryKey: true; isAutoincrement: false; ... 4 more ...; generated: undefined; }, {}, {}>' is missing the following properties from type 'Aliased<string | string[]>': sql, fieldAlias
  Overload 3 of 3, '(left: never, right: unknown): SQL<unknown>', gave the following error.
    Argument of type 'PgColumn<{ name: "id"; tableName: "reunioes"; dataType: "string"; columnType: "PgUUID"; data: string; driverParam: string; notNull: true; hasDefault: true; isPrimaryKey: true; isAutoincrement: false; ... 4 more ...; generated: undefined; }, {}, {}>' is not assignable to parameter of type 'never'.
server/routes/meetings.ts(251,9): error TS2769: No overload matches this call.
  Overload 1 of 3, '(left: PgColumn<{ name: "room_id_100ms"; tableName: "reunioes"; dataType: "string"; columnType: "PgText"; data: string; driverParam: string; notNull: false; hasDefault: false; isPrimaryKey: false; isAutoincrement: false; ... 4 more ...; generated: undefined; }, {}, {}>, right: string | SQLWrapper): SQL<...>', gave the following error.
    Argument of type 'string | string[]' is not assignable to parameter of type 'string | SQLWrapper'.
      Type 'string[]' is not assignable to type 'string | SQLWrapper'.
  Overload 2 of 3, '(left: Aliased<string | string[]>, right: string | string[] | SQLWrapper): SQL<unknown>', gave the following error.
    Argument of type 'PgColumn<{ name: "room_id_100ms"; tableName: "reunioes"; dataType: "string"; columnType: "PgText"; data: string; driverParam: string; notNull: false; hasDefault: false; isPrimaryKey: false; isAutoincrement: false; ... 4 more ...; generated: undefined; }, {}, {}>' is not assignable to parameter of type 'Aliased<string | string[]>'.
      Type 'PgColumn<{ name: "room_id_100ms"; tableName: "reunioes"; dataType: "string"; columnType: "PgText"; data: string; driverParam: string; notNull: false; hasDefault: false; isPrimaryKey: false; isAutoincrement: false; ... 4 more ...; generated: undefined; }, {}, {}>' is missing the following properties from type 'Aliased<string | string[]>': sql, fieldAlias
  Overload 3 of 3, '(left: never, right: unknown): SQL<unknown>', gave the following error.
    Argument of type 'PgColumn<{ name: "room_id_100ms"; tableName: "reunioes"; dataType: "string"; columnType: "PgText"; data: string; driverParam: string; notNull: false; hasDefault: false; isPrimaryKey: false; isAutoincrement: false; ... 4 more ...; generated: undefined; }, {}, {}>' is not assignable to parameter of type 'never'.
server/routes/meetings.ts(453,45): error TS2339: Property 'split' does not exist on type 'string | string[]'.
  Property 'split' does not exist on type 'string[]'.
server/routes/meetings.ts(561,45): error TS2339: Property 'split' does not exist on type 'string | string[]'.
  Property 'split' does not exist on type 'string[]'.
server/routes/meetings.ts(648,45): error TS2339: Property 'split' does not exist on type 'string | string[]'.
  Property 'split' does not exist on type 'string[]'.
server/routes/meetings.ts(809,9): error TS2769: No overload matches this call.
  Overload 1 of 3, '(left: PgColumn<{ name: "id"; tableName: "reunioes"; dataType: "string"; columnType: "PgUUID"; data: string; driverParam: string; notNull: true; hasDefault: true; isPrimaryKey: true; isAutoincrement: false; ... 4 more ...; generated: undefined; }, {}, {}>, right: string | SQLWrapper): SQL<...>', gave the following error.
    Argument of type 'string | string[]' is not assignable to parameter of type 'string | SQLWrapper'.
      Type 'string[]' is not assignable to type 'string | SQLWrapper'.
  Overload 2 of 3, '(left: Aliased<string | string[]>, right: string | string[] | SQLWrapper): SQL<unknown>', gave the following error.
    Argument of type 'PgColumn<{ name: "id"; tableName: "reunioes"; dataType: "string"; columnType: "PgUUID"; data: string; driverParam: string; notNull: true; hasDefault: true; isPrimaryKey: true; isAutoincrement: false; ... 4 more ...; generated: undefined; }, {}, {}>' is not assignable to parameter of type 'Aliased<string | string[]>'.
      Type 'PgColumn<{ name: "id"; tableName: "reunioes"; dataType: "string"; columnType: "PgUUID"; data: string; driverParam: string; notNull: true; hasDefault: true; isPrimaryKey: true; isAutoincrement: false; ... 4 more ...; generated: undefined; }, {}, {}>' is missing the following properties from type 'Aliased<string | string[]>': sql, fieldAlias
  Overload 3 of 3, '(left: never, right: unknown): SQL<unknown>', gave the following error.
    Argument of type 'PgColumn<{ name: "id"; tableName: "reunioes"; dataType: "string"; columnType: "PgUUID"; data: string; driverParam: string; notNull: true; hasDefault: true; isPrimaryKey: true; isAutoincrement: false; ... 4 more ...; generated: undefined; }, {}, {}>' is not assignable to parameter of type 'never'.
server/routes/meetings.ts(810,9): error TS2769: No overload matches this call.
  Overload 1 of 3, '(left: PgColumn<{ name: "room_id_100ms"; tableName: "reunioes"; dataType: "string"; columnType: "PgText"; data: string; driverParam: string; notNull: false; hasDefault: false; isPrimaryKey: false; isAutoincrement: false; ... 4 more ...; generated: undefined; }, {}, {}>, right: string | SQLWrapper): SQL<...>', gave the following error.
    Argument of type 'string | string[]' is not assignable to parameter of type 'string | SQLWrapper'.
      Type 'string[]' is not assignable to type 'string | SQLWrapper'.
  Overload 2 of 3, '(left: Aliased<string | string[]>, right: string | string[] | SQLWrapper): SQL<unknown>', gave the following error.
    Argument of type 'PgColumn<{ name: "room_id_100ms"; tableName: "reunioes"; dataType: "string"; columnType: "PgText"; data: string; driverParam: string; notNull: false; hasDefault: false; isPrimaryKey: false; isAutoincrement: false; ... 4 more ...; generated: undefined; }, {}, {}>' is not assignable to parameter of type 'Aliased<string | string[]>'.
      Type 'PgColumn<{ name: "room_id_100ms"; tableName: "reunioes"; dataType: "string"; columnType: "PgText"; data: string; driverParam: string; notNull: false; hasDefault: false; isPrimaryKey: false; isAutoincrement: false; ... 4 more ...; generated: undefined; }, {}, {}>' is missing the following properties from type 'Aliased<string | string[]>': sql, fieldAlias
  Overload 3 of 3, '(left: never, right: unknown): SQL<unknown>', gave the following error.
    Argument of type 'PgColumn<{ name: "room_id_100ms"; tableName: "reunioes"; dataType: "string"; columnType: "PgText"; data: string; driverParam: string; notNull: false; hasDefault: false; isPrimaryKey: false; isAutoincrement: false; ... 4 more ...; generated: undefined; }, {}, {}>' is not assignable to parameter of type 'never'.
server/routes/meetings.ts(838,45): error TS2339: Property 'split' does not exist on type 'string | string[]'.
  Property 'split' does not exist on type 'string[]'.
server/routes/meetings.ts(1136,21): error TS2345: Argument of type 'string | string[]' is not assignable to parameter of type 'string'.
  Type 'string[]' is not assignable to type 'string'.
server/routes/meetings.ts(1138,16): error TS2769: No overload matches this call.
  Overload 1 of 3, '(left: PgColumn<{ name: "id"; tableName: "reunioes"; dataType: "string"; columnType: "PgUUID"; data: string; driverParam: string; notNull: true; hasDefault: true; isPrimaryKey: true; isAutoincrement: false; ... 4 more ...; generated: undefined; }, {}, {}>, right: string | SQLWrapper): SQL<...>', gave the following error.
    Argument of type 'string | string[]' is not assignable to parameter of type 'string | SQLWrapper'.
      Type 'string[]' is not assignable to type 'string | SQLWrapper'.
  Overload 2 of 3, '(left: Aliased<string | string[]>, right: string | string[] | SQLWrapper): SQL<unknown>', gave the following error.
    Argument of type 'PgColumn<{ name: "id"; tableName: "reunioes"; dataType: "string"; columnType: "PgUUID"; data: string; driverParam: string; notNull: true; hasDefault: true; isPrimaryKey: true; isAutoincrement: false; ... 4 more ...; generated: undefined; }, {}, {}>' is not assignable to parameter of type 'Aliased<string | string[]>'.
      Type 'PgColumn<{ name: "id"; tableName: "reunioes"; dataType: "string"; columnType: "PgUUID"; data: string; driverParam: string; notNull: true; hasDefault: true; isPrimaryKey: true; isAutoincrement: false; ... 4 more ...; generated: undefined; }, {}, {}>' is missing the following properties from type 'Aliased<string | string[]>': sql, fieldAlias
  Overload 3 of 3, '(left: never, right: unknown): SQL<unknown>', gave the following error.
    Argument of type 'PgColumn<{ name: "id"; tableName: "reunioes"; dataType: "string"; columnType: "PgUUID"; data: string; driverParam: string; notNull: true; hasDefault: true; isPrimaryKey: true; isAutoincrement: false; ... 4 more ...; generated: undefined; }, {}, {}>' is not assignable to parameter of type 'never'.
server/routes/meetings.ts(1145,16): error TS2769: No overload matches this call.
  Overload 1 of 3, '(left: PgColumn<{ name: "room_id_100ms"; tableName: "reunioes"; dataType: "string"; columnType: "PgText"; data: string; driverParam: string; notNull: false; hasDefault: false; isPrimaryKey: false; isAutoincrement: false; ... 4 more ...; generated: undefined; }, {}, {}>, right: string | SQLWrapper): SQL<...>', gave the following error.
    Argument of type 'string | string[]' is not assignable to parameter of type 'string | SQLWrapper'.
      Type 'string[]' is not assignable to type 'string | SQLWrapper'.
  Overload 2 of 3, '(left: Aliased<string | string[]>, right: string | string[] | SQLWrapper): SQL<unknown>', gave the following error.
    Argument of type 'PgColumn<{ name: "room_id_100ms"; tableName: "reunioes"; dataType: "string"; columnType: "PgText"; data: string; driverParam: string; notNull: false; hasDefault: false; isPrimaryKey: false; isAutoincrement: false; ... 4 more ...; generated: undefined; }, {}, {}>' is not assignable to parameter of type 'Aliased<string | string[]>'.
      Type 'PgColumn<{ name: "room_id_100ms"; tableName: "reunioes"; dataType: "string"; columnType: "PgText"; data: string; driverParam: string; notNull: false; hasDefault: false; isPrimaryKey: false; isAutoincrement: false; ... 4 more ...; generated: undefined; }, {}, {}>' is missing the following properties from type 'Aliased<string | string[]>': sql, fieldAlias
  Overload 3 of 3, '(left: never, right: unknown): SQL<unknown>', gave the following error.
    Argument of type 'PgColumn<{ name: "room_id_100ms"; tableName: "reunioes"; dataType: "string"; columnType: "PgText"; data: string; driverParam: string; notNull: false; hasDefault: false; isPrimaryKey: false; isAutoincrement: false; ... 4 more ...; generated: undefined; }, {}, {}>' is not assignable to parameter of type 'never'.
server/routes/meetings.ts(1185,43): error TS2345: Argument of type 'string | string[]' is not assignable to parameter of type 'string'.
  Type 'string[]' is not assignable to type 'string'.
server/routes/meetings.ts(1195,14): error TS2769: No overload matches this call.
  Overload 1 of 3, '(left: PgColumn<{ name: "id"; tableName: "reunioes"; dataType: "string"; columnType: "PgUUID"; data: string; driverParam: string; notNull: true; hasDefault: true; isPrimaryKey: true; isAutoincrement: false; ... 4 more ...; generated: undefined; }, {}, {}>, right: string | SQLWrapper): SQL<...>', gave the following error.
    Argument of type 'string | string[]' is not assignable to parameter of type 'string | SQLWrapper'.
      Type 'string[]' is not assignable to type 'string | SQLWrapper'.
  Overload 2 of 3, '(left: Aliased<string | string[]>, right: string | string[] | SQLWrapper): SQL<unknown>', gave the following error.
    Argument of type 'PgColumn<{ name: "id"; tableName: "reunioes"; dataType: "string"; columnType: "PgUUID"; data: string; driverParam: string; notNull: true; hasDefault: true; isPrimaryKey: true; isAutoincrement: false; ... 4 more ...; generated: undefined; }, {}, {}>' is not assignable to parameter of type 'Aliased<string | string[]>'.
      Type 'PgColumn<{ name: "id"; tableName: "reunioes"; dataType: "string"; columnType: "PgUUID"; data: string; driverParam: string; notNull: true; hasDefault: true; isPrimaryKey: true; isAutoincrement: false; ... 4 more ...; generated: undefined; }, {}, {}>' is missing the following properties from type 'Aliased<string | string[]>': sql, fieldAlias
  Overload 3 of 3, '(left: never, right: unknown): SQL<unknown>', gave the following error.
    Argument of type 'PgColumn<{ name: "id"; tableName: "reunioes"; dataType: "string"; columnType: "PgUUID"; data: string; driverParam: string; notNull: true; hasDefault: true; isPrimaryKey: true; isAutoincrement: false; ... 4 more ...; generated: undefined; }, {}, {}>' is not assignable to parameter of type 'never'.
server/routes/meetings.ts(1233,28): error TS2345: Argument of type 'string | string[]' is not assignable to parameter of type 'string'.
  Type 'string[]' is not assignable to type 'string'.
server/routes/meetings.ts(1499,10): error TS2339: Property 'catch' does not exist on type 'PromiseLike<void>'.
server/routes/meetings.ts(1553,9): error TS2769: No overload matches this call.
  Overload 1 of 3, '(left: PgColumn<{ name: "id"; tableName: "reunioes"; dataType: "string"; columnType: "PgUUID"; data: string; driverParam: string; notNull: true; hasDefault: true; isPrimaryKey: true; isAutoincrement: false; ... 4 more ...; generated: undefined; }, {}, {}>, right: string | SQLWrapper): SQL<...>', gave the following error.
    Argument of type 'string | string[]' is not assignable to parameter of type 'string | SQLWrapper'.
      Type 'string[]' is not assignable to type 'string | SQLWrapper'.
  Overload 2 of 3, '(left: Aliased<string | string[]>, right: string | string[] | SQLWrapper): SQL<unknown>', gave the following error.
    Argument of type 'PgColumn<{ name: "id"; tableName: "reunioes"; dataType: "string"; columnType: "PgUUID"; data: string; driverParam: string; notNull: true; hasDefault: true; isPrimaryKey: true; isAutoincrement: false; ... 4 more ...; generated: undefined; }, {}, {}>' is not assignable to parameter of type 'Aliased<string | string[]>'.
      Type 'PgColumn<{ name: "id"; tableName: "reunioes"; dataType: "string"; columnType: "PgUUID"; data: string; driverParam: string; notNull: true; hasDefault: true; isPrimaryKey: true; isAutoincrement: false; ... 4 more ...; generated: undefined; }, {}, {}>' is missing the following properties from type 'Aliased<string | string[]>': sql, fieldAlias
  Overload 3 of 3, '(left: never, right: unknown): SQL<unknown>', gave the following error.
    Argument of type 'PgColumn<{ name: "id"; tableName: "reunioes"; dataType: "string"; columnType: "PgUUID"; data: string; driverParam: string; notNull: true; hasDefault: true; isPrimaryKey: true; isAutoincrement: false; ... 4 more ...; generated: undefined; }, {}, {}>' is not assignable to parameter of type 'never'.
server/routes/meetings.ts(1564,14): error TS2769: No overload matches this call.
  Overload 1 of 3, '(left: PgColumn<{ name: "id"; tableName: "reunioes"; dataType: "string"; columnType: "PgUUID"; data: string; driverParam: string; notNull: true; hasDefault: true; isPrimaryKey: true; isAutoincrement: false; ... 4 more ...; generated: undefined; }, {}, {}>, right: string | SQLWrapper): SQL<...>', gave the following error.
    Argument of type 'string | string[]' is not assignable to parameter of type 'string | SQLWrapper'.
      Type 'string[]' is not assignable to type 'string | SQLWrapper'.
  Overload 2 of 3, '(left: Aliased<string | string[]>, right: string | string[] | SQLWrapper): SQL<unknown>', gave the following error.
    Argument of type 'PgColumn<{ name: "id"; tableName: "reunioes"; dataType: "string"; columnType: "PgUUID"; data: string; driverParam: string; notNull: true; hasDefault: true; isPrimaryKey: true; isAutoincrement: false; ... 4 more ...; generated: undefined; }, {}, {}>' is not assignable to parameter of type 'Aliased<string | string[]>'.
      Type 'PgColumn<{ name: "id"; tableName: "reunioes"; dataType: "string"; columnType: "PgUUID"; data: string; driverParam: string; notNull: true; hasDefault: true; isPrimaryKey: true; isAutoincrement: false; ... 4 more ...; generated: undefined; }, {}, {}>' is missing the following properties from type 'Aliased<string | string[]>': sql, fieldAlias
  Overload 3 of 3, '(left: never, right: unknown): SQL<unknown>', gave the following error.
    Argument of type 'PgColumn<{ name: "id"; tableName: "reunioes"; dataType: "string"; columnType: "PgUUID"; data: string; driverParam: string; notNull: true; hasDefault: true; isPrimaryKey: true; isAutoincrement: false; ... 4 more ...; generated: undefined; }, {}, {}>' is not assignable to parameter of type 'never'.
server/routes/meetings.ts(1593,9): error TS2769: No overload matches this call.
  Overload 1 of 3, '(left: PgColumn<{ name: "id"; tableName: "reunioes"; dataType: "string"; columnType: "PgUUID"; data: string; driverParam: string; notNull: true; hasDefault: true; isPrimaryKey: true; isAutoincrement: false; ... 4 more ...; generated: undefined; }, {}, {}>, right: string | SQLWrapper): SQL<...>', gave the following error.
    Argument of type 'string | string[]' is not assignable to parameter of type 'string | SQLWrapper'.
      Type 'string[]' is not assignable to type 'string | SQLWrapper'.
  Overload 2 of 3, '(left: Aliased<string | string[]>, right: string | string[] | SQLWrapper): SQL<unknown>', gave the following error.
    Argument of type 'PgColumn<{ name: "id"; tableName: "reunioes"; dataType: "string"; columnType: "PgUUID"; data: string; driverParam: string; notNull: true; hasDefault: true; isPrimaryKey: true; isAutoincrement: false; ... 4 more ...; generated: undefined; }, {}, {}>' is not assignable to parameter of type 'Aliased<string | string[]>'.
      Type 'PgColumn<{ name: "id"; tableName: "reunioes"; dataType: "string"; columnType: "PgUUID"; data: string; driverParam: string; notNull: true; hasDefault: true; isPrimaryKey: true; isAutoincrement: false; ... 4 more ...; generated: undefined; }, {}, {}>' is missing the following properties from type 'Aliased<string | string[]>': sql, fieldAlias
  Overload 3 of 3, '(left: never, right: unknown): SQL<unknown>', gave the following error.
    Argument of type 'PgColumn<{ name: "id"; tableName: "reunioes"; dataType: "string"; columnType: "PgUUID"; data: string; driverParam: string; notNull: true; hasDefault: true; isPrimaryKey: true; isAutoincrement: false; ... 4 more ...; generated: undefined; }, {}, {}>' is not assignable to parameter of type 'never'.
server/routes/meetings.ts(1604,14): error TS2769: No overload matches this call.
  Overload 1 of 3, '(left: PgColumn<{ name: "id"; tableName: "reunioes"; dataType: "string"; columnType: "PgUUID"; data: string; driverParam: string; notNull: true; hasDefault: true; isPrimaryKey: true; isAutoincrement: false; ... 4 more ...; generated: undefined; }, {}, {}>, right: string | SQLWrapper): SQL<...>', gave the following error.
    Argument of type 'string | string[]' is not assignable to parameter of type 'string | SQLWrapper'.
      Type 'string[]' is not assignable to type 'string | SQLWrapper'.
  Overload 2 of 3, '(left: Aliased<string | string[]>, right: string | string[] | SQLWrapper): SQL<unknown>', gave the following error.
    Argument of type 'PgColumn<{ name: "id"; tableName: "reunioes"; dataType: "string"; columnType: "PgUUID"; data: string; driverParam: string; notNull: true; hasDefault: true; isPrimaryKey: true; isAutoincrement: false; ... 4 more ...; generated: undefined; }, {}, {}>' is not assignable to parameter of type 'Aliased<string | string[]>'.
      Type 'PgColumn<{ name: "id"; tableName: "reunioes"; dataType: "string"; columnType: "PgUUID"; data: string; driverParam: string; notNull: true; hasDefault: true; isPrimaryKey: true; isAutoincrement: false; ... 4 more ...; generated: undefined; }, {}, {}>' is missing the following properties from type 'Aliased<string | string[]>': sql, fieldAlias
  Overload 3 of 3, '(left: never, right: unknown): SQL<unknown>', gave the following error.
    Argument of type 'PgColumn<{ name: "id"; tableName: "reunioes"; dataType: "string"; columnType: "PgUUID"; data: string; driverParam: string; notNull: true; hasDefault: true; isPrimaryKey: true; isAutoincrement: false; ... 4 more ...; generated: undefined; }, {}, {}>' is not assignable to parameter of type 'never'.
server/routes/meetings.ts(1871,9): error TS2769: No overload matches this call.
  Overload 1 of 3, '(left: PgColumn<{ name: "id"; tableName: "reunioes"; dataType: "string"; columnType: "PgUUID"; data: string; driverParam: string; notNull: true; hasDefault: true; isPrimaryKey: true; isAutoincrement: false; ... 4 more ...; generated: undefined; }, {}, {}>, right: string | SQLWrapper): SQL<...>', gave the following error.
    Argument of type 'string | string[]' is not assignable to parameter of type 'string | SQLWrapper'.
      Type 'string[]' is not assignable to type 'string | SQLWrapper'.
  Overload 2 of 3, '(left: Aliased<string | string[]>, right: string | string[] | SQLWrapper): SQL<unknown>', gave the following error.
    Argument of type 'PgColumn<{ name: "id"; tableName: "reunioes"; dataType: "string"; columnType: "PgUUID"; data: string; driverParam: string; notNull: true; hasDefault: true; isPrimaryKey: true; isAutoincrement: false; ... 4 more ...; generated: undefined; }, {}, {}>' is not assignable to parameter of type 'Aliased<string | string[]>'.
      Type 'PgColumn<{ name: "id"; tableName: "reunioes"; dataType: "string"; columnType: "PgUUID"; data: string; driverParam: string; notNull: true; hasDefault: true; isPrimaryKey: true; isAutoincrement: false; ... 4 more ...; generated: undefined; }, {}, {}>' is missing the following properties from type 'Aliased<string | string[]>': sql, fieldAlias
  Overload 3 of 3, '(left: never, right: unknown): SQL<unknown>', gave the following error.
    Argument of type 'PgColumn<{ name: "id"; tableName: "reunioes"; dataType: "string"; columnType: "PgUUID"; data: string; driverParam: string; notNull: true; hasDefault: true; isPrimaryKey: true; isAutoincrement: false; ... 4 more ...; generated: undefined; }, {}, {}>' is not assignable to parameter of type 'never'.
server/routes/meetings.ts(1893,14): error TS2769: No overload matches this call.
  Overload 1 of 3, '(left: PgColumn<{ name: "id"; tableName: "reunioes"; dataType: "string"; columnType: "PgUUID"; data: string; driverParam: string; notNull: true; hasDefault: true; isPrimaryKey: true; isAutoincrement: false; ... 4 more ...; generated: undefined; }, {}, {}>, right: string | SQLWrapper): SQL<...>', gave the following error.
    Argument of type 'string | string[]' is not assignable to parameter of type 'string | SQLWrapper'.
      Type 'string[]' is not assignable to type 'string | SQLWrapper'.
  Overload 2 of 3, '(left: Aliased<string | string[]>, right: string | string[] | SQLWrapper): SQL<unknown>', gave the following error.
    Argument of type 'PgColumn<{ name: "id"; tableName: "reunioes"; dataType: "string"; columnType: "PgUUID"; data: string; driverParam: string; notNull: true; hasDefault: true; isPrimaryKey: true; isAutoincrement: false; ... 4 more ...; generated: undefined; }, {}, {}>' is not assignable to parameter of type 'Aliased<string | string[]>'.
      Type 'PgColumn<{ name: "id"; tableName: "reunioes"; dataType: "string"; columnType: "PgUUID"; data: string; driverParam: string; notNull: true; hasDefault: true; isPrimaryKey: true; isAutoincrement: false; ... 4 more ...; generated: undefined; }, {}, {}>' is missing the following properties from type 'Aliased<string | string[]>': sql, fieldAlias
  Overload 3 of 3, '(left: never, right: unknown): SQL<unknown>', gave the following error.
    Argument of type 'PgColumn<{ name: "id"; tableName: "reunioes"; dataType: "string"; columnType: "PgUUID"; data: string; driverParam: string; notNull: true; hasDefault: true; isPrimaryKey: true; isAutoincrement: false; ... 4 more ...; generated: undefined; }, {}, {}>' is not assignable to parameter of type 'never'.
server/routes/meetings.ts(1932,9): error TS2769: No overload matches this call.
  Overload 1 of 3, '(left: PgColumn<{ name: "id"; tableName: "reunioes"; dataType: "string"; columnType: "PgUUID"; data: string; driverParam: string; notNull: true; hasDefault: true; isPrimaryKey: true; isAutoincrement: false; ... 4 more ...; generated: undefined; }, {}, {}>, right: string | SQLWrapper): SQL<...>', gave the following error.
    Argument of type 'string | string[]' is not assignable to parameter of type 'string | SQLWrapper'.
      Type 'string[]' is not assignable to type 'string | SQLWrapper'.
  Overload 2 of 3, '(left: Aliased<string | string[]>, right: string | string[] | SQLWrapper): SQL<unknown>', gave the following error.
    Argument of type 'PgColumn<{ name: "id"; tableName: "reunioes"; dataType: "string"; columnType: "PgUUID"; data: string; driverParam: string; notNull: true; hasDefault: true; isPrimaryKey: true; isAutoincrement: false; ... 4 more ...; generated: undefined; }, {}, {}>' is not assignable to parameter of type 'Aliased<string | string[]>'.
      Type 'PgColumn<{ name: "id"; tableName: "reunioes"; dataType: "string"; columnType: "PgUUID"; data: string; driverParam: string; notNull: true; hasDefault: true; isPrimaryKey: true; isAutoincrement: false; ... 4 more ...; generated: undefined; }, {}, {}>' is missing the following properties from type 'Aliased<string | string[]>': sql, fieldAlias
  Overload 3 of 3, '(left: never, right: unknown): SQL<unknown>', gave the following error.
    Argument of type 'PgColumn<{ name: "id"; tableName: "reunioes"; dataType: "string"; columnType: "PgUUID"; data: string; driverParam: string; notNull: true; hasDefault: true; isPrimaryKey: true; isAutoincrement: false; ... 4 more ...; generated: undefined; }, {}, {}>' is not assignable to parameter of type 'never'.
server/routes/meetings.ts(1941,37): error TS2769: No overload matches this call.
  Overload 1 of 3, '(left: PgColumn<{ name: "id"; tableName: "reunioes"; dataType: "string"; columnType: "PgUUID"; data: string; driverParam: string; notNull: true; hasDefault: true; isPrimaryKey: true; isAutoincrement: false; ... 4 more ...; generated: undefined; }, {}, {}>, right: string | SQLWrapper): SQL<...>', gave the following error.
    Argument of type 'string | string[]' is not assignable to parameter of type 'string | SQLWrapper'.
      Type 'string[]' is not assignable to type 'string | SQLWrapper'.
  Overload 2 of 3, '(left: Aliased<string | string[]>, right: string | string[] | SQLWrapper): SQL<unknown>', gave the following error.
    Argument of type 'PgColumn<{ name: "id"; tableName: "reunioes"; dataType: "string"; columnType: "PgUUID"; data: string; driverParam: string; notNull: true; hasDefault: true; isPrimaryKey: true; isAutoincrement: false; ... 4 more ...; generated: undefined; }, {}, {}>' is not assignable to parameter of type 'Aliased<string | string[]>'.
      Type 'PgColumn<{ name: "id"; tableName: "reunioes"; dataType: "string"; columnType: "PgUUID"; data: string; driverParam: string; notNull: true; hasDefault: true; isPrimaryKey: true; isAutoincrement: false; ... 4 more ...; generated: undefined; }, {}, {}>' is missing the following properties from type 'Aliased<string | string[]>': sql, fieldAlias
  Overload 3 of 3, '(left: never, right: unknown): SQL<unknown>', gave the following error.
    Argument of type 'PgColumn<{ name: "id"; tableName: "reunioes"; dataType: "string"; columnType: "PgUUID"; data: string; driverParam: string; notNull: true; hasDefault: true; isPrimaryKey: true; isAutoincrement: false; ... 4 more ...; generated: undefined; }, {}, {}>' is not assignable to parameter of type 'never'.
server/routes/meetings.ts(1968,9): error TS2769: No overload matches this call.
  Overload 1 of 3, '(left: PgColumn<{ name: "id"; tableName: "reunioes"; dataType: "string"; columnType: "PgUUID"; data: string; driverParam: string; notNull: true; hasDefault: true; isPrimaryKey: true; isAutoincrement: false; ... 4 more ...; generated: undefined; }, {}, {}>, right: string | SQLWrapper): SQL<...>', gave the following error.
    Argument of type 'string | string[]' is not assignable to parameter of type 'string | SQLWrapper'.
      Type 'string[]' is not assignable to type 'string | SQLWrapper'.
  Overload 2 of 3, '(left: Aliased<string | string[]>, right: string | string[] | SQLWrapper): SQL<unknown>', gave the following error.
    Argument of type 'PgColumn<{ name: "id"; tableName: "reunioes"; dataType: "string"; columnType: "PgUUID"; data: string; driverParam: string; notNull: true; hasDefault: true; isPrimaryKey: true; isAutoincrement: false; ... 4 more ...; generated: undefined; }, {}, {}>' is not assignable to parameter of type 'Aliased<string | string[]>'.
      Type 'PgColumn<{ name: "id"; tableName: "reunioes"; dataType: "string"; columnType: "PgUUID"; data: string; driverParam: string; notNull: true; hasDefault: true; isPrimaryKey: true; isAutoincrement: false; ... 4 more ...; generated: undefined; }, {}, {}>' is missing the following properties from type 'Aliased<string | string[]>': sql, fieldAlias
  Overload 3 of 3, '(left: never, right: unknown): SQL<unknown>', gave the following error.
    Argument of type 'PgColumn<{ name: "id"; tableName: "reunioes"; dataType: "string"; columnType: "PgUUID"; data: string; driverParam: string; notNull: true; hasDefault: true; isPrimaryKey: true; isAutoincrement: false; ... 4 more ...; generated: undefined; }, {}, {}>' is not assignable to parameter of type 'never'.
server/routes/meetings.ts(1999,9): error TS2769: No overload matches this call.
  Overload 1 of 3, '(left: PgColumn<{ name: "id"; tableName: "reunioes"; dataType: "string"; columnType: "PgUUID"; data: string; driverParam: string; notNull: true; hasDefault: true; isPrimaryKey: true; isAutoincrement: false; ... 4 more ...; generated: undefined; }, {}, {}>, right: string | SQLWrapper): SQL<...>', gave the following error.
    Argument of type 'string | string[]' is not assignable to parameter of type 'string | SQLWrapper'.
      Type 'string[]' is not assignable to type 'string | SQLWrapper'.
  Overload 2 of 3, '(left: Aliased<string | string[]>, right: string | string[] | SQLWrapper): SQL<unknown>', gave the following error.
    Argument of type 'PgColumn<{ name: "id"; tableName: "reunioes"; dataType: "string"; columnType: "PgUUID"; data: string; driverParam: string; notNull: true; hasDefault: true; isPrimaryKey: true; isAutoincrement: false; ... 4 more ...; generated: undefined; }, {}, {}>' is not assignable to parameter of type 'Aliased<string | string[]>'.
      Type 'PgColumn<{ name: "id"; tableName: "reunioes"; dataType: "string"; columnType: "PgUUID"; data: string; driverParam: string; notNull: true; hasDefault: true; isPrimaryKey: true; isAutoincrement: false; ... 4 more ...; generated: undefined; }, {}, {}>' is missing the following properties from type 'Aliased<string | string[]>': sql, fieldAlias
  Overload 3 of 3, '(left: never, right: unknown): SQL<unknown>', gave the following error.
    Argument of type 'PgColumn<{ name: "id"; tableName: "reunioes"; dataType: "string"; columnType: "PgUUID"; data: string; driverParam: string; notNull: true; hasDefault: true; isPrimaryKey: true; isAutoincrement: false; ... 4 more ...; generated: undefined; }, {}, {}>' is not assignable to parameter of type 'never'.
server/routes/meetings.ts(2060,9): error TS2769: No overload matches this call.
  Overload 1 of 3, '(left: PgColumn<{ name: "id"; tableName: "reunioes"; dataType: "string"; columnType: "PgUUID"; data: string; driverParam: string; notNull: true; hasDefault: true; isPrimaryKey: true; isAutoincrement: false; ... 4 more ...; generated: undefined; }, {}, {}>, right: string | SQLWrapper): SQL<...>', gave the following error.
    Argument of type 'string | string[]' is not assignable to parameter of type 'string | SQLWrapper'.
      Type 'string[]' is not assignable to type 'string | SQLWrapper'.
  Overload 2 of 3, '(left: Aliased<string | string[]>, right: string | string[] | SQLWrapper): SQL<unknown>', gave the following error.
    Argument of type 'PgColumn<{ name: "id"; tableName: "reunioes"; dataType: "string"; columnType: "PgUUID"; data: string; driverParam: string; notNull: true; hasDefault: true; isPrimaryKey: true; isAutoincrement: false; ... 4 more ...; generated: undefined; }, {}, {}>' is not assignable to parameter of type 'Aliased<string | string[]>'.
      Type 'PgColumn<{ name: "id"; tableName: "reunioes"; dataType: "string"; columnType: "PgUUID"; data: string; driverParam: string; notNull: true; hasDefault: true; isPrimaryKey: true; isAutoincrement: false; ... 4 more ...; generated: undefined; }, {}, {}>' is missing the following properties from type 'Aliased<string | string[]>': sql, fieldAlias
  Overload 3 of 3, '(left: never, right: unknown): SQL<unknown>', gave the following error.
    Argument of type 'PgColumn<{ name: "id"; tableName: "reunioes"; dataType: "string"; columnType: "PgUUID"; data: string; driverParam: string; notNull: true; hasDefault: true; isPrimaryKey: true; isAutoincrement: false; ... 4 more ...; generated: undefined; }, {}, {}>' is not assignable to parameter of type 'never'.
server/routes/meetings.ts(2110,14): error TS2769: No overload matches this call.
  Overload 1 of 3, '(left: PgColumn<{ name: "id"; tableName: "reunioes"; dataType: "string"; columnType: "PgUUID"; data: string; driverParam: string; notNull: true; hasDefault: true; isPrimaryKey: true; isAutoincrement: false; ... 4 more ...; generated: undefined; }, {}, {}>, right: string | SQLWrapper): SQL<...>', gave the following error.
    Argument of type 'string | string[]' is not assignable to parameter of type 'string | SQLWrapper'.
      Type 'string[]' is not assignable to type 'string | SQLWrapper'.
  Overload 2 of 3, '(left: Aliased<string | string[]>, right: string | string[] | SQLWrapper): SQL<unknown>', gave the following error.
    Argument of type 'PgColumn<{ name: "id"; tableName: "reunioes"; dataType: "string"; columnType: "PgUUID"; data: string; driverParam: string; notNull: true; hasDefault: true; isPrimaryKey: true; isAutoincrement: false; ... 4 more ...; generated: undefined; }, {}, {}>' is not assignable to parameter of type 'Aliased<string | string[]>'.
      Type 'PgColumn<{ name: "id"; tableName: "reunioes"; dataType: "string"; columnType: "PgUUID"; data: string; driverParam: string; notNull: true; hasDefault: true; isPrimaryKey: true; isAutoincrement: false; ... 4 more ...; generated: undefined; }, {}, {}>' is missing the following properties from type 'Aliased<string | string[]>': sql, fieldAlias
  Overload 3 of 3, '(left: never, right: unknown): SQL<unknown>', gave the following error.
    Argument of type 'PgColumn<{ name: "id"; tableName: "reunioes"; dataType: "string"; columnType: "PgUUID"; data: string; driverParam: string; notNull: true; hasDefault: true; isPrimaryKey: true; isAutoincrement: false; ... 4 more ...; generated: undefined; }, {}, {}>' is not assignable to parameter of type 'never'.
server/routes/meetings.ts(2144,16): error TS2769: No overload matches this call.
  Overload 1 of 3, '(left: PgColumn<{ name: "id"; tableName: "reunioes"; dataType: "string"; columnType: "PgUUID"; data: string; driverParam: string; notNull: true; hasDefault: true; isPrimaryKey: true; isAutoincrement: false; ... 4 more ...; generated: undefined; }, {}, {}>, right: string | SQLWrapper): SQL<...>', gave the following error.
    Argument of type 'string | string[]' is not assignable to parameter of type 'string | SQLWrapper'.
      Type 'string[]' is not assignable to type 'string | SQLWrapper'.
  Overload 2 of 3, '(left: Aliased<string | string[]>, right: string | string[] | SQLWrapper): SQL<unknown>', gave the following error.
    Argument of type 'PgColumn<{ name: "id"; tableName: "reunioes"; dataType: "string"; columnType: "PgUUID"; data: string; driverParam: string; notNull: true; hasDefault: true; isPrimaryKey: true; isAutoincrement: false; ... 4 more ...; generated: undefined; }, {}, {}>' is not assignable to parameter of type 'Aliased<string | string[]>'.
      Type 'PgColumn<{ name: "id"; tableName: "reunioes"; dataType: "string"; columnType: "PgUUID"; data: string; driverParam: string; notNull: true; hasDefault: true; isPrimaryKey: true; isAutoincrement: false; ... 4 more ...; generated: undefined; }, {}, {}>' is missing the following properties from type 'Aliased<string | string[]>': sql, fieldAlias
  Overload 3 of 3, '(left: never, right: unknown): SQL<unknown>', gave the following error.
    Argument of type 'PgColumn<{ name: "id"; tableName: "reunioes"; dataType: "string"; columnType: "PgUUID"; data: string; driverParam: string; notNull: true; hasDefault: true; isPrimaryKey: true; isAutoincrement: false; ... 4 more ...; generated: undefined; }, {}, {}>' is not assignable to parameter of type 'never'.
server/routes/meetings.ts(2184,9): error TS2769: No overload matches this call.
  Overload 1 of 3, '(left: PgColumn<{ name: "id"; tableName: "reunioes"; dataType: "string"; columnType: "PgUUID"; data: string; driverParam: string; notNull: true; hasDefault: true; isPrimaryKey: true; isAutoincrement: false; ... 4 more ...; generated: undefined; }, {}, {}>, right: string | SQLWrapper): SQL<...>', gave the following error.
    Argument of type 'string | string[]' is not assignable to parameter of type 'string | SQLWrapper'.
      Type 'string[]' is not assignable to type 'string | SQLWrapper'.
  Overload 2 of 3, '(left: Aliased<string | string[]>, right: string | string[] | SQLWrapper): SQL<unknown>', gave the following error.
    Argument of type 'PgColumn<{ name: "id"; tableName: "reunioes"; dataType: "string"; columnType: "PgUUID"; data: string; driverParam: string; notNull: true; hasDefault: true; isPrimaryKey: true; isAutoincrement: false; ... 4 more ...; generated: undefined; }, {}, {}>' is not assignable to parameter of type 'Aliased<string | string[]>'.
      Type 'PgColumn<{ name: "id"; tableName: "reunioes"; dataType: "string"; columnType: "PgUUID"; data: string; driverParam: string; notNull: true; hasDefault: true; isPrimaryKey: true; isAutoincrement: false; ... 4 more ...; generated: undefined; }, {}, {}>' is missing the following properties from type 'Aliased<string | string[]>': sql, fieldAlias
  Overload 3 of 3, '(left: never, right: unknown): SQL<unknown>', gave the following error.
    Argument of type 'PgColumn<{ name: "id"; tableName: "reunioes"; dataType: "string"; columnType: "PgUUID"; data: string; driverParam: string; notNull: true; hasDefault: true; isPrimaryKey: true; isAutoincrement: false; ... 4 more ...; generated: undefined; }, {}, {}>' is not assignable to parameter of type 'never'.
server/routes/meetings.ts(2195,14): error TS2769: No overload matches this call.
  Overload 1 of 3, '(left: PgColumn<{ name: "id"; tableName: "reunioes"; dataType: "string"; columnType: "PgUUID"; data: string; driverParam: string; notNull: true; hasDefault: true; isPrimaryKey: true; isAutoincrement: false; ... 4 more ...; generated: undefined; }, {}, {}>, right: string | SQLWrapper): SQL<...>', gave the following error.
    Argument of type 'string | string[]' is not assignable to parameter of type 'string | SQLWrapper'.
      Type 'string[]' is not assignable to type 'string | SQLWrapper'.
  Overload 2 of 3, '(left: Aliased<string | string[]>, right: string | string[] | SQLWrapper): SQL<unknown>', gave the following error.
    Argument of type 'PgColumn<{ name: "id"; tableName: "reunioes"; dataType: "string"; columnType: "PgUUID"; data: string; driverParam: string; notNull: true; hasDefault: true; isPrimaryKey: true; isAutoincrement: false; ... 4 more ...; generated: undefined; }, {}, {}>' is not assignable to parameter of type 'Aliased<string | string[]>'.
      Type 'PgColumn<{ name: "id"; tableName: "reunioes"; dataType: "string"; columnType: "PgUUID"; data: string; driverParam: string; notNull: true; hasDefault: true; isPrimaryKey: true; isAutoincrement: false; ... 4 more ...; generated: undefined; }, {}, {}>' is missing the following properties from type 'Aliased<string | string[]>': sql, fieldAlias
  Overload 3 of 3, '(left: never, right: unknown): SQL<unknown>', gave the following error.
    Argument of type 'PgColumn<{ name: "id"; tableName: "reunioes"; dataType: "string"; columnType: "PgUUID"; data: string; driverParam: string; notNull: true; hasDefault: true; isPrimaryKey: true; isAutoincrement: false; ... 4 more ...; generated: undefined; }, {}, {}>' is not assignable to parameter of type 'never'.
server/routes/meetings.ts(2225,9): error TS2769: No overload matches this call.
  Overload 1 of 3, '(left: PgColumn<{ name: "id"; tableName: "reunioes"; dataType: "string"; columnType: "PgUUID"; data: string; driverParam: string; notNull: true; hasDefault: true; isPrimaryKey: true; isAutoincrement: false; ... 4 more ...; generated: undefined; }, {}, {}>, right: string | SQLWrapper): SQL<...>', gave the following error.
    Argument of type 'string | string[]' is not assignable to parameter of type 'string | SQLWrapper'.
      Type 'string[]' is not assignable to type 'string | SQLWrapper'.
  Overload 2 of 3, '(left: Aliased<string | string[]>, right: string | string[] | SQLWrapper): SQL<unknown>', gave the following error.
    Argument of type 'PgColumn<{ name: "id"; tableName: "reunioes"; dataType: "string"; columnType: "PgUUID"; data: string; driverParam: string; notNull: true; hasDefault: true; isPrimaryKey: true; isAutoincrement: false; ... 4 more ...; generated: undefined; }, {}, {}>' is not assignable to parameter of type 'Aliased<string | string[]>'.
      Type 'PgColumn<{ name: "id"; tableName: "reunioes"; dataType: "string"; columnType: "PgUUID"; data: string; driverParam: string; notNull: true; hasDefault: true; isPrimaryKey: true; isAutoincrement: false; ... 4 more ...; generated: undefined; }, {}, {}>' is missing the following properties from type 'Aliased<string | string[]>': sql, fieldAlias
  Overload 3 of 3, '(left: never, right: unknown): SQL<unknown>', gave the following error.
    Argument of type 'PgColumn<{ name: "id"; tableName: "reunioes"; dataType: "string"; columnType: "PgUUID"; data: string; driverParam: string; notNull: true; hasDefault: true; isPrimaryKey: true; isAutoincrement: false; ... 4 more ...; generated: undefined; }, {}, {}>' is not assignable to parameter of type 'never'.
server/routes/meetings.ts(2235,14): error TS2769: No overload matches this call.
  Overload 1 of 3, '(left: PgColumn<{ name: "reuniao_id"; tableName: "gravacoes"; dataType: "string"; columnType: "PgUUID"; data: string; driverParam: string; notNull: true; hasDefault: false; isPrimaryKey: false; isAutoincrement: false; ... 4 more ...; generated: undefined; }, {}, {}>, right: string | SQLWrapper): SQL<...>', gave the following error.
    Argument of type 'string | string[]' is not assignable to parameter of type 'string | SQLWrapper'.
      Type 'string[]' is not assignable to type 'string | SQLWrapper'.
  Overload 2 of 3, '(left: Aliased<string | string[]>, right: string | string[] | SQLWrapper): SQL<unknown>', gave the following error.
    Argument of type 'PgColumn<{ name: "reuniao_id"; tableName: "gravacoes"; dataType: "string"; columnType: "PgUUID"; data: string; driverParam: string; notNull: true; hasDefault: false; isPrimaryKey: false; isAutoincrement: false; ... 4 more ...; generated: undefined; }, {}, {}>' is not assignable to parameter of type 'Aliased<string | string[]>'.
      Type 'PgColumn<{ name: "reuniao_id"; tableName: "gravacoes"; dataType: "string"; columnType: "PgUUID"; data: string; driverParam: string; notNull: true; hasDefault: false; isPrimaryKey: false; isAutoincrement: false; ... 4 more ...; generated: undefined; }, {}, {}>' is missing the following properties from type 'Aliased<string | string[]>': sql, fieldAlias
  Overload 3 of 3, '(left: never, right: unknown): SQL<unknown>', gave the following error.
    Argument of type 'PgColumn<{ name: "reuniao_id"; tableName: "gravacoes"; dataType: "string"; columnType: "PgUUID"; data: string; driverParam: string; notNull: true; hasDefault: false; isPrimaryKey: false; isAutoincrement: false; ... 4 more ...; generated: undefined; }, {}, {}>' is not assignable to parameter of type 'never'.
server/routes/meetings.ts(2258,9): error TS2769: No overload matches this call.
  Overload 1 of 3, '(left: PgColumn<{ name: "id"; tableName: "reunioes"; dataType: "string"; columnType: "PgUUID"; data: string; driverParam: string; notNull: true; hasDefault: true; isPrimaryKey: true; isAutoincrement: false; ... 4 more ...; generated: undefined; }, {}, {}>, right: string | SQLWrapper): SQL<...>', gave the following error.
    Argument of type 'string | string[]' is not assignable to parameter of type 'string | SQLWrapper'.
      Type 'string[]' is not assignable to type 'string | SQLWrapper'.
  Overload 2 of 3, '(left: Aliased<string | string[]>, right: string | string[] | SQLWrapper): SQL<unknown>', gave the following error.
    Argument of type 'PgColumn<{ name: "id"; tableName: "reunioes"; dataType: "string"; columnType: "PgUUID"; data: string; driverParam: string; notNull: true; hasDefault: true; isPrimaryKey: true; isAutoincrement: false; ... 4 more ...; generated: undefined; }, {}, {}>' is not assignable to parameter of type 'Aliased<string | string[]>'.
      Type 'PgColumn<{ name: "id"; tableName: "reunioes"; dataType: "string"; columnType: "PgUUID"; data: string; driverParam: string; notNull: true; hasDefault: true; isPrimaryKey: true; isAutoincrement: false; ... 4 more ...; generated: undefined; }, {}, {}>' is missing the following properties from type 'Aliased<string | string[]>': sql, fieldAlias
  Overload 3 of 3, '(left: never, right: unknown): SQL<unknown>', gave the following error.
    Argument of type 'PgColumn<{ name: "id"; tableName: "reunioes"; dataType: "string"; columnType: "PgUUID"; data: string; driverParam: string; notNull: true; hasDefault: true; isPrimaryKey: true; isAutoincrement: false; ... 4 more ...; generated: undefined; }, {}, {}>' is not assignable to parameter of type 'never'.
server/routes/meetings.ts(2286,7): error TS2769: No overload matches this call.
  Overload 1 of 2, '(value: { tenantId: string | SQL<unknown> | Placeholder<string, any>; reuniaoId: string | SQL<unknown> | Placeholder<string, any>; duration?: number | SQL<unknown> | Placeholder<...>; ... 13 more ...; assetId?: string | ... 1 more ... | Placeholder<...>; }): PgInsertBase<...>', gave the following error.
    Type 'string | string[]' is not assignable to type 'string | SQL<unknown> | Placeholder<string, any>'.
      Type 'string[]' is not assignable to type 'string | SQL<unknown> | Placeholder<string, any>'.
  Overload 2 of 2, '(values: { tenantId: string | SQL<unknown> | Placeholder<string, any>; reuniaoId: string | SQL<unknown> | Placeholder<string, any>; duration?: number | SQL<unknown> | Placeholder<...>; ... 13 more ...; assetId?: string | ... 1 more ... | Placeholder<...>; }[]): PgInsertBase<...>', gave the following error.
    Object literal may only specify known properties, and 'reuniaoId' does not exist in type '{ tenantId: string | SQL<unknown> | Placeholder<string, any>; reuniaoId: string | SQL<unknown> | Placeholder<string, any>; duration?: number | SQL<unknown> | Placeholder<...>; ... 13 more ...; assetId?: string | ... 1 more ... | Placeholder<...>; }[]'.
server/routes/meetings.ts(2317,9): error TS2769: No overload matches this call.
  Overload 1 of 3, '(left: PgColumn<{ name: "id"; tableName: "gravacoes"; dataType: "string"; columnType: "PgUUID"; data: string; driverParam: string; notNull: true; hasDefault: true; isPrimaryKey: true; isAutoincrement: false; ... 4 more ...; generated: undefined; }, {}, {}>, right: string | SQLWrapper): SQL<...>', gave the following error.
    Argument of type 'string | string[]' is not assignable to parameter of type 'string | SQLWrapper'.
      Type 'string[]' is not assignable to type 'string | SQLWrapper'.
  Overload 2 of 3, '(left: Aliased<string | string[]>, right: string | string[] | SQLWrapper): SQL<unknown>', gave the following error.
    Argument of type 'PgColumn<{ name: "id"; tableName: "gravacoes"; dataType: "string"; columnType: "PgUUID"; data: string; driverParam: string; notNull: true; hasDefault: true; isPrimaryKey: true; isAutoincrement: false; ... 4 more ...; generated: undefined; }, {}, {}>' is not assignable to parameter of type 'Aliased<string | string[]>'.
      Type 'PgColumn<{ name: "id"; tableName: "gravacoes"; dataType: "string"; columnType: "PgUUID"; data: string; driverParam: string; notNull: true; hasDefault: true; isPrimaryKey: true; isAutoincrement: false; ... 4 more ...; generated: undefined; }, {}, {}>' is missing the following properties from type 'Aliased<string | string[]>': sql, fieldAlias
  Overload 3 of 3, '(left: never, right: unknown): SQL<unknown>', gave the following error.
    Argument of type 'PgColumn<{ name: "id"; tableName: "gravacoes"; dataType: "string"; columnType: "PgUUID"; data: string; driverParam: string; notNull: true; hasDefault: true; isPrimaryKey: true; isAutoincrement: false; ... 4 more ...; generated: undefined; }, {}, {}>' is not assignable to parameter of type 'never'.
server/routes/meetings.ts(2318,9): error TS2769: No overload matches this call.
  Overload 1 of 3, '(left: PgColumn<{ name: "reuniao_id"; tableName: "gravacoes"; dataType: "string"; columnType: "PgUUID"; data: string; driverParam: string; notNull: true; hasDefault: false; isPrimaryKey: false; isAutoincrement: false; ... 4 more ...; generated: undefined; }, {}, {}>, right: string | SQLWrapper): SQL<...>', gave the following error.
    Argument of type 'string | string[]' is not assignable to parameter of type 'string | SQLWrapper'.
      Type 'string[]' is not assignable to type 'string | SQLWrapper'.
  Overload 2 of 3, '(left: Aliased<string | string[]>, right: string | string[] | SQLWrapper): SQL<unknown>', gave the following error.
    Argument of type 'PgColumn<{ name: "reuniao_id"; tableName: "gravacoes"; dataType: "string"; columnType: "PgUUID"; data: string; driverParam: string; notNull: true; hasDefault: false; isPrimaryKey: false; isAutoincrement: false; ... 4 more ...; generated: undefined; }, {}, {}>' is not assignable to parameter of type 'Aliased<string | string[]>'.
      Type 'PgColumn<{ name: "reuniao_id"; tableName: "gravacoes"; dataType: "string"; columnType: "PgUUID"; data: string; driverParam: string; notNull: true; hasDefault: false; isPrimaryKey: false; isAutoincrement: false; ... 4 more ...; generated: undefined; }, {}, {}>' is missing the following properties from type 'Aliased<string | string[]>': sql, fieldAlias
  Overload 3 of 3, '(left: never, right: unknown): SQL<unknown>', gave the following error.
    Argument of type 'PgColumn<{ name: "reuniao_id"; tableName: "gravacoes"; dataType: "string"; columnType: "PgUUID"; data: string; driverParam: string; notNull: true; hasDefault: false; isPrimaryKey: false; isAutoincrement: false; ... 4 more ...; generated: undefined; }, {}, {}>' is not assignable to parameter of type 'never'.
server/routes/meetings.ts(2349,14): error TS2769: No overload matches this call.
  Overload 1 of 3, '(left: PgColumn<{ name: "id"; tableName: "gravacoes"; dataType: "string"; columnType: "PgUUID"; data: string; driverParam: string; notNull: true; hasDefault: true; isPrimaryKey: true; isAutoincrement: false; ... 4 more ...; generated: undefined; }, {}, {}>, right: string | SQLWrapper): SQL<...>', gave the following error.
    Argument of type 'string | string[]' is not assignable to parameter of type 'string | SQLWrapper'.
      Type 'string[]' is not assignable to type 'string | SQLWrapper'.
  Overload 2 of 3, '(left: Aliased<string | string[]>, right: string | string[] | SQLWrapper): SQL<unknown>', gave the following error.
    Argument of type 'PgColumn<{ name: "id"; tableName: "gravacoes"; dataType: "string"; columnType: "PgUUID"; data: string; driverParam: string; notNull: true; hasDefault: true; isPrimaryKey: true; isAutoincrement: false; ... 4 more ...; generated: undefined; }, {}, {}>' is not assignable to parameter of type 'Aliased<string | string[]>'.
      Type 'PgColumn<{ name: "id"; tableName: "gravacoes"; dataType: "string"; columnType: "PgUUID"; data: string; driverParam: string; notNull: true; hasDefault: true; isPrimaryKey: true; isAutoincrement: false; ... 4 more ...; generated: undefined; }, {}, {}>' is missing the following properties from type 'Aliased<string | string[]>': sql, fieldAlias
  Overload 3 of 3, '(left: never, right: unknown): SQL<unknown>', gave the following error.
    Argument of type 'PgColumn<{ name: "id"; tableName: "gravacoes"; dataType: "string"; columnType: "PgUUID"; data: string; driverParam: string; notNull: true; hasDefault: true; isPrimaryKey: true; isAutoincrement: false; ... 4 more ...; generated: undefined; }, {}, {}>' is not assignable to parameter of type 'never'.
server/routes/monitoring.ts(53,14): error TS2554: Expected 2-3 arguments, but got 1.
server/routes/multiTenantAuth.ts(69,15): error TS2339: Property 'catch' does not exist on type 'PromiseLike<PostgrestSingleResponse<null>>'.
server/routes/multiTenantAuth.ts(91,13): error TS2339: Property 'catch' does not exist on type 'PromiseLike<PostgrestSingleResponse<null>>'.
server/routes/multiTenantAuth.ts(94,36): error TS2339: Property 'catch' does not exist on type 'PromiseLike<PostgrestSingleResponse<null>>'.
server/routes/multiTenantAuth.ts(248,17): error TS2339: Property 'catch' does not exist on type 'PromiseLike<PostgrestSingleResponse<null>>'.
server/routes/multiTenantAuth.ts(275,15): error TS2339: Property 'catch' does not exist on type 'PromiseLike<PostgrestSingleResponse<null>>'.
server/routes/n8n.ts(117,20): error TS2769: No overload matches this call.
  Overload 1 of 3, '(left: PgColumn<{ name: "tenant_id"; tableName: "hms_100ms_config"; dataType: "string"; columnType: "PgText"; data: string; driverParam: string; notNull: true; hasDefault: false; isPrimaryKey: false; isAutoincrement: false; ... 4 more ...; generated: undefined; }, {}, {}>, right: string | SQLWrapper): SQL<...>', gave the following error.
    Argument of type 'string | string[]' is not assignable to parameter of type 'string | SQLWrapper'.
      Type 'string[]' is not assignable to type 'string | SQLWrapper'.
  Overload 2 of 3, '(left: Aliased<string | string[]>, right: string | string[] | SQLWrapper): SQL<unknown>', gave the following error.
    Argument of type 'PgColumn<{ name: "tenant_id"; tableName: "hms_100ms_config"; dataType: "string"; columnType: "PgText"; data: string; driverParam: string; notNull: true; hasDefault: false; isPrimaryKey: false; isAutoincrement: false; ... 4 more ...; generated: undefined; }, {}, {}>' is not assignable to parameter of type 'Aliased<string | string[]>'.
      Type 'PgColumn<{ name: "tenant_id"; tableName: "hms_100ms_config"; dataType: "string"; columnType: "PgText"; data: string; driverParam: string; notNull: true; hasDefault: false; isPrimaryKey: false; isAutoincrement: false; ... 4 more ...; generated: undefined; }, {}, {}>' is missing the following properties from type 'Aliased<string | string[]>': sql, fieldAlias
  Overload 3 of 3, '(left: never, right: unknown): SQL<unknown>', gave the following error.
    Argument of type 'PgColumn<{ name: "tenant_id"; tableName: "hms_100ms_config"; dataType: "string"; columnType: "PgText"; data: string; driverParam: string; notNull: true; hasDefault: false; isPrimaryKey: false; isAutoincrement: false; ... 4 more ...; generated: undefined; }, {}, {}>' is not assignable to parameter of type 'never'.
server/routes/n8n.ts(642,20): error TS2769: No overload matches this call.
  Overload 1 of 3, '(left: PgColumn<{ name: "id"; tableName: "reunioes"; dataType: "string"; columnType: "PgUUID"; data: string; driverParam: string; notNull: true; hasDefault: true; isPrimaryKey: true; isAutoincrement: false; ... 4 more ...; generated: undefined; }, {}, {}>, right: string | SQLWrapper): SQL<...>', gave the following error.
    Argument of type 'string | string[]' is not assignable to parameter of type 'string | SQLWrapper'.
      Type 'string[]' is not assignable to type 'string | SQLWrapper'.
  Overload 2 of 3, '(left: Aliased<string | string[]>, right: string | string[] | SQLWrapper): SQL<unknown>', gave the following error.
    Argument of type 'PgColumn<{ name: "id"; tableName: "reunioes"; dataType: "string"; columnType: "PgUUID"; data: string; driverParam: string; notNull: true; hasDefault: true; isPrimaryKey: true; isAutoincrement: false; ... 4 more ...; generated: undefined; }, {}, {}>' is not assignable to parameter of type 'Aliased<string | string[]>'.
      Type 'PgColumn<{ name: "id"; tableName: "reunioes"; dataType: "string"; columnType: "PgUUID"; data: string; driverParam: string; notNull: true; hasDefault: true; isPrimaryKey: true; isAutoincrement: false; ... 4 more ...; generated: undefined; }, {}, {}>' is missing the following properties from type 'Aliased<string | string[]>': sql, fieldAlias
  Overload 3 of 3, '(left: never, right: unknown): SQL<unknown>', gave the following error.
    Argument of type 'PgColumn<{ name: "id"; tableName: "reunioes"; dataType: "string"; columnType: "PgUUID"; data: string; driverParam: string; notNull: true; hasDefault: true; isPrimaryKey: true; isAutoincrement: false; ... 4 more ...; generated: undefined; }, {}, {}>' is not assignable to parameter of type 'never'.
server/routes/n8n.ts(682,20): error TS2769: No overload matches this call.
  Overload 1 of 3, '(left: PgColumn<{ name: "id"; tableName: "reunioes"; dataType: "string"; columnType: "PgUUID"; data: string; driverParam: string; notNull: true; hasDefault: true; isPrimaryKey: true; isAutoincrement: false; ... 4 more ...; generated: undefined; }, {}, {}>, right: string | SQLWrapper): SQL<...>', gave the following error.
    Argument of type 'string | string[]' is not assignable to parameter of type 'string | SQLWrapper'.
      Type 'string[]' is not assignable to type 'string | SQLWrapper'.
  Overload 2 of 3, '(left: Aliased<string | string[]>, right: string | string[] | SQLWrapper): SQL<unknown>', gave the following error.
    Argument of type 'PgColumn<{ name: "id"; tableName: "reunioes"; dataType: "string"; columnType: "PgUUID"; data: string; driverParam: string; notNull: true; hasDefault: true; isPrimaryKey: true; isAutoincrement: false; ... 4 more ...; generated: undefined; }, {}, {}>' is not assignable to parameter of type 'Aliased<string | string[]>'.
      Type 'PgColumn<{ name: "id"; tableName: "reunioes"; dataType: "string"; columnType: "PgUUID"; data: string; driverParam: string; notNull: true; hasDefault: true; isPrimaryKey: true; isAutoincrement: false; ... 4 more ...; generated: undefined; }, {}, {}>' is missing the following properties from type 'Aliased<string | string[]>': sql, fieldAlias
  Overload 3 of 3, '(left: never, right: unknown): SQL<unknown>', gave the following error.
    Argument of type 'PgColumn<{ name: "id"; tableName: "reunioes"; dataType: "string"; columnType: "PgUUID"; data: string; driverParam: string; notNull: true; hasDefault: true; isPrimaryKey: true; isAutoincrement: false; ... 4 more ...; generated: undefined; }, {}, {}>' is not assignable to parameter of type 'never'.
server/routes/n8n.ts(745,20): error TS2769: No overload matches this call.
  Overload 1 of 3, '(left: PgColumn<{ name: "id"; tableName: "reunioes"; dataType: "string"; columnType: "PgUUID"; data: string; driverParam: string; notNull: true; hasDefault: true; isPrimaryKey: true; isAutoincrement: false; ... 4 more ...; generated: undefined; }, {}, {}>, right: string | SQLWrapper): SQL<...>', gave the following error.
    Argument of type 'string | string[]' is not assignable to parameter of type 'string | SQLWrapper'.
      Type 'string[]' is not assignable to type 'string | SQLWrapper'.
  Overload 2 of 3, '(left: Aliased<string | string[]>, right: string | string[] | SQLWrapper): SQL<unknown>', gave the following error.
    Argument of type 'PgColumn<{ name: "id"; tableName: "reunioes"; dataType: "string"; columnType: "PgUUID"; data: string; driverParam: string; notNull: true; hasDefault: true; isPrimaryKey: true; isAutoincrement: false; ... 4 more ...; generated: undefined; }, {}, {}>' is not assignable to parameter of type 'Aliased<string | string[]>'.
      Type 'PgColumn<{ name: "id"; tableName: "reunioes"; dataType: "string"; columnType: "PgUUID"; data: string; driverParam: string; notNull: true; hasDefault: true; isPrimaryKey: true; isAutoincrement: false; ... 4 more ...; generated: undefined; }, {}, {}>' is missing the following properties from type 'Aliased<string | string[]>': sql, fieldAlias
  Overload 3 of 3, '(left: never, right: unknown): SQL<unknown>', gave the following error.
    Argument of type 'PgColumn<{ name: "id"; tableName: "reunioes"; dataType: "string"; columnType: "PgUUID"; data: string; driverParam: string; notNull: true; hasDefault: true; isPrimaryKey: true; isAutoincrement: false; ... 4 more ...; generated: undefined; }, {}, {}>' is not assignable to parameter of type 'never'.
server/routes/n8n.ts(820,20): error TS2769: No overload matches this call.
  Overload 1 of 3, '(left: PgColumn<{ name: "id"; tableName: "reunioes"; dataType: "string"; columnType: "PgUUID"; data: string; driverParam: string; notNull: true; hasDefault: true; isPrimaryKey: true; isAutoincrement: false; ... 4 more ...; generated: undefined; }, {}, {}>, right: string | SQLWrapper): SQL<...>', gave the following error.
    Argument of type 'string | string[]' is not assignable to parameter of type 'string | SQLWrapper'.
      Type 'string[]' is not assignable to type 'string | SQLWrapper'.
  Overload 2 of 3, '(left: Aliased<string | string[]>, right: string | string[] | SQLWrapper): SQL<unknown>', gave the following error.
    Argument of type 'PgColumn<{ name: "id"; tableName: "reunioes"; dataType: "string"; columnType: "PgUUID"; data: string; driverParam: string; notNull: true; hasDefault: true; isPrimaryKey: true; isAutoincrement: false; ... 4 more ...; generated: undefined; }, {}, {}>' is not assignable to parameter of type 'Aliased<string | string[]>'.
      Type 'PgColumn<{ name: "id"; tableName: "reunioes"; dataType: "string"; columnType: "PgUUID"; data: string; driverParam: string; notNull: true; hasDefault: true; isPrimaryKey: true; isAutoincrement: false; ... 4 more ...; generated: undefined; }, {}, {}>' is missing the following properties from type 'Aliased<string | string[]>': sql, fieldAlias
  Overload 3 of 3, '(left: never, right: unknown): SQL<unknown>', gave the following error.
    Argument of type 'PgColumn<{ name: "id"; tableName: "reunioes"; dataType: "string"; columnType: "PgUUID"; data: string; driverParam: string; notNull: true; hasDefault: true; isPrimaryKey: true; isAutoincrement: false; ... 4 more ...; generated: undefined; }, {}, {}>' is not assignable to parameter of type 'never'.
server/routes/n8n.ts(876,20): error TS2769: No overload matches this call.
  Overload 1 of 3, '(left: PgColumn<{ name: "id"; tableName: "reunioes"; dataType: "string"; columnType: "PgUUID"; data: string; driverParam: string; notNull: true; hasDefault: true; isPrimaryKey: true; isAutoincrement: false; ... 4 more ...; generated: undefined; }, {}, {}>, right: string | SQLWrapper): SQL<...>', gave the following error.
    Argument of type 'string | string[]' is not assignable to parameter of type 'string | SQLWrapper'.
      Type 'string[]' is not assignable to type 'string | SQLWrapper'.
  Overload 2 of 3, '(left: Aliased<string | string[]>, right: string | string[] | SQLWrapper): SQL<unknown>', gave the following error.
    Argument of type 'PgColumn<{ name: "id"; tableName: "reunioes"; dataType: "string"; columnType: "PgUUID"; data: string; driverParam: string; notNull: true; hasDefault: true; isPrimaryKey: true; isAutoincrement: false; ... 4 more ...; generated: undefined; }, {}, {}>' is not assignable to parameter of type 'Aliased<string | string[]>'.
      Type 'PgColumn<{ name: "id"; tableName: "reunioes"; dataType: "string"; columnType: "PgUUID"; data: string; driverParam: string; notNull: true; hasDefault: true; isPrimaryKey: true; isAutoincrement: false; ... 4 more ...; generated: undefined; }, {}, {}>' is missing the following properties from type 'Aliased<string | string[]>': sql, fieldAlias
  Overload 3 of 3, '(left: never, right: unknown): SQL<unknown>', gave the following error.
    Argument of type 'PgColumn<{ name: "id"; tableName: "reunioes"; dataType: "string"; columnType: "PgUUID"; data: string; driverParam: string; notNull: true; hasDefault: true; isPrimaryKey: true; isAutoincrement: false; ... 4 more ...; generated: undefined; }, {}, {}>' is not assignable to parameter of type 'never'.
server/routes/n8n.ts(932,32): error TS2339: Property 'errors' does not exist on type 'ZodError<unknown>'.
server/routes/notifications.ts(77,83): error TS2345: Argument of type 'string | string[]' is not assignable to parameter of type 'string'.
  Type 'string[]' is not assignable to type 'string'.
server/routes/notifications.ts(155,39): error TS2345: Argument of type 'string | string[]' is not assignable to parameter of type 'string'.
  Type 'string[]' is not assignable to type 'string'.
server/routes/printerConfig.ts(118,31): error TS2345: Argument of type 'string | string[]' is not assignable to parameter of type 'string'.
  Type 'string[]' is not assignable to type 'string'.
server/routes/printerConfig.ts(204,15): error TS2769: No overload matches this call.
  Overload 1 of 2, '(value: { tenantId: string | SQL<unknown> | Placeholder<string, any>; printerName: string | SQL<unknown> | Placeholder<string, any>; id?: number | SQL<unknown> | Placeholder<...>; ... 14 more ...; enabledFields?: unknown; }): PgInsertBase<...>', gave the following error.
    Argument of type 'Record<string, never>' is not assignable to parameter of type '{ tenantId: string | SQL<unknown> | Placeholder<string, any>; printerName: string | SQL<unknown> | Placeholder<string, any>; id?: number | SQL<unknown> | Placeholder<...>; ... 14 more ...; enabledFields?: unknown; }'.
      Type 'Record<string, never>' is missing the following properties from type '{ tenantId: string | SQL<unknown> | Placeholder<string, any>; printerName: string | SQL<unknown> | Placeholder<string, any>; id?: number | SQL<unknown> | Placeholder<...>; ... 14 more ...; enabledFields?: unknown; }': tenantId, printerName
  Overload 2 of 2, '(values: { tenantId: string | SQL<unknown> | Placeholder<string, any>; printerName: string | SQL<unknown> | Placeholder<string, any>; id?: number | SQL<unknown> | Placeholder<...>; ... 14 more ...; enabledFields?: unknown; }[]): PgInsertBase<...>', gave the following error.
    Argument of type 'Record<string, never>' is not assignable to parameter of type '{ tenantId: string | SQL<unknown> | Placeholder<string, any>; printerName: string | SQL<unknown> | Placeholder<string, any>; id?: number | SQL<unknown> | Placeholder<...>; ... 14 more ...; enabledFields?: unknown; }[]'.
      Type 'Record<string, never>' is missing the following properties from type '{ tenantId: string | SQL<unknown> | Placeholder<string, any>; printerName: string | SQL<unknown> | Placeholder<string, any>; id?: number | SQL<unknown> | Placeholder<...>; ... 14 more ...; enabledFields?: unknown; }[]': length, pop, push, concat, and 29 more.
server/routes/printerConfig.ts(218,24): error TS2339: Property 'errors' does not exist on type 'ZodError<unknown>'.
server/routes/printerConfig.ts(232,31): error TS2345: Argument of type 'string | string[]' is not assignable to parameter of type 'string'.
  Type 'string[]' is not assignable to type 'string'.
server/routes/printerConfig.ts(309,24): error TS2339: Property 'errors' does not exist on type 'ZodError<unknown>'.
server/routes/printerConfig.ts(323,31): error TS2345: Argument of type 'string | string[]' is not assignable to parameter of type 'string'.
  Type 'string[]' is not assignable to type 'string'.
server/routes/printerConfig.ts(389,31): error TS2345: Argument of type 'string | string[]' is not assignable to parameter of type 'string'.
  Type 'string[]' is not assignable to type 'string'.
server/routes/produtos.ts(108,41): error TS2554: Expected 1 arguments, but got 0.
server/routes/produtos.ts(111,54): error TS2551: Property 'anon_key' does not exist on type 'SupabaseCredentials'. Did you mean 'anonKey'?
server/routes/produtos.ts(113,74): error TS2551: Property 'anon_key' does not exist on type 'SupabaseCredentials'. Did you mean 'anonKey'?
server/routes/publicStore.ts(248,9): error TS2304: Cannot find name 'supabaseUrl'.
server/routes/publicStore.ts(248,24): error TS2304: Cannot find name 'supabaseServiceKey'.
server/routes/publicStore.ts(249,27): error TS2304: Cannot find name 'supabaseUrl'.
server/routes/publicStore.ts(249,40): error TS2304: Cannot find name 'supabaseServiceKey'.
server/routes/publicStore.ts(253,9): error TS2304: Cannot find name 'supabaseUrl'.
server/routes/publicStore.ts(253,24): error TS2304: Cannot find name 'supabaseKey'.
server/routes/publicStore.ts(254,27): error TS2304: Cannot find name 'supabaseUrl'.
server/routes/publicStore.ts(254,40): error TS2304: Cannot find name 'supabaseKey'.
server/routes/resellerAuth.ts(516,17): error TS2339: Property 'companySlug' does not exist on type 'Session & Partial<SessionData>'.
server/routes/resellerAuth.ts(634,35): error TS2339: Property 'companySlug' does not exist on type 'Session & Partial<SessionData>'.
server/routes/resellerAuth.ts(1084,90): error TS2339: Property 'errors' does not exist on type 'ZodError<{ nome: string; telefone?: string; }>'.
server/routes/resellerAuth.ts(1123,90): error TS2339: Property 'errors' does not exist on type 'ZodError<{ email_vendas: boolean; email_comissoes: boolean; email_promocoes: boolean; push_vendas: boolean; push_estoque: boolean; }>'.
server/routes/resellerAuth.ts(1194,36): error TS2339: Property 'errors' does not exist on type 'ZodError<{ supabase_url: string; supabase_anon_key?: string; supabase_service_key?: string; }>'.
server/routes/resellerAuth.ts(1272,13): error TS2339: Property 'getSupabaseOwnerClient' does not exist on type 'typeof import("C:/Users/davie/Downloads/Skill e mcp/loja/plataformacompleta-store-update-20260214-165922/plataformacompleta/server/config/supabaseOwner")'.
server/routes/resellerAuth.ts(1425,45): error TS2345: Argument of type '{ supabase_url: string; supabase_anon_key: string; supabase_service_key?: string; }' is not assignable to parameter of type 'AdminCredentials'.
  Property 'storage_bucket' is missing in type '{ supabase_url: string; supabase_anon_key: string; supabase_service_key?: string; }' but required in type 'AdminCredentials'.
server/routes/split.ts(328,41): error TS2339: Property 'errors' does not exist on type 'ZodError<{ company_name?: string; trading_name?: string; email?: string; document?: string; }>'.
server/routes/split.ts(411,24): error TS2345: Argument of type 'string | string[]' is not assignable to parameter of type 'string'.
  Type 'string[]' is not assignable to type 'string'.
server/routes/split.ts(426,41): error TS2339: Property 'errors' does not exist on type 'ZodError<{ mother_name?: string; birthdate?: string; street?: string; number?: string; complement?: string; neighborhood?: string; city?: string; state?: string; zip_code?: string; bank_account?: { holder_name: string; ... 6 more ...; branch_check_digit?: string; }; }>'.
server/routes/split.ts(437,60): error TS2345: Argument of type 'string | string[]' is not assignable to parameter of type 'string'.
  Type 'string[]' is not assignable to type 'string'.
server/routes/split.ts(523,49): error TS2345: Argument of type 'string | string[]' is not assignable to parameter of type 'string'.
  Type 'string[]' is not assignable to type 'string'.
server/routes/split.ts(584,41): error TS2339: Property 'errors' does not exist on type 'ZodError<{ reseller_percentage: number; reseller_id?: string; }>'.
server/routes/split.ts(1228,57): error TS2345: Argument of type 'string | string[]' is not assignable to parameter of type 'string'.
  Type 'string[]' is not assignable to type 'string'.
server/routes/store.ts(234,63): error TS2345: Argument of type 'string | string[]' is not assignable to parameter of type 'string'.
  Type 'string[]' is not assignable to type 'string'.
server/routes/store.ts(348,65): error TS2345: Argument of type 'string | string[]' is not assignable to parameter of type 'string'.
  Type 'string[]' is not assignable to type 'string'.
server/routes/store.ts(394,65): error TS2345: Argument of type 'string | string[]' is not assignable to parameter of type 'string'.
  Type 'string[]' is not assignable to type 'string'.
server/routes/store.ts(417,67): error TS2345: Argument of type 'string | string[]' is not assignable to parameter of type 'string'.
  Type 'string[]' is not assignable to type 'string'.
server/routes/store.ts(492,64): error TS2345: Argument of type 'string | string[]' is not assignable to parameter of type 'string'.
  Type 'string[]' is not assignable to type 'string'.
server/routes/store.ts(514,56): error TS2345: Argument of type 'string | string[]' is not assignable to parameter of type 'string'.
  Type 'string[]' is not assignable to type 'string'.
server/routes/store.ts(558,69): error TS2345: Argument of type 'string | string[]' is not assignable to parameter of type 'string'.
  Type 'string[]' is not assignable to type 'string'.
server/routes/store.ts(701,64): error TS2345: Argument of type 'string | string[]' is not assignable to parameter of type 'string'.
  Type 'string[]' is not assignable to type 'string'.
server/routes/store.ts(791,62): error TS2345: Argument of type 'string | string[]' is not assignable to parameter of type 'string'.
  Type 'string[]' is not assignable to type 'string'.
server/routes/store.ts(881,63): error TS2345: Argument of type 'string | string[]' is not assignable to parameter of type 'string'.
  Type 'string[]' is not assignable to type 'string'.
server/routes/store.ts(988,65): error TS2345: Argument of type 'string | string[]' is not assignable to parameter of type 'string'.
  Type 'string[]' is not assignable to type 'string'.
server/routes/stripePayment.ts(2,20): error TS2307: Cannot find module 'stripe' or its corresponding type declarations.
server/routes/supabaseConfig.ts(127,30): error TS2339: Property 'user' does not exist on type 'Request<{}, any, any, ParsedQs, Record<string, any>>'.
server/routes/whatsapp-complete.ts(90,5): error TS2740: Type 'Omit<PgSelectBase<"leads", { id: PgColumn<{ name: "id"; tableName: "leads"; dataType: "string"; columnType: "PgUUID"; data: string; driverParam: string; notNull: true; hasDefault: true; isPrimaryKey: true; isAutoincrement: false; ... 4 more ...; generated: undefined; }, {}, {}>; ... 43 more ...; updatedAt: PgColumn<...' is missing the following properties from type 'PgSelectBase<"leads", { id: PgColumn<{ name: "id"; tableName: "leads"; dataType: "string"; columnType: "PgUUID"; data: string; driverParam: string; notNull: true; hasDefault: true; isPrimaryKey: true; isAutoincrement: false; ... 4 more ...; generated: undefined; }, {}, {}>; ... 43 more ...; updatedAt: PgColumn<...>;...': config, joinsNotNullableMap, tableName, isPartialSelect, and 6 more.
server/routes/whatsapp-complete.ts(186,15): error TS2769: No overload matches this call.
  Overload 1 of 2, '(value: { tenantId: string | SQL<unknown> | Placeholder<string, any>; telefone: string | SQL<unknown> | Placeholder<string, any>; telefoneNormalizado: string | SQL<...> | Placeholder<...>; ... 41 more ...; observacoes?: string | ... 1 more ... | Placeholder<...>; }): PgInsertBase<...>', gave the following error.
    Argument of type '{ formStatus: never; qualificationStatus: never; pontuacao: any; }' is not assignable to parameter of type '{ tenantId: string | SQL<unknown> | Placeholder<string, any>; telefone: string | SQL<unknown> | Placeholder<string, any>; telefoneNormalizado: string | SQL<...> | Placeholder<...>; ... 41 more ...; observacoes?: string | ... 1 more ... | Placeholder<...>; }'.
      Type '{ formStatus: never; qualificationStatus: never; pontuacao: any; }' is missing the following properties from type '{ tenantId: string | SQL<unknown> | Placeholder<string, any>; telefone: string | SQL<unknown> | Placeholder<string, any>; telefoneNormalizado: string | SQL<...> | Placeholder<...>; ... 41 more ...; observacoes?: string | ... 1 more ... | Placeholder<...>; }': tenantId, telefone, telefoneNormalizado
  Overload 2 of 2, '(values: { tenantId: string | SQL<unknown> | Placeholder<string, any>; telefone: string | SQL<unknown> | Placeholder<string, any>; telefoneNormalizado: string | SQL<...> | Placeholder<...>; ... 41 more ...; observacoes?: string | ... 1 more ... | Placeholder<...>; }[]): PgInsertBase<...>', gave the following error.
    Argument of type '{ formStatus: never; qualificationStatus: never; pontuacao: any; }' is not assignable to parameter of type '{ tenantId: string | SQL<unknown> | Placeholder<string, any>; telefone: string | SQL<unknown> | Placeholder<string, any>; telefoneNormalizado: string | SQL<...> | Placeholder<...>; ... 41 more ...; observacoes?: string | ... 1 more ... | Placeholder<...>; }[]'.
      Type '{ formStatus: never; qualificationStatus: never; pontuacao: any; }' is missing the following properties from type '{ tenantId: string | SQL<unknown> | Placeholder<string, any>; telefone: string | SQL<unknown> | Placeholder<string, any>; telefoneNormalizado: string | SQL<...> | Placeholder<...>; ... 41 more ...; observacoes?: string | ... 1 more ... | Placeholder<...>; }[]': length, pop, push, concat, and 29 more.
server/routes/whatsapp-complete.ts(231,15): error TS2769: No overload matches this call.
  Overload 1 of 2, '(value: { nome: string | SQL<unknown> | Placeholder<string, any>; cor: string | SQL<unknown> | Placeholder<string, any>; formStatus: string | SQL<unknown> | Placeholder<...>; ... 5 more ...; ativo?: boolean | ... 1 more ... | Placeholder<...>; }): PgInsertBase<...>', gave the following error.
    Argument of type 'Record<string, never>' is not assignable to parameter of type '{ nome: string | SQL<unknown> | Placeholder<string, any>; cor: string | SQL<unknown> | Placeholder<string, any>; formStatus: string | SQL<unknown> | Placeholder<string, any>; ... 5 more ...; ativo?: boolean | ... 1 more ... | Placeholder<...>; }'.
      Type 'Record<string, never>' is missing the following properties from type '{ nome: string | SQL<unknown> | Placeholder<string, any>; cor: string | SQL<unknown> | Placeholder<string, any>; formStatus: string | SQL<unknown> | Placeholder<string, any>; ... 5 more ...; ativo?: boolean | ... 1 more ... | Placeholder<...>; }': nome, cor, formStatus
  Overload 2 of 2, '(values: { nome: string | SQL<unknown> | Placeholder<string, any>; cor: string | SQL<unknown> | Placeholder<string, any>; formStatus: string | SQL<unknown> | Placeholder<...>; ... 5 more ...; ativo?: boolean | ... 1 more ... | Placeholder<...>; }[]): PgInsertBase<...>', gave the following error.
    Argument of type 'Record<string, never>' is not assignable to parameter of type '{ nome: string | SQL<unknown> | Placeholder<string, any>; cor: string | SQL<unknown> | Placeholder<string, any>; formStatus: string | SQL<unknown> | Placeholder<string, any>; ... 5 more ...; ativo?: boolean | ... 1 more ... | Placeholder<...>; }[]'.
      Type 'Record<string, never>' is missing the following properties from type '{ nome: string | SQL<unknown> | Placeholder<string, any>; cor: string | SQL<unknown> | Placeholder<string, any>; formStatus: string | SQL<unknown> | Placeholder<string, any>; ... 5 more ...; ativo?: boolean | ... 1 more ... | Placeholder<...>; }[]': length, pop, push, concat, and 29 more.
server/routes/whatsapp-complete.ts(373,46): error TS2345: Argument of type 'string | string[]' is not assignable to parameter of type 'string'.
  Type 'string[]' is not assignable to type 'string'.
server/routes/whatsapp-complete.ts(401,52): error TS2345: Argument of type 'string | string[]' is not assignable to parameter of type 'string'.
  Type 'string[]' is not assignable to type 'string'.
server/routes/whatsapp-complete.ts(412,32): error TS2345: Argument of type 'string | string[]' is not assignable to parameter of type 'string'.
  Type 'string[]' is not assignable to type 'string'.
server/routes/whatsapp-complete.ts(437,48): error TS2345: Argument of type 'string | string[]' is not assignable to parameter of type 'string'.
  Type 'string[]' is not assignable to type 'string'.
server/routes/whatsapp-complete.ts(465,54): error TS2345: Argument of type 'string | string[]' is not assignable to parameter of type 'string'.
  Type 'string[]' is not assignable to type 'string'.
server/routes/whatsapp-complete.ts(476,33): error TS2345: Argument of type 'string | string[]' is not assignable to parameter of type 'string'.
  Type 'string[]' is not assignable to type 'string'.
server/routes/workspace.ts(79,40): error TS2339: Property 'user' does not exist on type 'Request<ParamsDictionary, any, any, ParsedQs, Record<string, any>>'.
server/routes/workspace.ts(259,40): error TS2339: Property 'user' does not exist on type 'Request<ParamsDictionary, any, any, ParsedQs, Record<string, any>>'.
server/routes/workspace.ts(335,40): error TS2339: Property 'user' does not exist on type 'Request<ParamsDictionary, any, any, ParsedQs, Record<string, any>>'.
server/routes/workspace.ts(506,40): error TS2339: Property 'user' does not exist on type 'Request<ParamsDictionary, any, any, ParsedQs, Record<string, any>>'.
server/routes/workspace.ts(522,28): error TS2538: Type 'string[]' cannot be used as an index type.
server/routes/workspace.ts(543,72): error TS2538: Type 'string[]' cannot be used as an index type.
server/routes/workspace.ts(543,79): error TS2345: Argument of type 'string | string[]' is not assignable to parameter of type 'string'.
  Type 'string[]' is not assignable to type 'string'.
server/routes/workspace.ts(562,30): error TS2339: Property 'user' does not exist on type 'Request<ParamsDictionary, any, any, ParsedQs, Record<string, any>>'.
server/routes/workspace.ts(588,30): error TS2339: Property 'user' does not exist on type 'Request<ParamsDictionary, any, any, ParsedQs, Record<string, any>>'.
server/routes/workspace.ts(620,30): error TS2339: Property 'user' does not exist on type 'Request<ParamsDictionary, any, any, ParsedQs, Record<string, any>>'.
server/routes/workspace.ts(860,40): error TS2339: Property 'user' does not exist on type 'Request<ParamsDictionary, any, any, ParsedQs, Record<string, any>>'.
server/routes/workspace.ts(872,32): error TS2304: Cannot find name 'getDynamicSupabaseClient'.
server/routes/workspace.ts(941,30): error TS2304: Cannot find name 'getDynamicSupabaseClient'.
server/routes/workspace.ts(1032,40): error TS2339: Property 'user' does not exist on type 'Request<ParamsDictionary, any, any, ParsedQs, Record<string, any>>'.
server/routes/workspace.ts(1034,28): error TS2304: Cannot find name 'getDynamicSupabaseClient'.
server/routes/workspace.ts(1085,30): error TS2339: Property 'user' does not exist on type 'Request<ParamsDictionary, any, any, ParsedQs, Record<string, any>>'.
server/routes/workspace.ts(1093,28): error TS2304: Cannot find name 'getDynamicSupabaseClient'.
server/routes/workspace.ts(1247,11): error TS2304: Cannot find name 'sql'.
server/services/assinatura-supabase.ts(415,34): error TS2551: Property 'contract_title' does not exist on type 'AssinaturaGlobalConfig'. Did you mean 'contract_html'?
server/services/assinatura-supabase.ts(416,27): error TS2339: Property 'clauses' does not exist on type 'AssinaturaGlobalConfig'.
server/services/init.ts(2,10): error TS2724: '"@shared/schema"' has no exported member named 'tenants'. Did you mean 'Tenant'?
server/services/init.ts(2,26): error TS2305: Module '"@shared/schema"' has no exported member 'usuariosTenant'.
server/services/init.ts(91,23): error TS2339: Property 'username' does not exist on type 'PgTableWithColumns<{ name: "users"; schema: undefined; columns: { id: PgColumn<{ name: "id"; tableName: "users"; dataType: "string"; columnType: "PgText"; data: string; driverParam: string; notNull: true; hasDefault: false; ... 6 more ...; generated: undefined; }, {}, {}>; ... 5 more ...; updatedAt: PgColumn<...>; }...'.
server/services/init.ts(100,11): error TS2769: No overload matches this call.
  Overload 1 of 2, '(value: { id: string | SQL<unknown> | Placeholder<string, any>; tenantId: string | SQL<unknown> | Placeholder<string, any>; email: string | SQL<unknown> | Placeholder<...>; name?: string | ... 1 more ... | Placeholder<...>; createdAt?: SQL<...> | ... 1 more ... | Placeholder<...>; updatedAt?: SQL<...> | ... 1 more ... | Placeholder<...>; role?: string | ... 1 more ... | Placeholder<...>; }): PgInsertBase<...>', gave the following error.
    Object literal may only specify known properties, and 'username' does not exist in type '{ id: string | SQL<unknown> | Placeholder<string, any>; tenantId: string | SQL<unknown> | Placeholder<string, any>; email: string | SQL<unknown> | Placeholder<string, any>; name?: string | ... 1 more ... | Placeholder<...>; createdAt?: SQL<...> | ... 1 more ... | Placeholder<...>; updatedAt?: SQL<...> | ... 1 more ....'.
  Overload 2 of 2, '(values: { id: string | SQL<unknown> | Placeholder<string, any>; tenantId: string | SQL<unknown> | Placeholder<string, any>; email: string | SQL<unknown> | Placeholder<...>; name?: string | ... 1 more ... | Placeholder<...>; createdAt?: SQL<...> | ... 1 more ... | Placeholder<...>; updatedAt?: SQL<...> | ... 1 more ... | Placeholder<...>; role?: string | ... 1 more ... | Placeholder<...>; }[]): PgInsertBase<...>', gave the following error.
    Object literal may only specify known properties, and 'username' does not exist in type '{ id: string | SQL<unknown> | Placeholder<string, any>; tenantId: string | SQL<unknown> | Placeholder<string, any>; email: string | SQL<unknown> | Placeholder<string, any>; name?: string | ... 1 more ... | Placeholder<...>; createdAt?: SQL<...> | ... 1 more ... | Placeholder<...>; updatedAt?: SQL<...> | ... 1 more ....'.
server/services/IntegrationListeners.ts(100,56): error TS2554: Expected 1 arguments, but got 2.
server/services/IntegrationListeners.ts(116,58): error TS2554: Expected 1 arguments, but got 2.
server/services/IntegrationListeners.ts(132,55): error TS2554: Expected 1 arguments, but got 2.
server/services/IntegrationListeners.ts(241,42): error TS2769: No overload matches this call.
  Overload 1 of 2, '(value: { userId: string | SQL<unknown> | Placeholder<string, any>; tenantId: string | SQL<unknown> | Placeholder<string, any>; itemId: string | SQL<unknown> | Placeholder<...>; id?: number | ... 1 more ... | Placeholder<...>; createdAt?: SQL<...> | ... 1 more ... | Placeholder<...>; connectorId?: string | ... 1 more ... | Placeholder<...>; }): PgInsertBase<...>', gave the following error.
    Object literal may only specify known properties, and 'connectorName' does not exist in type '{ userId: string | SQL<unknown> | Placeholder<string, any>; tenantId: string | SQL<unknown> | Placeholder<string, any>; itemId: string | SQL<unknown> | Placeholder<...>; id?: number | ... 1 more ... | Placeholder<...>; createdAt?: SQL<...> | ... 1 more ... | Placeholder<...>; connectorId?: string | ... 1 more ... | ...'.
  Overload 2 of 2, '(values: { userId: string | SQL<unknown> | Placeholder<string, any>; tenantId: string | SQL<unknown> | Placeholder<string, any>; itemId: string | SQL<unknown> | Placeholder<...>; id?: number | ... 1 more ... | Placeholder<...>; createdAt?: SQL<...> | ... 1 more ... | Placeholder<...>; connectorId?: string | ... 1 more ... | Placeholder<...>; }[]): PgInsertBase<...>', gave the following error.
    Object literal may only specify known properties, and 'userId' does not exist in type '{ userId: string | SQL<unknown> | Placeholder<string, any>; tenantId: string | SQL<unknown> | Placeholder<string, any>; itemId: string | SQL<unknown> | Placeholder<...>; id?: number | ... 1 more ... | Placeholder<...>; createdAt?: SQL<...> | ... 1 more ... | Placeholder<...>; connectorId?: string | ... 1 more ... | ...'.
server/services/IntegrationListeners.ts(253,11): error TS2353: Object literal may only specify known properties, and 'connectorName' does not exist in type 'PgUpdateSetSource<PgTableWithColumns<{ name: "pluggy_connections"; schema: undefined; columns: { id: PgColumn<{ name: "id"; tableName: "pluggy_connections"; dataType: "number"; columnType: "PgSerial"; data: number; driverParam: number; ... 8 more ...; generated: undefined; }, {}, {}>; ... 4 more ...; createdAt: PgCo...'.
server/services/NotificationService.ts(410,83): error TS2341: Property 'getUserSettings' is private and only accessible within class 'NotificationService'.
server/services/totalExpressService.ts(385,13): error TS2339: Property 'user' does not exist on type 'Promise<{ user?: string; pass?: string; reid?: string; service: string; testMode: boolean; profitMargin: number; }>'.
server/services/totalExpressService.ts(385,19): error TS2339: Property 'pass' does not exist on type 'Promise<{ user?: string; pass?: string; reid?: string; service: string; testMode: boolean; profitMargin: number; }>'.
server/services/totalExpressService.ts(385,25): error TS2339: Property 'reid' does not exist on type 'Promise<{ user?: string; pass?: string; reid?: string; service: string; testMode: boolean; profitMargin: number; }>'.
server/services/totalExpressService.ts(385,31): error TS2339: Property 'service' does not exist on type 'Promise<{ user?: string; pass?: string; reid?: string; service: string; testMode: boolean; profitMargin: number; }>'.
server/services/totalExpressService.ts(463,33): error TS2339: Property 'getBasicAuthHeader' does not exist on type 'TotalExpressService'.
server/services/totalExpressService.ts(543,13): error TS2339: Property 'user' does not exist on type 'Promise<{ user?: string; pass?: string; reid?: string; service: string; testMode: boolean; profitMargin: number; }>'.
server/services/totalExpressService.ts(543,19): error TS2339: Property 'pass' does not exist on type 'Promise<{ user?: string; pass?: string; reid?: string; service: string; testMode: boolean; profitMargin: number; }>'.
server/services/totalExpressService.ts(543,25): error TS2339: Property 'reid' does not exist on type 'Promise<{ user?: string; pass?: string; reid?: string; service: string; testMode: boolean; profitMargin: number; }>'.
server/services/totalExpressService.ts(543,31): error TS2339: Property 'service' does not exist on type 'Promise<{ user?: string; pass?: string; reid?: string; service: string; testMode: boolean; profitMargin: number; }>'.
server/services/totalExpressService.ts(587,33): error TS2339: Property 'getBasicAuthHeader' does not exist on type 'TotalExpressService'.
server/services/totalExpressService.ts(644,13): error TS2339: Property 'user' does not exist on type 'Promise<{ user?: string; pass?: string; reid?: string; service: string; testMode: boolean; profitMargin: number; }>'.
server/services/totalExpressService.ts(644,19): error TS2339: Property 'pass' does not exist on type 'Promise<{ user?: string; pass?: string; reid?: string; service: string; testMode: boolean; profitMargin: number; }>'.
server/services/totalExpressService.ts(644,25): error TS2339: Property 'reid' does not exist on type 'Promise<{ user?: string; pass?: string; reid?: string; service: string; testMode: boolean; profitMargin: number; }>'.
server/services/totalExpressService.ts(644,31): error TS2339: Property 'service' does not exist on type 'Promise<{ user?: string; pass?: string; reid?: string; service: string; testMode: boolean; profitMargin: number; }>'.
server/services/totalExpressService.ts(684,33): error TS2339: Property 'getBasicAuthHeader' does not exist on type 'TotalExpressService'.
server/services/totalExpressService.ts(742,13): error TS2339: Property 'user' does not exist on type 'Promise<{ user?: string; pass?: string; reid?: string; service: string; testMode: boolean; profitMargin: number; }>'.
server/services/totalExpressService.ts(742,19): error TS2339: Property 'pass' does not exist on type 'Promise<{ user?: string; pass?: string; reid?: string; service: string; testMode: boolean; profitMargin: number; }>'.
server/services/totalExpressService.ts(742,25): error TS2339: Property 'reid' does not exist on type 'Promise<{ user?: string; pass?: string; reid?: string; service: string; testMode: boolean; profitMargin: number; }>'.
server/services/totalExpressService.ts(742,31): error TS2339: Property 'service' does not exist on type 'Promise<{ user?: string; pass?: string; reid?: string; service: string; testMode: boolean; profitMargin: number; }>'.
server/services/totalExpressService.ts(773,33): error TS2339: Property 'getBasicAuthHeader' does not exist on type 'TotalExpressService'.
server/services/UnifiedNotificationService.ts(96,48): error TS2554: Expected 3 arguments, but got 2.
server/storage/kanbanStorage.ts(57,17): error TS2769: No overload matches this call.
  Overload 1 of 2, '(value: { email: string | SQL<unknown> | Placeholder<string, any>; name: string | SQL<unknown> | Placeholder<string, any>; phone: string | SQL<unknown> | Placeholder<string, any>; ... 5 more ...; updatedAt?: SQL<...> | ... 1 more ... | Placeholder<...>; }): PgInsertBase<...>', gave the following error.
    Argument of type 'Record<string, never>' is not assignable to parameter of type '{ email: string | SQL<unknown> | Placeholder<string, any>; name: string | SQL<unknown> | Placeholder<string, any>; phone: string | SQL<unknown> | Placeholder<string, any>; ... 5 more ...; updatedAt?: SQL<...> | ... 1 more ... | Placeholder<...>; }'.
      Type 'Record<string, never>' is missing the following properties from type '{ email: string | SQL<unknown> | Placeholder<string, any>; name: string | SQL<unknown> | Placeholder<string, any>; phone: string | SQL<unknown> | Placeholder<string, any>; ... 5 more ...; updatedAt?: SQL<...> | ... 1 more ... | Placeholder<...>; }': email, name, phone, status, and 2 more.
  Overload 2 of 2, '(values: { email: string | SQL<unknown> | Placeholder<string, any>; name: string | SQL<unknown> | Placeholder<string, any>; phone: string | SQL<unknown> | Placeholder<string, any>; ... 5 more ...; updatedAt?: SQL<...> | ... 1 more ... | Placeholder<...>; }[]): PgInsertBase<...>', gave the following error.
    Argument of type 'Record<string, never>' is not assignable to parameter of type '{ email: string | SQL<unknown> | Placeholder<string, any>; name: string | SQL<unknown> | Placeholder<string, any>; phone: string | SQL<unknown> | Placeholder<string, any>; ... 5 more ...; updatedAt?: SQL<...> | ... 1 more ... | Placeholder<...>; }[]'.
      Type 'Record<string, never>' is missing the following properties from type '{ email: string | SQL<unknown> | Placeholder<string, any>; name: string | SQL<unknown> | Placeholder<string, any>; phone: string | SQL<unknown> | Placeholder<string, any>; ... 5 more ...; updatedAt?: SQL<...> | ... 1 more ... | Placeholder<...>; }[]': length, pop, push, concat, and 29 more.
shared/db-schema.ts(1167,3): error TS2322: Type 'true' is not assignable to type 'never'.
shared/db-schema.ts(1168,3): error TS2322: Type 'true' is not assignable to type 'never'.
shared/db-schema.ts(1169,3): error TS2322: Type 'true' is not assignable to type 'never'.
shared/db-schema.ts(1173,3): error TS2322: Type 'true' is not assignable to type 'never'.
shared/db-schema.ts(1174,3): error TS2322: Type 'true' is not assignable to type 'never'.
shared/db-schema.ts(1175,3): error TS2322: Type 'true' is not assignable to type 'never'.
shared/db-schema.ts(1179,3): error TS2322: Type 'true' is not assignable to type 'never'.
shared/db-schema.ts(1180,3): error TS2322: Type 'true' is not assignable to type 'never'.
shared/db-schema.ts(1181,3): error TS2322: Type 'true' is not assignable to type 'never'.
shared/db-schema.ts(1185,3): error TS2322: Type 'true' is not assignable to type 'never'.
shared/db-schema.ts(1186,3): error TS2322: Type 'true' is not assignable to type 'never'.
shared/db-schema.ts(1187,3): error TS2322: Type 'true' is not assignable to type 'never'.
shared/db-schema.ts(1191,3): error TS2322: Type 'true' is not assignable to type 'never'.
shared/db-schema.ts(1192,3): error TS2322: Type 'true' is not assignable to type 'never'.
shared/db-schema.ts(1193,3): error TS2322: Type 'true' is not assignable to type 'never'.
shared/db-schema.ts(1197,3): error TS2322: Type 'true' is not assignable to type 'never'.
shared/db-schema.ts(1198,3): error TS2322: Type 'true' is not assignable to type 'never'.
shared/db-schema.ts(1199,3): error TS2322: Type 'true' is not assignable to type 'never'.
shared/db-schema.ts(1203,3): error TS2322: Type 'true' is not assignable to type 'never'.
shared/db-schema.ts(1204,3): error TS2322: Type 'true' is not assignable to type 'never'.
shared/db-schema.ts(1205,3): error TS2322: Type 'true' is not assignable to type 'never'.
shared/db-schema.ts(1209,3): error TS2322: Type 'true' is not assignable to type 'never'.
shared/db-schema.ts(1210,3): error TS2322: Type 'true' is not assignable to type 'never'.
shared/db-schema.ts(1211,3): error TS2322: Type 'true' is not assignable to type 'never'.
shared/db-schema.ts(1215,3): error TS2322: Type 'true' is not assignable to type 'never'.
shared/db-schema.ts(1216,3): error TS2322: Type 'true' is not assignable to type 'never'.
shared/db-schema.ts(1217,3): error TS2322: Type 'true' is not assignable to type 'never'.
shared/db-schema.ts(1221,3): error TS2322: Type 'true' is not assignable to type 'never'.
shared/db-schema.ts(1222,3): error TS2322: Type 'true' is not assignable to type 'never'.
shared/db-schema.ts(1226,3): error TS2322: Type 'true' is not assignable to type 'never'.
shared/db-schema.ts(1227,3): error TS2322: Type 'true' is not assignable to type 'never'.
shared/db-schema.ts(1228,3): error TS2322: Type 'true' is not assignable to type 'never'.
shared/db-schema.ts(1232,3): error TS2322: Type 'true' is not assignable to type 'never'.
shared/db-schema.ts(1233,3): error TS2322: Type 'true' is not assignable to type 'never'.
shared/db-schema.ts(1234,3): error TS2322: Type 'true' is not assignable to type 'never'.
shared/db-schema.ts(1287,3): error TS2322: Type 'true' is not assignable to type 'never'.
shared/db-schema.ts(1288,3): error TS2322: Type 'true' is not assignable to type 'never'.
shared/db-schema.ts(1289,3): error TS2322: Type 'true' is not assignable to type 'never'.
shared/db-schema.ts(1538,3): error TS2322: Type 'true' is not assignable to type 'never'.
shared/db-schema.ts(1539,3): error TS2322: Type 'true' is not assignable to type 'never'.
shared/db-schema.ts(1540,3): error TS2322: Type 'true' is not assignable to type 'never'.
shared/db-schema.ts(1544,3): error TS2322: Type 'true' is not assignable to type 'never'.
shared/db-schema.ts(1548,3): error TS2322: Type 'true' is not assignable to type 'never'.
shared/db-schema.ts(1552,3): error TS2322: Type 'true' is not assignable to type 'never'.
shared/db-schema.ts(1556,3): error TS2322: Type 'true' is not assignable to type 'never'.
shared/db-schema.ts(1557,3): error TS2322: Type 'true' is not assignable to type 'never'.
shared/db-schema.ts(1561,3): error TS2322: Type 'true' is not assignable to type 'never'.
shared/db-schema.ts(1562,3): error TS2322: Type 'true' is not assignable to type 'never'.
shared/db-schema.ts(1563,3): error TS2322: Type 'true' is not assignable to type 'never'.
shared/db-schema.ts(1569,11): error TS2322: Type 'true' is not assignable to type 'never'.
shared/db-schema.ts(1569,21): error TS2322: Type 'true' is not assignable to type 'never'.
shared/db-schema.ts(1574,11): error TS2322: Type 'true' is not assignable to type 'never'.
shared/db-schema.ts(1581,14): error TS2554: Expected 2-3 arguments, but got 1.
shared/db-schema.ts(1584,3): error TS2322: Type 'true' is not assignable to type 'never'.
shared/db-schema.ts(1585,3): error TS2322: Type 'true' is not assignable to type 'never'.
shared/db-schema.ts(1586,3): error TS2322: Type 'true' is not assignable to type 'never'.
shared/db-schema.ts(1587,3): error TS2322: Type 'true' is not assignable to type 'never'.
shared/db-schema.ts(1593,11): error TS2322: Type 'true' is not assignable to type 'never'.
shared/db-schema.ts(1593,21): error TS2322: Type 'true' is not assignable to type 'never'.
shared/db-schema.ts(1596,3): error TS2322: Type 'true' is not assignable to type 'never'.
shared/db-schema.ts(1597,3): error TS2322: Type 'true' is not assignable to type 'never'.
shared/db-schema.ts(1655,3): error TS2322: Type 'true' is not assignable to type 'never'.
shared/db-schema.ts(1656,3): error TS2322: Type 'true' is not assignable to type 'never'.
shared/db-schema.ts(1657,3): error TS2322: Type 'true' is not assignable to type 'never'.
shared/db-schema.ts(1700,3): error TS2322: Type 'true' is not assignable to type 'never'.
shared/db-schema.ts(1701,3): error TS2322: Type 'true' is not assignable to type 'never'.
shared/db-schema.ts(1702,3): error TS2322: Type 'true' is not assignable to type 'never'.
shared/db-schema.ts(2212,3): error TS2322: Type 'true' is not assignable to type 'never'.
shared/db-schema.ts(2213,3): error TS2322: Type 'true' is not assignable to type 'never'.
shared/db-schema.ts(2214,3): error TS2322: Type 'true' is not assignable to type 'never'.
shared/db-schema.ts(2218,3): error TS2322: Type 'true' is not assignable to type 'never'.
shared/db-schema.ts(2219,3): error TS2322: Type 'true' is not assignable to type 'never'.
shared/db-schema.ts(2223,3): error TS2322: Type 'true' is not assignable to type 'never'.
shared/db-schema.ts(2224,3): error TS2322: Type 'true' is not assignable to type 'never'.
shared/db-schema.ts(2225,3): error TS2322: Type 'true' is not assignable to type 'never'.
shared/db-schema.ts(2229,3): error TS2322: Type 'true' is not assignable to type 'never'.
shared/db-schema.ts(2230,3): error TS2322: Type 'true' is not assignable to type 'never'.
shared/db-schema.ts(2234,3): error TS2322: Type 'true' is not assignable to type 'never'.
shared/db-schema.ts(2235,3): error TS2322: Type 'true' is not assignable to type 'never'.
shared/db-schema.ts(2236,3): error TS2322: Type 'true' is not assignable to type 'never'.
shared/db-schema.ts(2240,3): error TS2322: Type 'true' is not assignable to type 'never'.
shared/db-schema.ts(2241,3): error TS2322: Type 'true' is not assignable to type 'never'.
shared/db-schema.ts(2242,3): error TS2322: Type 'true' is not assignable to type 'never'.
shared/db-schema.ts(2246,3): error TS2322: Type 'true' is not assignable to type 'never'.
shared/db-schema.ts(2247,3): error TS2322: Type 'true' is not assignable to type 'never'.
shared/db-schema.ts(2248,3): error TS2322: Type 'true' is not assignable to type 'never'.
shared/db-schema.ts(2252,3): error TS2322: Type 'true' is not assignable to type 'never'.
shared/db-schema.ts(2253,3): error TS2322: Type 'true' is not assignable to type 'never'.
shared/db-schema.ts(2257,3): error TS2322: Type 'true' is not assignable to type 'never'.
shared/db-schema.ts(2258,3): error TS2322: Type 'true' is not assignable to type 'never'.
shared/db-schema.ts(2259,3): error TS2322: Type 'true' is not assignable to type 'never'.
shared/db-schema.ts(2263,3): error TS2322: Type 'true' is not assignable to type 'never'.
shared/db-schema.ts(2264,3): error TS2322: Type 'true' is not assignable to type 'never'.
shared/db-schema.ts(2265,3): error TS2322: Type 'true' is not assignable to type 'never'.
shared/db-schema.ts(2408,3): error TS2322: Type 'true' is not assignable to type 'never'.
shared/db-schema.ts(2409,3): error TS2322: Type 'true' is not assignable to type 'never'.
shared/db-schema.ts(2410,3): error TS2322: Type 'true' is not assignable to type 'never'.
shared/db-schema.ts(2414,3): error TS2322: Type 'true' is not assignable to type 'never'.
shared/db-schema.ts(2415,3): error TS2322: Type 'true' is not assignable to type 'never'.
shared/db-schema.ts(2419,3): error TS2322: Type 'true' is not assignable to type 'never'.
shared/db-schema.ts(2420,3): error TS2322: Type 'true' is not assignable to type 'never'.
shared/db-schema.ts(2421,3): error TS2322: Type 'true' is not assignable to type 'never'.
shared/formularios/schema.ts(139,3): error TS2322: Type 'true' is not assignable to type 'never'.
shared/formularios/schema.ts(140,3): error TS2322: Type 'true' is not assignable to type 'never'.
shared/formularios/schema.ts(141,3): error TS2322: Type 'true' is not assignable to type 'never'.
shared/formularios/schema.ts(145,3): error TS2322: Type 'true' is not assignable to type 'never'.
shared/formularios/schema.ts(146,3): error TS2322: Type 'true' is not assignable to type 'never'.
shared/formularios/schema.ts(147,3): error TS2322: Type 'true' is not assignable to type 'never'.
shared/formularios/schema.ts(151,3): error TS2322: Type 'true' is not assignable to type 'never'.
shared/formularios/schema.ts(152,3): error TS2322: Type 'true' is not assignable to type 'never'.
shared/formularios/schema.ts(153,3): error TS2322: Type 'true' is not assignable to type 'never'.
shared/formularios/schema.ts(157,3): error TS2322: Type 'true' is not assignable to type 'never'.
shared/formularios/schema.ts(158,3): error TS2322: Type 'true' is not assignable to type 'never'.
shared/formularios/schema.ts(159,3): error TS2322: Type 'true' is not assignable to type 'never'.
shared/formularios/schema.ts(175,3): error TS2322: Type 'true' is not assignable to type 'never'.
shared/formularios/schema.ts(176,3): error TS2322: Type 'true' is not assignable to type 'never'.
shared/formularios/schema.ts(177,3): error TS2322: Type 'true' is not assignable to type 'never'.
shared/formularios/schema.ts(197,3): error TS2322: Type 'true' is not assignable to type 'never'.
shared/formularios/schema.ts(198,3): error TS2322: Type 'true' is not assignable to type 'never'.
shared/formularios/schema.ts(292,3): error TS2322: Type 'true' is not assignable to type 'never'.
shared/formularios/schema.ts(293,3): error TS2322: Type 'true' is not assignable to type 'never'.
shared/formularios/schema.ts(294,3): error TS2322: Type 'true' is not assignable to type 'never'.
shared/formularios/schema.ts(340,3): error TS2322: Type 'true' is not assignable to type 'never'.
shared/formularios/schema.ts(341,3): error TS2322: Type 'true' is not assignable to type 'never'.
shared/formularios/schema.ts(342,3): error TS2322: Type 'true' is not assignable to type 'never'.
shared/formularios/schema.ts(372,3): error TS2322: Type 'true' is not assignable to type 'never'.
shared/formularios/schema.ts(373,3): error TS2322: Type 'true' is not assignable to type 'never'.
shared/formularios/schema.ts(410,3): error TS2322: Type 'true' is not assignable to type 'never'.
shared/formularios/schema.ts(411,3): error TS2322: Type 'true' is not assignable to type 'never'.
shared/formularios/schema.ts(412,3): error TS2322: Type 'true' is not assignable to type 'never'.
